COMP40 Compressed image format 2
552 414
|[t[l  [l  [p @[x @[|  [  [  [ @[ [ [  [  [  ]  ]  [  [ @] @] @]  ]  ] @]  _  _  _  _  ?  ?  ?  ?  ??? ===  =  = = = = ==|=x[l[l  ]d}P{L  {H  @<8  8  40 0  4@<  <  <  D @L @yX @y` @yh  yl  yp  yl  yh{_{SH  D  D  L @{X @{d  yp Y @[  [  ;  ;  ;  ;@;  [  [  [ @] @}  }  }{{]  ]] @] [ [  {  {  {  {           @ @    @  { }  }}  }  }  }  ]  ]  ]  ]==x =x  =x  =x  =|  =| =| =x=t ]l[d[\[P{H{D{@  @  D  yL @{P  {T  [T]`A}" }@       {  [  [  [ @;  ;  ;  ;  ==  =  =  =  =  =  =|]p[l  [h[d  [d  [x [ @[ @[  ] @] @]  ]][  [  [[  ;  ;  ;  ;;t;t  ;x  ;x  [ [ [x  [|  [|  [|  [|  [x  [t  [p[h  [k[c[c [_[X  [\ @[`  [d  [h @[l  [l  ]p  [p @[x  [t ]p  ]t  ]t  ]p  {l  {l  {l  {l @[t  [t  [p  [x @[  [  [ @[ @[ @[  ]  ]  ]  ]  ==  =  =  =  =  =  =  =  =  =  =  === =  =x=t  ;p ;{[s[k [h  [p @[x @[  [  [  [  [  [  [  [  [  ]  ]  [  [ @]  ] @]  ]  ] @]  _  _  _  _  ?  ?  ?  ?  ? ??= =  = = = = = = ==]|[p[l  ]`}P{H  {H  D@  <  <  8  4  4  <@@  @  @  D @L @yT @y` @yh  yl  yl  yl  yd{X{LD  @  @  H @{T @{d @yp @Y| @[ @[  ;  ;  ; ; ; [  [  [ @] @}  }  }   {{}]  ]]@]@[@[ { { {@{ @           @ @      {  {  }  }}}  }}  ]  ]  ]  ]  = ] ]x  =x = = = =  ==x  ]p[h[`[X{L{D{D  D  H  {L @{P @{T  [X]l!A}!} @           {  [  [  [ @;  ;  ;  ;  ==  =  =  =  =  ==|]p[l  [h[`  [d @[x [@[ @[  ] @] @]  ]  ][  [  ;;|  ;@; @;  ;;s ;t @;x  ;x  [x  [x  [x  [x  [|  [|  [|  [t  {p{l{d  {_{[ {[ {T  {W {[@{_ {`  {d @[h  [l  ]p @]t @[| [| ]x ]x  ]t  ]p[l  {k {h  {l @[t @[t  [t  [x @[  [ @[ @[ @[  [  ]  ]  ]  ]  ==  =  =  =  =  =  =  =  =  =  =  =====x=x  ;x@;s[k[d  [l @[t @[| @[  [  [  [  [  [  [  [  [  ]  ]  [  ] @]  ] @] @]  ]  ]  _ @_  ?  ?  ?  ?  ?  ??? ?  ? = = = = = ==  ==]]t[l[\{P{H{H  D@  <  8  4  4  8  @ @  @  D  D@L @yT @y` @yh  yl  yl  yh  yd  {\{L@<  <  D {T @{d @yp @Y| @[ @[ @;  ;  ; @;  [  [  [ [ @}  }  }  }    }}]]  ]|]w ]x  [ [ {  {|  {  { @{    {  {  {  { @} @}  } }{{ @{  {  }}}  }  ]  ] ]] ] ] ] ] ]@= = = = ==|  ]t[l[h[\{P  {L{H  {H  {H  {L  {T @{\  ]`]1} @       } {  [  [  [ @;  ;  ;  ;  =  =  =  =  =  =  ==x]p[l  [h[d  [d @[| [@[@[ ] ] ]  ] ][[  ;;x  ;x  ; ; ;t[l  [p @[t  [t @[|  [|[t[w [w [w [w [t  {s{k{c {T{S {S {S {S {S {W@{_ {c@[h @[l @]t @]x @[ @] ] ]| ]x ]t]l{h  [h  [l @[x @[x  [|  [|  [  [ @[ @[ @[ [  ]  ]  ]  ]  =  =  =  ==  =  = @=  =  =  =  =  ====|  =x  =| ;  ;l;d[d @[p @[t @[| @[  [  [  [ [  [  [  [  [  ]  ]  ]  ]  ]  ] @] @]  ]  ]  ? @?  ?  ? ?  ??? ?  ?  ?  ? =@= = = = ==]]]]|[l[\{T{L{D  @  <  <  <  8  <  @  D D  D H @H  P  yT @yd @yh  yl  yl  yh  y`  {X{L@8  <  D @{T @{` yp @Yx @[ @[ @;;  ; @;  [  [  [ @[ @}  }  } @}  }  }}]]  ]x]p  ]s [w [{@{  {|  {|  {  {  {  {  {  {  { @{ @} @}  }{  { @{  {  }  }}  }  ]  ]  ]] ] ]  ] ] ]@] =  = = =]  ]t[p[h[\{T{L{H  {L  {L  {L  {T @[\ @]hA]!} @ @    @  }{  [  [ @[ @;  ;;  ;  =  =  =  =  =  =  ==x]t  [h  [g[`  [g [| [ @[ @[ ]  ]  ]  ]  ][[  ;;|;t  ;x  [x  [p[l  [p  [p  [t  [w [w [t  [p  {p  {p  {p  {o {k{c{[ {P{L  {O {K {H  {H  {L @{T @{\ @{d @[l @]t @]x @[ @]  ]  ]  ]  ]x]p[h  [h  [p @[t @[|  [|  [  [  [ @[ @[  [  [  ] @]  ]  =  =  =  =  === @= @=  =  =  =  =  ====  = = ;  ;l  ;h;h @;p @;x  [|  [ @[  [  [  [  [  [  [  [  ]  ] ]  ] ]  ] ] @=  =  =  ? @?@? ?  ? ???  ?  ?@? ? ? ? ? ?  ]  ]]]]]]]p[`{T{H{H@<  <  @8  <@D@H  H  H @P  P  {P  {X@{d@{p [p {p {l  {d{\  {P@  <  <  D @{T @{` @yl @Yx @[ @[  ;  ;  ; @; [  [ @[ @[  }  }  }  }  }  }}]  ]]s]h  [l  [p  [t  [{ {x  {|  {  {  {  {  { @{  {  {@{@}}  {@{@}   }  }  }  } } }  ]  ]  ] ] ] ] ] ] ]  ==  =]]|[p[h[`{X{P{L  {P  {P  {T  {X @[`  ]!}  @  @ { {[ [ [ @;@;  ;  ;  =  =  =  =  =  =  ==t]l[h[d  [`[` @[| [ @[ @[  ]  }  ]  ]  ][  [  ;;|[t  [t @[x  [l  [l  [p  [p  [w [w [t  [p  {l{h  {h  {h  {d  {`{X{P  {L  {L  {H  {H  {D  {D  {H @{P @{X @{d @[l @]t @]| @] @]  ]  ]]  ]|]t]p  [l  [p @[x @[  [  [ [ [  [ @[ @[  [  ] @]  =  =  ==  = ==  = @=  =  =  =  =  =  ===  = =  =  ;  ;l  ;l ;l@;t ;x  [| @[  [  [  [  [  [ [  [  [  ]  ]|  ]  ]  ]  ] @= @=  =  =  ?  ?  ?  ? ???  ?  ?@?@?@? ? _ _ _  _  ]]]]]]|]p[`{T{H{D  @<  <  @  @  D @H  H  H  L @{P  {P @{X @{`@{l@[t [x [x  [t[h{\{P@  <  @  D @{T @{` @yl @Yx @[ @[  ;  ;  ; @;  [  [ @[  [@] @}  }  }  }  }]]]]h[d  [h  [l  [p  [w {t  {x  {|  {  {  {  {  {  { {@{ {}@00       /  /   }}  ] ] ] ] ] ]  ]  ]  ==]]|[p[h[`{X  {P{P  {P  {T {X [\  ]h]!@}@ @      @  { {{ [ [;  ; ; ; = = = =  =  =  ==t]l[h[_ [\  [` @[x [ [ @[  ]  }  }]  ][[  ;;|[t  [t  [t  [p[l  [l  [o [o [o [s {o {o{g {g {g {c {[{S{O {K {G {D  {D  {@  {@  {D @{L @{T @{` @[h @]p @]x @] @] @] __ ]]x]t [t  [t @[| @[  [ @[  [ [  [ @[ @[  [  ]  =  =  =  =  ==  ==  = @=  =  =  =  =  =  ]== = = =  ;  ;l  ;p ;t  ;x  ;x  ;| @[  [  [  [  [  [  [  [  [  ]  ]  ]|  ]  ]  ] @= @=  =  ? ?  ?  ? ? ??  ?  ? ?@?@?  _  _  _  _  _  _  ]]]]]]{]s[_{O{D{D  @  @ <  @  D  H  H  H  L {P {T {T @{\@{d@[p @[x  [|  [|[t[l{`{PD  @ D H @{T @{d @yl @Yt @[ @[ @;  ;  ; ;  [  [  [  [ @]@] }  }  ]]]w]h[d  [l  [l  [l  [p  {p  {t  {t @{x  {|  { @{  {  { { {@{@{     0 ?0 @ ?0 ?/   _  _ _  ]  ]]  ]]]]]|[p[h[`[W {T  {T {T {X  [`@[d ]|1]} @      @ { {{  {  [  [;; ; ; = ] = =|  = = ={]s]k [g[X  [X  {` @[x [ [ @[  }  }  }]  ][  [  [[|[t  [t  [p  [l  [h  [h  [h  [h  [l  [h  {k {g{_ {[ {[ {[ SKD  @  D  D  D  D  @  D @{H  {T @{\ @{d @]p @]x @] @] @=  ??]]|]|  [x  [x  [|  [| @[ @[ @[  [  [  [ @[  [  ]  =  =  =  =  ==  =  =  = @=  =  =  =  =  =  ]== =  ==;  ;l  ;t @;x  ;t  ;t  ;| @[  [  [  [  [  [  [  [  []|  ]|  ]|  ] @]  = @=@= ? ?  ?  ? ? ? ?  ?  ?  ? ?@? @?  _  _        _  _]]]]|]p]g[W{L  {H yD  D  D  @  D  H@L  H  L  {P  {T  {X  {X@{d@{l @[t @[| @[  [[x[p{`{P{D  D  H  L @{X @{d @{l @[t @[ @[  ;  ;;  ;  [ @[ @[  [ @[  ]  ] @}   _]]{]o]h  [d  [h  [h  [h  [h  {l  {p  {t @{x  {|  { @{  {  { {|  {{00 @  0@          _ _  ]  ]]  ]]  ]]]|[l[d[[{P  {T  {X  {\  {\  [d @[h @]!]@ @   @  @ @  {{{ { [  [;;  ;  ;|  =x  ]x  ]x  =|  =x  =w ]s]k]d[\[X  [X{\ @[x [ @[ @[  ]  }  }]  ][  [  [[|[x  [t  [p[h  [d  [h  [h  [l  [l  {h  {d  {\{W{P  {O {O KD  D  D  @  @  @  H  D  D  {H  {P @{X @{d @]l @]x @] @] @=  ??  ]]]|  [x  [x  [|  [ @[ @[  [  ;  [  [ @[  [  = @=  =  =  == =  =  =  = @=  =  =  =  =  =  =  =  =  =  ==;  ;p ;t@;x  ;|  ;x  ;x  [|  [|  [  ]  ]  ]  ]  ]  ]]|  ]|  ]x  ]x @] @=  = @=  =  =  ? ? ? ?  ?  ?  ?  ?  ? @? @_  _  _        _  _]]]]w]h]`[X{P {L {H {D {@  {D H  L  L  H  L  T @{\ @{`  {` @{h @[l @[x @[  [  [[x[l[`{T{L  {L  H  L @yX @yh @[l @[t @[| @[ [  ;  ;  [@[  [  [ @[@[ @[  [  ]  ]]]]p]h  [l  [l  [h  {h  {d  {d  {h  {l  {p @{x  {|  {  y  {  { { 1 0@@           _  ]  ]] [[[]]t[h[\[X {T  {T  {T @{` @{`@[d[x@] @ @       @  }}  }  ]  [[  [;;|;{ ;w ;w ;w ;{ ;w [p[h  [h  [`[\[X  [T  [\ [x [ @[ @[  [  {  [[[[ [[  [[x[p[l  [h  [d  [d  {h  yh  {h  {h  {`  {X{P{L  HG @  @  @  @  @  @  @  D  D  D  H  {P @{X @]` @]l @]t @]| @] @]  ]  ]  ]]]|  ]|  ]|  [|  [  [ @[ [  ;  ;  ]  ] @=  = @=  =  ===  =  =  =  = @=  =  =  =  =  =  =  =  =  =  ;  ;;  ;t  ;x  ;x  ;|  ;x  [x  [|  [|  [|  ]  ]  ]  ] ] ] ]|  ]x  ]t  ]x @] @=  = @= @=  =  =  = = =  =  =  =  =  ? @_ @_  _          __]]]s]k ]h ]l  [l0 {d?{\/{X/{P{L {L P P  L  H  P  T @{\ @{d {h@{l@[t@[| @[  [  [[x[l[`{X{P {P  {L {P @y\ @yh @[p @[t @[| @[x  [ [ [|  [| @[ [@[ @[ @[  [  [ ]  ]] ]x]l  ]h  ]h  [l  [l  {h  {h  {d  {h  {h  {p @{|@{ {  { { { @{01  @                _]]  [[[]]s[k[c[\  {X  {X  {X @{d @{d  [h]1@]   @     @  }}  ]  ]  [[  [;;t;s ;l  [l  ;s ;s [o [l[d  [d  [\  [X[T  [T  [\ [x [ @[ @[  [  [  [[[[ [[ @[|  [t[l  [l  [h  [d  [d  yd  yh  {l  {h{d  {X{L{HD<  <  <  @  <  <  <  <  @  @  @ @H  {L @{X @]d@]p@]t @]| @] @]  ]  ]  ]]]  ]|  ]x  [|  [  [ [ [ ;  [ ]  ] @=  = @=  =  ==  =  =  =  =  =  =  =  =  =  =  =  =  ==  =  ;;;  ;x  ;x  ;x  ;x  ;t  [x  [x  [|  [|  ]|  ]|  ]|  ] ]{ ]{ ]|  ]|  ]x  ]x @] @=  = @= @=  =  =  =  =  = = =  =  =  _ @_ @_  _          _]]߀]w[l]p@]| @] @]  {/{t/{l/{`/{T {T {X  PP  P T  X @{` @{h @{p@{x [x [| @[  [  [[x[l[d{\  {\ {T  {T {T@{` @yh @Yt @Yx  Y|  [x[p  [w@[| @[| @[ [@[ @[ @[  [  ]  ]  ]] ]|]l ]l ]l  [h  [l  {h  {h  {d  {h  {l@{x@{@{  {  {  { {}                      ߼      }]  [[[]{]l[d[\  [\  {X  {X  {X @{d @{d  [t!]! }@            }  }}  ]  ]  [[  [;;s;o [l  [l  [l  [l  [h  [h  [d  [d  [`  [X[T  [T  [`[| [ @[ @[  [ [ [[[[{@[|  [| @[x[t[l  [l  [h[d[`  yd  yh  {h  {h{`  {X{L{H@<  <  @  @  <  <  <  <  @  @  D @{L@{P@{`]l@]t @]t @]| @] @]  =  =  ]  ]  ]  ]|]x  [|  [  [ [ [ [  [  [  [ @;  ; @;  ;  ;=  =  =  =  =  =  =  =  =  =  =  =  =  =  =  =  ;;;  ;{ ;{ ;{ ;w ;t  [t  [x  [x  [|  ]|  ]|  ]|  ]|  ]t  ]x @] @]|  ]x  ]| @] @=  = @= @=  = =@= = =  =  =  ]  ]  ] @] @]  }  }  }  }  }]]@]s[p @[t ]x  ] @] } }}}|}p{d{\  {X  TP  T  T  X @{d @{l @{x @[|  [|  [|  [|  [  [|[t[l[d{`  {`  {X  {X  {X @{` @{h @Yp @Yt  Yx  [x  [t [t  [w [w@]x  ]| @[ [ @[  [  ]  ]  ]]]x]t ]p  ]p  ]l}h  {h  {d  {d  {h @{tY@Y  Y  {  { @{  {                        }} [[[|]t]k[c[[ {[ {X  {T  {X @{` @{h @{}} @         @}}}]  ]  [  [[[@;w;k[k [h  [h  [h  [h  [d  [c [\  [`  [\  [X[T  [T  [h [| [@[@[ [ [ [[[{[w@[x  [x @[x  [t[p  [l  [l[d{`  yh @yh  {l  {h{d  {X{L{H@<  <  <  ? <  <  <  <  @  D  H @{P  {\@{h@]p@]x  ]x  ] @] @]  =  =  ]]]  ]|]x  [x  [|  [x  [t  [x  [| @[  [  [  [  ; @;  ;  ;=  =  =  =  = @=  =  =  =  =  =  =  =  =  =  ;;;;  ;x  ;x  ;t;l  [s@[w@[x  [t  [x  ]x  ]t  ]x  ]t  ]x  ]| ] ]  ]|  ] @]  ] ]@]@]  ]  ]  ]  ]  ]  ]  ]  ]  ]  ]  ]  } }  } } }}]@]x[t@[x  [{ ]x  ]] @}  } }}}p{\{T  yT  T  T  T  {T @{d {t @{| @[  [|[|  [|  [|  [|  [t[l]d  {d  {d  {\  {\  {\ @{d  {l  [p @Yt  [x  [p[p @[x  [t[t  ]x  ]| [ [  [  ]  ]  ]]]]|]x ]x ]t}l/}h {h{d  {h @{p{@{ [@[  {  {  {  {                      }[[|[w]l]`[X  [X  {T  {T @{W {P @{\ @{l@} } }     @    }  }} [ [ [[  [[;p[d[d  [h  [d  [d  [`  [c [\  [`  [`  [X  [T[T @[\ @[l [ @[ @[  [  [ [ [[{{o [p @[x @[|  [x  [p[p  [t  [p[d{d  yh  yh  {h  {h  {`{T{L{D  @<  <  @  <  <  8  8  @  D  D {L@{\ @{h @[t @]x  ]x  ]|  ] @] @=  =  =  =  ]  ]]|]x  [x  [t  [t  [t  [t  [| @[  [  [  [  ; @;  ;  ;  =  =  =  =  =  =  =  =  =  =  =  =  ===  ;;;  ;  ;x  ;x  ;p;l  [l [t @[x  [t  [{ ]w ]t  ]x  ]x  ]|  ] @]  ]  ]  ] @] @]  ] @] @]  ]  ]  ]  ]  ]  ]  ]  ]  ]  ]  }  }  }  } }] ]][x  [x  [x  [t  ]x @] } @  @/}t@{`{T  yT  yT  T  T  {\@{l{|@{ [ [[  [|  [x  [{[p  [l  ]h  ]l  }h  {`  {\  {`  [`  [l  [p @[t  [x  [t;t@[| [x]x ]| ]]@[  [  ]  ]  ]  ]]]]  ]  } }|  }x  }p{h {p@{|@{@{ [@{  {  {  {  {}@              }[[w[s]k}\{T  {T  {T  {P  {L  {P  {W@{x!} } @ @ @    }  }  }[ [ [ [[ [[[o[`[` @[d  [d  [c [_ [[ [\  [`  [\  [X  [T[X@[d@[p [| @[ @[  [ [ [ [{o{c@{k@[t @[|  [x  [t  [p  [t  [p[d{d @yh  yh  {h  {h  {`{T{L{H  @<  <  @  <  <  <  < @D  H @{P@{X@{d@{l @[x @]x  ]|  ]|  ] @] @= = = = ] ]]]x[w [p  [s [p  [t  [| @[ @[  [  [  ;  ;  ;  ;  =  =  =  =  =  =  =  =  =  =  =  =  =  ==;;  ;  ;  ;t  ;t;l  ;h  [o [s [s [s [t ]t ]x@] ]| ]|  ]  ]  ]  ]  ] @]  ] ] @]  ] ]  ]  }  }  }  }}  }  }  ] @} @}  } }]]][|  [|  [t[x  [x  {x  } } @ @@}w@{`{X  yT  yT  {X  {X@{h{x{@{  [  [  [[|  [x[t[p  [l  ]h  ]l  }h  {`  {`  {d@[h [p [t@[x [x ;x  =|  =|  =|  = =@==@[  ]  ]  ]  ] ]]]  _ @  /  ??t  }|@}@} @{  {  {  {  {  {  {@{@                ݴ@}{{[p[k]`}[{P  {P  {O {LP @P{T {1@} @ @ @  }  }  }][ [ [  [[ [[w[h[\[` @[d  [`  [\[X  [X  [\  [\  [\  [\  [X [`[h [p @[| @[ @[  [ [ [{[s{c{[@{d {t @[|  [x  [x  [t  [x  [p{d{d  yh  yl  {l  {h{c{T{L  {H@<  <  @  <  <  <  @@H@P@{\@{`@{h@{p@[|@]|  ]| ]|  ] @] @= @=  =  =  ]  ]]]x[p  [p  [l  [p  [p  [x @[ @[ @[ @[  ;  ;  ;  ;  ;  =  =  =  =  =  =  =  =  =  =  =  ===;  ;  ;  ;;t  ;p  ;l  ;h  [l  [p [t@[|  [  ] ] ]  ] ] ]  ]  ]  ]  ]  }  } @} @}  }  }  } @}  }  }  }  }  }  }  }  } } }}[[  [  [[ [x [x  [{ }x @} } @  ~~@}s{`{X  {X  yX  {X  {d@{p{ @{  {{  [  [[|  [|[p[p  [l]d  ]d  }d  }d  {d  [h @[p [x [| [ = = = = = =  = @==  =  ]  ]  ]  ]  ]] _ @@P O@ OO?  } } @}  }  {  {  {  {  {  {@  @@@@        ݳ@@{t[l[d{\}T{L  {L  {L  {HO@L  {p1A{ @ @        }  }}[[ [  [ [[  [[p[d[\  [` @[d  [`{X  {X  [X  [\  [X  [\  [\  [`  [d @[l  [p @[| @[ @[  [  [x[s[g{[{T @{d {t @[x  [x  [x  [x  [x  [p{d{d  {h  {l  {h  {g{W{P  {L  {H@<  <  @  <  <  <@H@T@` {d {h @{p@{x@[@[ ] ] @]  ] @= @=  =  =  =  ]]][x [t  [p  [l  [p  [x @[ @[ @[ @[  [  ;  ;  ;  ;  =  =  =  =  =  =  =  =  =  =  = ===;  ;  ;;x;p  ;p ;p  ;t  [x  [|@[@]  ]  }  }  }  }  }  }  }  } { {  { {@}@} }@}  {  {  }  } }  }  }  }  }  } }{{  [  [  [y|yw[w [s]t} }@} @ @@}l@}\{\{T  yX @{_ {h {| @{ @{{  {  {[[|[x  [t  [p[l  ]l[d  {h  [h  [l @]p @]t  ]  = @=  =  = = = = =  ? @? @=  =  ]  ]  ]  ]  ] ] 0?0@?  /O@     } }  {  {{{  {{@@ @@@@   ݿ߀@{t{t  {l[d[`  {X{L  {P  {P {H@{L{T "? @ @   @@}  {  {[[  [  [  [  [  [  [|[l[d  [`  [`  [\  [X  {X  {X  {\  {\  [\  [\  [`  [d@[l  [l  [p  [x @[  [|[t[s [k{[{T  {T @{d {t @[|  [  [  [|  [x  [p[d{d  {h  {d  {g y_yW{P  {L  H  D  <  8  8  <  @  D@P{` @{h {l {p@{x@{  {  [  [  [  [  [ @; @=  =  =  =  ]  ]]]|]t  [t  [p  [p  [t @[ @[  [  [  [  ; @;  ;  ;  ;  ;  ;  ;  ;  ;  ;  =  =  =  =;;;  ;  ;  ;;x[t@;| @;  [ [ [ [  ]  }} } }  }  }  }  }  }|  {|  {|  {  {  } }@} @}  { @{  }  }  }  }  }    }  }}} {  {  {{yw{o{o [l @}}}@@  ~@}p}`{\ {X yX  {X  {l { @{ @{{  {  {{  [|[x  [t  [p[p  [l[h  [h  [l  [p@]x@]| =  = @=  = =  =  =  = =  ? @? @?  =  ]  ]  ]  ] ]     @    ////  }}{{{@{{} @ @  {w ЀЀݷ@  ݻݯ߀{t  {p  {p  [h{`{X{P  {T @{X {G}L @d!?   @   @  }{{[  [  [  [  [  [[x[l[d  [`[\  [\  {X  {X  {X  {\  {\  [\  [`  [d  [l  [p  [p  [t  [x @[ [x[s[k[_{W {P  {P @{d {t @{|  [  Y  YYx  [p[d{d  {d  {`  {_yWyO{L  L  H@  <  8  8  <  @ @L@X@{d @{l @{p {t@{|@{  { @[  [  [  [  [ @; @=  =  =  =  ]  ]]]]| [x  [t  [p  [x @[ @[ @[ @[  ;  ;  ;  ;  ;  ;  ;  ;  ;  ; @;  ;  =  =  =  ;  ;;;  ;  ;  ;  ;x[  [@[ [  [  [  [ } }}  }  }  }  } } } {x  {x  {{ { {@} } @} @}  { { }  } }  }  }    }}}  }  } @{  {{x{p{h{d  {p}}} @    @}p}d  {`  {`yX  {X@{p{@{@{  { {{{  [[|  [x  [p[p  [l[h  [l  [p  [x @]  ]  =  = @=  =  =  =  ?  ?  ?  ?@? @=  =  =  =  =  ]]1 ?        }}{[@[{}@}@}|sl  }l @{@@@  {{| {x {t [t  {l{d{`{T{T @{d@}P  }`@1@  @      }{ [ [ [  [  [ [[x[l[d  [\[X  {\  {X  {X  {\  {\  {\  [\  [d @[h @[l  [l  [o [p @[t  [x  [w[k[_{S{P  {S {P @{` {t {|  [  Y  YYxYp[d[`  {`  {`  {X{P{H  {L  L  D@8  4  4  <  D @T @\ @h @{l @{t @{x  { @{  {  {  [  [  [  ; @; @;  =  =  =  ]  ]]]= [|[x  [x  [x @; @; @[ @;  ;  ;  ;  ;  ;  ;  ;  ;  ;  ; ;  ;  = = ;  ;  ;  ;;  ;;  ;|  [x[  [  [ [ [ { { } }  {  {  {  {  {{x  {x  {t  {t  {t  {w {s@}{@}@} @} { { } }  }  }}   }}}  }  }  }  }{|{t{h{d  }t } } }@    @x}l{d  {`  {`yW {\ @{|{@{@{{  {{{ @[[|  [|  [t[p  [p[h  [l  [p @[x @[  =  =  = @=  =  ?  ?  ?  ?  ?  ? @= @=  =  =  =  =  = _     @   @  }}{[|  [ @[}@} @}   ?/@|p}l@}p@}x }x@}@} } }  } }{ { {[|  [t{p  {l {h{`}\@}l}d0 AA@ @ @ @/  / @}@} [ [[  [  [[x[p[d[\{X  {\  {`  {\  {\  {`  {\  [`  [d @[l @[p  [l[h  [p @[p  [t  [p[d{S{K {L  KL @` {t { @[  Y  YY|[p[`{`  {`  {_ {T{L{H  H  H  D<4  4  4 @<  D @P @\ @h @l @{x @{|  {  { { {  [  [  [  ; @; @;  ; @=  =  =  ]  ]=  =;;x  [x  [| @; @; @; @;  ; @;  ;  ;  ;  ;  ;  ;  ;  ;  ;  ;  ;  ;  ;  ;  ;  ;;;;[|  [x  [  [  [  [  {  {  {  }  }  {  {  {  {{|{t{t  {l  {o {o {o {l @}x @}| @} @} { {@}@} } }  }  }}  }  }  }  }  }  }}t}p }p }} } @   @p}l{h  {d{c yT{d{{{  {  {  {{  {[  [[|  [x  [p [l  [l  [l  [p  [x @[ @=  =  = @=  =  ?  ?  ?  ?  ?  ? @=  =  =  =  =  =  =@_                  }}[| [[  ] }@ ?/@|/}t }x@}@} } }  } @}  }  }  }  }  ]] @]}x }x/}t}d}h 0 a@P@@ @      @?>@/} @[ [[[[[p[h{\{\@{` {`  {`  {`  {`  {` [d [h [l  [p  [l  [h  [l  [p  [l  [k{_{K {K G H  K@_{s@{[  [  [[|[l{`{\  {X  {X{S O DD  D  @<  4  4  8 @<  D  L @T @d @l @{x @{| @{ @{ @{ @{  [[  [  ; @;  ;  ; @;  =  =  =  =  =  =;;|;|  ;|  ; @; @;  ;  ;  ;  ;  ;  ;  ;;  ;  ; ; ;  ;  ;  ;  ;  [[[[;[[x  [x  [  {  {  {  {  {  {  }  { {    |tp  {o{g{c {c {k@}t @}| @} @] [  [ @]  ]  ]  ]  ] _     }  }  }  } }}/}|  ]  ]@] @ @  }p  }p{h {`y[yX A{p{@{@{  {  {{{ @{  {  [[  [|  [x[p[l  [k [p  [t @[ @]  =  = @= @=  =  =  ?  ? ?  = @=  =  =  =  =  = =@]               }}[ [  [ [ } @  }  }@] ] ] ] @] @]  } }  }  }  ]]] @}}}/|0 A@~P ~A?|  |@z?zzxxxǿxà xǠ@xӠA|@?|~0@ ?]][[]]t}l}`}` @}h {d  {d  {`  {d  {h [l  [l  [p  [p  [h  [h  [k [l  [h  {c{S{H D  D  D  D @\ {p@{| {  [  [{{t/{l/{d  {` }XLH  D  H  D  @  <  8 8 8 @ D @L @T @` @{l @{x @{| @{ @{  {  {  [  [  [  ; @;  ; ; ; ; ; =  =  =  =;;;x  ;x  ;| @; @;  ; ;  ;  ;  ;  ;;;  ;  ; ;@;  ; ; @;  [  [[  [[[  [  [x[x  [  {  {  {  {  {  {  }  {      |to c{[{S {X @{d @}p @}x @]  ]  [  [ @]  ]  ]  ] ]_ _      } }@} @} }  ]  ] ]@_ @_ @ |}x  }t{l  {dT\| @ @    {{ {  {  {  [  [  [  {x  [p[h[d  [l  [p @[{@[ = =@=@= = = = = =@=@=  = = = = = =@]_ ~     @x@          }/}@[[[} @  } }@[ [  [  [ @[ @[  {  {}  }  ]  ]] @] }}~@~a@|@ | zz x߀x˯xVV VπV v v@xxxӰz/|@ ~?  } } ]]}x}p}d}d @}l  {h  {d  {d  {h  {l  [l  [l  [p  [l  [g[c [c [g {g{W{LH  D  @  @  D @\ {p @{{ @{ @{0 }0 }O}O}@ }|P lOX?L/D  H  H  D  @  @ @ @@D H@P@\@yd@yp @yx @y @y @y  y  Y  Y  Y  ;  ;  ; ;  ; ; ; ;  =  =  =  =;;;x  ;x  ;| @;  ; [ [ @;  ;  ;  ;;;  ;  ; ;@; @; @; @;  [ [[  [Y[  [  [|  [x  [  {  {  {  {  {  {  {  {      {og[{O{L @{X @{` @}p @]| @] @]  [ @[ @[  ] ]  ]]_  _  _  { }{@} @} @}  _@_ _  _  _  _     |}x  }s{h  {_ Td@@    {{ @{  { @{  {[  {|  {x[p[h  [h  [h  [l  [p  [w ]{ ;@;@= =  =  =  =  = @= @=  =  =  = ]  ]  ] ] @]~  x   x@x            } } [[x[ }  @   }}  }@[ [  [  [  [  [{  {}  }  ]  ] A]]} ?@~A | |zx˿ xx@V@VVwV{@VsVk@Vovg vkЀvvxz@|A~0/} }}} }x}l}l@}p  }l  {d{d @{l  {p  [p  [p  [p  [h[`[X  [[ {[ {[{L{H  H H H H  P@d{x{ {@} } @}  }?}?0 0 _O@hOX?L  L L H D D  H  L  L@X @d@yl @yp @y| @y @y @y  y  Y  Y  Y  ;  ;  ;  ;  ;  ;  ;  ;  = @=  =  =  ;;;x;w ;{@; [ [  [ @;  ;  ;  ;;;  ; ;{ ;@;@; @; @[  [  [[  [[[  [  [|[w [  {  {  {  {{  {     {{{{{{s{k{c{T {P {T@{\ @{l@{t @[| @] @] [ @[  [  [  ]]]]|  }{ }{}s}k }p @} } @_ @_@____ _ _ }}  } }{}l  }o {g{[{T {p!   @    yyy@y y@y  y  y|{x  [p  [p  [h[d  {h  {h  [l  [o [p  [{@[@; ; == = = @=@= = =  = [[  []] x x x  x@x    @} {}|@] ]  @ @  @@}]  [  [ @[ [ [  [  {{  {  ]]  ]  ] @]_1@~@~@| zz x@vAVVkVg@Vk Vd  Vo@vcv\  vX@vXv[xk xoxxzA|   }}}|}t }t  {t  {l{h  {l  {l  [p  [t  [p[l  ]k{_{S{P  {W {P  }T A}X0 }dP }h`@pp@x` |P P@@}@@}  @@           ?@?t?@`/P T  LL L P P yX@y` @yh @yp @yt @y| @y @y  Y  Y Y Y  [  ;  ;  ;  ;  ;  ;  ;  ;  ;  ;  ;  ;==|=t=w [w [w [x  [@[@[ ; ; ;;;|  ;t  ;p  ;t @; @[ @[ @[  [  [  [  [[[|  [{[s[o [  {  {  {  {  {  {  {{ {yy|ytylyh y`y` {\ {`@{h@{t@{|@]@]  ]  [  [  [  [  ]]]|  ]w }w }s}g}g@}p } ] @]@_ ___ _ _ _  }  }  }}s}l  }g[P{T  @ @yyywyx @y y @y  yy{[w [p  [p  [l  [h  {h  {l  [l  [g [k [s@[{@;{ ; ;{=w =w = @=@= = =  ] [  [ [ @] ] x xx  x x       @}}/@} } @ @  @@}] [ @[ @[  [  [  {  {  {  [  ]]  ] @] _0^1@| |zzÿ?xv vwvkVP Avd v`  vd vh ?v`@v\ @v\ @v_vXxdx\ @vk@xxAz/}}}|}x  {t{l  {l  {t@[t [p  [t  ]p  ]l  ]h{`/{T{L  {P  }X@}h0}@@}@@PP@@ @ 0@ @@   @@        ݬ/ݔ/@x?@\/X  T T X X y\ y`@yd @yl @yp @yt  Y| @Y  Y  Y  Y  Y Y  ;  ;  ;  ;  ;|  ;  ; @;  ;  ;  ;  ;  ;==|=w=k [k [o@[w [{@[@[ Y  9  ;;;x  ;p  ;l  [o@[| @[ @[@[ [  [[[[{[w[o[g [g [  {  {  { { { { {{ {  {{|  {t{p  {l  {l {l {l {p @{t  {| {@]@] ]  [  [  [  [ ]]{ ]w ]s {o }k}`}` @}p } @] ] @_ ____{ _ _ } } }{}sk g[OKX   @ @yy@yp @yt  y{@y|  y yyw[o [l  [l  [l  [l  [h  [l  [l  [d [d  [g [o [s [w ;s =l  =p  =|  =@= ] ] [  [ @[ [ @] @]    zx @x xx@   @  @      }/@}  @ @@}}  ] [ @[ @[[  {  {{  [  [[  ] @]!A_@^0|  z΀xxxwAvpvtvdxXxgx` @xl @xdxh x_@xX  xTx` xdx\  v\vg x@x zA }}}|{t{p  {p @[x  [t  [t  [t  ]t ]x  }x  {t/{h?}\?}`@@}p@}Q }P@@0  /     @ @  @      ߼ݤ/@@l/@\ \ y\ {` {` {d [d [h  [l @[t @[x  [| @[  [  [  [  [  ;  ;  ;;|  ;|  ;x  ;|  ; @;  ;  ;  ;  ;  ;==x=l=h  [g [g@[o [s@[@[ Y  Y  ;  ;;x[l  [h  [l @[x @[ @[ @[ [ [ [[[s[k[_[[ [\  [  [  [{{  {  {@{ {  {{{|{|{t {x {x  {x {| {@{ { ]@]@] ] [  [[] ]x]s]k]g [g {g{X}` @}t } @]  ] _ __ _{]o}o }k }k}g g _[ SGC ?`@ yyw@yl ytyt @yx  yw yt  yl{h  {h  [l  [l  [l  [l  [l  [l  [l  [`  [`  [d @[h  [l  [l  [k [l @]x  [@[ [ [ [|  [ [ [@]]}@  xx@xx@      @   @   @   @//@} }{ @[ @[[  {{[  [  [] @] @_1 ^\?Z߀xXЁVsvlvvw xtx`x\  x`xt@xt/x[S\ @`/` @xdx` x`v_vgx x @    }}{x{t  [t  [x  [t[p  {t  }| @}@}  }  }0 }P }P@}P0@  @              @        ݰx@dy`  {h {h {h [l [l [l  [p @[x @[|  [|  [  [  [  [  ;  ; ;  ;|  ;x  ;|  ;x  ;|  ;  ;  ;  ;  ;  ;  ;=|=t=l=d  [_[[ [c [k@[{@[@Y Y  [  [[x[p  [l  [l @[| @[ @[  [  [ @[  {  {x{h{_[S[P @[X @[ [ [  [  { {  { {  {  {  {{{| {@{ { {  { @{ { }  ] @]  ]  ]  ]  ]]]t]l[h[\[`  [`  {\  {`  {l @}|@} ]@] _ ]]w]k}_}[ }W }S S OGC ? ; 7 @@p    y@ylyl  yp  ys yo yo yo yk {g {`  {h @{l  [l  [l  [l  [l  [h  [c {_ {_ {c [h  [h  [h  [l @[t  [t  [t  [| @[x @[|  [x[t  [@]@]} @x @x  x  x   @ @   /  @@ ///}{{  [  [  {  {[  [ @[]| A_@^!\z~x X Vwvtvgv>vpx{\ lxk~g` AP/@T [@[cAxT xh xd  v_v\vovAxA  @@  }{{x[x @[x  [t  [x  {t  {x }@}}@}  }0@}0 @@@                           ݴ|@{h  {h  {h  [h  [l  [p  [p  [p  [t  [t  [|  [|  [  [  [  [  ;  ;  ;|;t;t  ;x  ;|  ;|  ; @;  ;  ;  ;  ;  ;  ==t=l  =\[T  [P  [X @[` @[p @[t @Y @Y  [  [|[x  [p  [l[p @[| @[  [ [ [ {{{{p{d{`  {X/{X  [X [  [  [  [  {  {  {  {  {  {  { {{ { { { { { @{  {  } ]  ]  ]  ]  ]  ]]]x[l[h  [d [`  [`  {d@{x @}0@} @} _ _]x]o}c}W}O L  G C? ; 3/ ,  0 @4 L@x   y@ylyl  yl  ykycyc y_ y_ {_ {c@{g@{l  [l  [l  [l  [l  [h  [\  {XyW {[ {c {c {d @[l @[t  [t[p  [w@[x  [|  [t[s [t @] @] ]}  x @x  xx x x x        @ @  {  {  [  {  {[  []_1A^P| ?zxͿxgvsvkvAvh?vwvsAklg _`0cWT  K T AP @xhxoxc v\v[ vdv?vA  @@ }{[x[|  [|  [x [x  {p{x }} }@}@ @@    @                      @{@{h  {l  [l  [l  [l  [p  [p  [p  [t  [t  [x  [x  [| @[  [  [  ;|  ;|  ;x;t  ;t @;x  ;|  ;|  ;  ;  ;  ;  ;  ;  ;==p=k]\[P  [P  {T @{_@{k@[p @Y@Y  [  [|[x  [t  [p[p @[| @[ [|  [ { {{{s {l{d{`  {d  {d [d [  [  [  {  {  {  {  {  {  {  {  {{ { {  {  { { {  }  }  ]  ]  ]  ]] ]  ]]x[l[h  [h  [d [h @[t } } }  _  __]|}d@}O}K G G ?;// + ( @,  /@8 @X     @yw@yk yk ygycy[ySyO yS@{S {W@{_@{h @[h  [l  [p  [l[h  [`  YXyT  yT  {W {[ {\ @[l @[t  [p[l  [p @[t  [x  [p[l  [l @]|@][ } @/x @xvv v v@v  x    @    @ @  ݸ@{ { { { {[[]!_a@~ zx?xBvp0vh?xh vvkvt vk d [޿H x\?xW?PT@THT d @xp  xcx`xdx\ ?v_vsx }{[|]|  [  [  [x{s{x } }}@@@@                              {s{h  [l  [l  [l  [l  [l  [p  ;p  [p  [p  [w [w [{ [ [|  [|  ;|  ;x  ;t  ;t  ;x  ;x  ;x  ;|  ;  ;  ;  ;  ;  ;  ;|=w=l=`]X[P  {L  {P @{[@{c@[l @Yw Y|  [|  [|  [x  [t  [p[l  [w@[{ Y{ Y{ yw ysyo yk ydyd {d {h@{p [  [  [  {  {  {  {  {  {  {  {  {  {  {  {  {  {  { } } }  ]  ]  ]  ]]] ]  ]t[p  [l  [h[l@[x@[}@}  _  __]w}_}HD@  <  8  4($  $ $ @,  0@@d @ {@yp@yd  y_ y_ yWyOyG{? {C@GK@{W{` @[h  [l  [p  [l[h[`  Y\yTyP  {P  {P  {X {l [p  [pYl  [p @[t @[x  [p[l  [x] @]?[@{  @x  x  v  v@v  vv @v  @ @ @ @     ߸@{  {{  {  [[]_1@^0|  zx?x{vvlxl xgvh@vwv_A`LP >xWAxLxGdXP\!@c@xk x\xd xdx[xX xd x? }{[|  ]|  [ @[  [x{l{p } } } @ @     @                     }{l{h  [h  [l  [l  [l  [l  [p  ;p  [l  [l  [l  [p  [p @[x  [{ [{ ;w ;w ;p  ;p  ;x  ;x  ;x  ; @;  ;  ;  ;;  ; ;|=p=l=\]T[L  {H  {L @{T  {\ @{l @Yp  Yw [{ [{ [t  [t  [p[h  [l @[w Yw Ys yo ykycc _c@{h @{l  {o { @[  {  {  { {  {  {  {  {  {  {  {  {  { { {  { @}  ]  ] ] ] ]]= ] ]w]t  ]p  [p  [p [| @]@] @]  ] @]_  _]}s}[}KH@<  44  ,,  0  ,  0@4 @Ht  @{{@{syd  y\yT{L{D@44 @< @@@L{` [l @[l  [p  [l[h  [d{X{T{L{L  {L @{X {h @{p  yp Yp [t [x  [x[l[h  [w@[{ [w [@]}@@zx  V  V vxv@v x@ @@ @ @      @߻{}] [ [  ] _^!~ @ svt v{vhvg?v[߀vWk_>OX T/P0 T  LW O \  W?\@d?xc xh @xdxX  xX xd @x@x@z  @}[  [  [  [  [{t{h{k{@}@} @ @ @ @ @                 ~ _    }}s[g[c [h @[h  [d  [d  [h  [h  ;l  [l  [l  [l  [l  [l  [l  [p  [p  [p  ;p  ;o ;o@;{@; ;x  ;| @;  ;  ;  ;;x;x  ;t;l;d[X[S{D  {H @{L  {T  {\ @[d @[l  [t  [t  [t  [t  [p  [l[d  [k@[o yo ygy_W W W W [ _@k@{h  { { {  {  { {  {  {  {  {  { { {  { { { {  { { {  [ [[[[w ]s ]s ]o ]o ]l  ]t@]|@]  ]@]@]  ] @]  ] ]]}l@}X}HD  @  <  8  4  0  ,  0  0 @8 8@X! @{{{@{hy`  yTySyH{D<44  8  H @T {d@{l@[p  [p  [l[h  [`{X{P{H{H  {H @{X {l @{t  yx  Yx [| [|  [x[l[h  [p@[p  [p @[| @] }  @xV  Vv vv  vv v@ @@@    @ߴ{}[{ [w [{@] @_^|@@/?xx vxvk@voAvhvhPvTO?X `O@T1?hc@d  `PTL @` Lg@xkxX  xgx_xX @x`  x_ vt xz@ }[  [  [  [  [{p{h{d @{ }}@@@@ @                  ___  }_}}s[g [_ [\ @[d @[g [c [`  [d  [h  [h  [h  [h  [h  [h  [h  [k [o [o [l  ;l  ;l  ;l@;t @;| ;|  ;  ;  ;  ;  ;;x;t  ;s;k;`[W[K{@  {H @{P  {T  {X @[` @[k [o [s [s [s [l  [h[`  [c [c y_yWyOK O O O O S@_@c y@{ { { { {  {  {  { { { { { { {{ { { { [ [[[{[s[k [g[g ]h  ]h@]t@] ]  ]  ] ] @] @] @]  ]  ]]}p@}\}LD  @  @  84  0,  0  4 @8  <h@ @ @{{@{@{hy_yTyL  yHy@<  4 8 <  D @P {d {t @[t [t  [p[h  [d{X{T{L{H  {H @{` {p @{t@y| Y| [  [|  [x[l[l @[s [s [p @[| @] ]@xV  V  V  vvvv v@  @@@   @@}}x[s[k{o] _"\|@v@vwAvd  t_ v_ vovS΀O_W@[vT c `  X` @X_ TA[ _@x` x\  x` xd @x\v\@vk@xz}[  [  [  [  [|{l{h{`{k}Ѐ}@@@@@@ @          ~____ ]{]s]o]c[[ [X  [\ @[`  [c [\  [\ @[d @[d  [d  [h  [d  [d  [h  [d  [g [g [g [h  ;l  ;o ;p  ;w@;| @;  ;  ;  ;  ;  ;;x;t  ;l  ;h[\[L[D  {@  {L @{T  {T  {X  {_@[c [g [k [o [h  [o [h[`  [\  [\  yX{L{D? ? ; ? G O@S@[@{x  {|  { { { { { { {  {  {  { { { { { {@{ @{  [[[s[o[g[d  [_[[@[d @]x @]@]  ] ]  ]  ]@] ]@]] ]]}x}h/}X/LD  @  <8  40  4  88 @Hp @ @{{@[@{hyWyPyL  yH  y@<  <  <  @  D @P {` {s@[x  [x  [p[l  [h[\[X{P{L{L @{` {p  {|@Y Y  [  [  [x[h[l @[p  ]p [t@[ ] @] @xV  V@Vv v  v v  vv @@@ @ @@@}s{h  {d{l ]^!\  z?zxv|vhthtc vPvO HL  P  T0v`/vXv_v[@[hOT @\X@x` x`  xd xh  xo vdvc@v`  v x  }  [  [  [  [  [|{l{g {_{W@{k}@}}@@@@@          ___]s]o]g ]c][[W {T @{X  [_ [X  [X  [\ @[`  [`  [d  [d  [d  [d  [d  [d[`  [\  [`  [d  [h  ;l@;t ;t@;@;  ;  ;  ;  ;  ;;t;p  ;l  ;h[\[L[D  {D @{L @{T  {T  {T  [X  [\  [`  [d  [h  [d  [g [c[\[\  [X  {T{L@80+ + 7C@K O p  {w {w {w {{ {@{  {{{x  {{ {{ {{ {{ {{ {w { { {[{[s [h[`[\  [[ [T  [\[p]| @] @]  _  _ ]  ] @] @] ] ]  ]  ]}|}t  }`X LD<  8  8  4  4 <  @@T       {{@[t[`yT  yP  yP  yL  yH  D  D  D  H  H  L @{\ {l @{t  [x  [t[p  [h [d[\[P{P@{X{l{| @{ @Y  Y  [  [[t[l  [l  [t @]t  [|[]  }@} @   z@V  VV vv@V v  vvv@  @@@ @@ {h{d  {d  {h _ ^@\ @zxx vtvx tk?tT?vPv@L [P  _@vd @v`vX@v[vT @gX/T @` @Wxgxk@xhxd?vk v_v` v_@v x@ }  [  [ [  [[x{l{d{X{P{P @{k}}}Ѐ@  @@   @        _]|]l]d]_]T  [P  [P  {P  {T  {T  {X  [X  [\ @[`  [d  [d  [d  [`  [g [d  [`  [_ [[ [\ @[d @[h  ;t @;| @;|  ;  ;  ;  ;  ;  ;  ;;x;l;h;d[\[P[H {L  {L  {T  {T  [X @[\  [\  [`  [d  [d  [d  [`  [\  [\  [\  [X{P{L{@8  0($  $ @3@;@C@o {o {k {k {p  {t @{ { {{w {w {s {l  {s {p  {p  {w {w {s{o[k [c[_ [\  [P  [T@[d[|]@] ]]  _  ]  ] ]@] ] ]  ]  ]}|}s }h\PH@  <  < < @ @ H@`!      {[@[p[`yX  yT  yP  yL  yH  H  H L P P P @\ {k@{t  [x  [x  [t  [p  [l[d[\ [\ [d@{t[@[@Y  Y[  [[t[l  [p @[t  ]t @[[[ } @} @   z/vV V  VV  V v vvv  @@@ @@ {h{` @{h @}p  _@^  z@zxxvt v @vdv`@vLHK?L @T@vX@vd @v`v\  vSvXvd  [T Ah\/x`xh ?xo@vgv\ vX vX @vT@vx|}[{ [@[  ][t{l{gyTyP{P@{X @{k}}}  @          }]|]l]`]W[P  [T  {P  {P  {P  {P  {T  [P  [X @[`  [d  [d  [`  [`  [\  [`  [\[W [W [X @[` @[l @[t @;| @;  ;  ;  ;  ;  ;  ;  ;;x;p;h;d  [\[T[P  {L  {L @{T @[\ [` [d [` [`  [d  [d  [d  [`  [\  [\  [` [`[X{L{D8  4,(  $  (  /@;@g {g {c {`  {p  {t  {w {w {w [p  [p  [l{l  {l  {o {o {l  {o {k{g [c [[[X  [X [` @[h @[t[ @]@]  ]]  ]  ]]w]w ] ]@] ] ] }x}l  }`X  PHH @  @  D  H  D  P p   @  { {[[l[`yX @yX  yT  yP  yL  L  L  P X X T  X @{g@{o [t @[x  [t  [p  [p  [h  [d [d [l@[|[@[ Y  Y[[[p[h  [p @[l  ]x][@[}  } @ Ax@V @VVVVv v  vvv      @@  @@ {g{` @{h @}p @_"\ z z  x@vv{ vt v_@H  P@X \@vd tdthvXvP vWv[P\ k\xdxhv`  vd@vdv`  vd @vd vx@x |~ }[|  [  [ ]{[s{k {_yX @y\  {` @{` {` @{t } ] @ @@ @        }}|]l]\[P[P  [P  {P  {L  {L  [L  [P  [P  [T @[` @[d  [d  [d  [` [` [`  [X[T[T  [X @[d @[l @[x @; @;  ;@;  ;  ;  ;  ;  ;;x;p;l;d  [`  [X  [T  {P {T@[\@[d  [h  [h  [h  [h [d  [d  [d  [d [`  [`  [d  [d[X{P{D<  80, , , ,@4 @_ {_ {\  {\  {k@{o {l  {p @[t  [p  [l{g{k {c {c {g {h  {g {c {_ {S [W [X @[d@[l @[t@]x @] @]  ] ]] ]]w]g ]l @]s ]{@] ] ]@}x}l}d\ TLH  D  D  H  H  D  P |  @ @  {  {[x[l[\yX @yX  yT  yP  yL  L  L  T @X  \  XX @{`  {h @{p @[t  [t  [t  [p  [l  [l [l [t@[[@[Y  Y[[|[l[h  [l @[l @][[@{} }  x@V @VV VVV  v @vvv  @   @  @@  ݯ@@s@{_ {` @{d @}t ~"\@zzxvvp?vc?TL  KH [@` @vc td  tgvT v`  vLvH T  ghl xxvp  vlvl  vhvd@v_v_ vs@x@z@~x  }x [x  [|  [x  [p[k{d  {\y\yl yh  {h {l @{|} @} @  @ @          }}|]l]\[T[T  [P  {P  {L  {L  [P  [O [L  [T @[\ @[d  [h  [d  [d  [d[\[T  {T  {X  [\ @[h @[p @[| @; @;  ; @;  ;  ;  ;  ;  ;;|;p;l;`[\  [X[X {X@[`@[d [l [p [p ;l ;l  ;h  [h  [h  [h  [d  [d  [d  [`[X[P{H{<  840  ,  0  0 @8 @P  T  T  {X @{d @{l @{p  {t @{t  [t{k{c {_ {_ {_ {c@{k{c{X{T  {P  {T@[h [p [t  ]t  ]| @] @]  ]  ]  ] ]]l]d  ]h @]l  }t @}w }s }s }s }o{g \TL  HH  H  D  D  D  \   @ @  {[ [t[`{TyT  yT  yT  yPL  L  P @T  X  \  X  [ _ {g@{l @[p  Yt  ;t  ;x  ;t  ;t  [t  [|@[ [ @[  y  y[[{[h  [d  [l @[t [[ {  }   @~ zv  V@VVV/Vvvvv v @ x @  @}@{c@{T @{` @{lx ^@Z zz x  @vhv\ vPL  H vP@tT@t`  t\t\ @t`vX vc TL ST v_vl vh  vh vl  vh @vlv\vX0 v\ vl x" z ~}{}t  [t  [p  [l[g{\  {`@{l@{p {p {p @{|@{@{ @} } @ @ @ @ @     }}]p]`[T[T  [P  [P  [P  [L  {L  {H[L @[T  [\ [d  [h  [h  [d  [d  [\{P  {P  {\@{d@[l@[t@;| @; @; @; @;  ;  ;  ;  ;  ==x;p;h[\[X  [T  [X @[\  [d @[l @[t ;x ;x ;x ;t ;p ;l  ;l  ;h  [d  [d  [h  [h[\[T{H{<  {<  8  4 4 4  4 @< @K O P @{X @{d @{l @{p  {x @{p  [l{c{[ {W {W {W {[@{[ {[ {S{O {T@[d ]p@]x@]x ]x ]x @] @] ] ]]]w ]h]`  ]d @]l  }o }o}g }g {g {c {_ WOL  D  G G C ? Cd@  @    {[@[p[_{P  yP  yX  yX  yT  P P @T  X  W S S O O y[@yg@Yl @Yt @Yx  [x  ;x  ;x  [|@[@[@[  [y  y[[o[c [g [h @[| [ {} @}~ @zvV@VT@V V@V vAv v v @   @@}s@{[{T @{` @{t ! \Z @z  z@x  |h v`  tPH  P @t\t`@td  t\t\  tc v` v\  \ XP ` v`?vl  vp @vp  vlvp vlvd  vg@v`vl x z~o }l  }p @[t [o[g[\  {\ {l@{t@{t {x {  {@{@{  }@}@@@@@         }}]l]`[T[P  [P  {P  {P  {P  {L  {H{L @{T @{\ @[d  [h  [h  [h  [d  [\{T  {T  {` @{h @[p @[x @[ @; @; @; @;  ;  ;; ;  ==x;p[h[[[T  [X  [X @[` @[d @[p @;x  ; ; ; ;|  ;t;l  ;l  ;h  [d  [d  [d  [h[`[T{H{@  {<  <  <  < 8  8  < @D @H @P @{X @{d @{l @{t @{x @{t  [l{X{T  {P  {S {P  {T  {W {P{L  {PA{` ]t]| ]|  ]  _|]{ ]@] ] ] ]x  ]t[h[\  [c@{g {g {c {_ {_ {[{W S OG G D  C @  <  8  8 h@ @    {@[{[k[W{O yP @yX  yX  yX X T X  SKG C? C O@y_yk@Yt @Yx  [|  [|  [|  [ @[ @[  [  [ YY[{[k[[ [_@[h @[ [ {  }@}} ~ zxV @VT @VV?AV?vv v @v @v   @    / }d@}T{X @{d  }p@!\?Z  xxx  t v`tPH @tT@t\ @td  td  t`tX  t\@vd  v_[ \  Xcvovx  vx vpvhvo vkv\v[ v[vl xz.~x }x }w {s[g[\[`@{l@{t@{x@{|@{ @{ {@{ {  }@}@@ ~@            }}|]l]`{T{P  {P  {P  {P  {P  {P  {L{L @{T  {\ @{d  {h  {h  {h  {d  {`{X {\ {d@{l@[t@[|@[ @;  ;  ;@; ; ;;  ;  ;;t;k[c[T[P  {T  {X @[` @[h @[t @;|  ; @;  ;  ;|;t;l  ;h  ;h  [d  [d  [d  [g [`[T{L  {D {@ {@ {@ @  < 8 <  }@ @H @P @{\ @{h @{p  {p  {x  {t  [h{T{P  {L{K {P @{P  {O {L{L @{` ]t ]| @] _|_|  _{]s ]s ]t  ]s ]s ]t  ]p[d[[{[ {[ {W {W {T  {TOG G D  @  D  @  @  @ @ < Dp   { { [o [c{O{G O@X  y\  y\  \  \ XPH  D88 @D @H @yX yd @Yp @Yx  [x  [|  [|  [  [ @[  [  [YY{{o{_@{O {X {p[{    } }}@ zxV  VT V VV@vv@v @v@v      @   @ @ ~ h@}X{X @{` @}|_!\ZXx  x  tvh vPtL @t\@t`@td  t`t\  tX  td  v_vT  X \dd/vc@vs v{ vx  vpvlv`v[ vT  vX@vt xz ~|  }| }x/{p?[`  [\  {d @{t @{x@{@{@{@{ { {  {} }@}@ ~@~@ @       }}|}l[`{TyT  yP  yP  yP  yP  yP  {L{P @{T  {X @{d  {h  {l  {l  {h  {h{`{`  {k@{o@[w@[@[ @;  ;  ; @;  ;  ;;  ;  ;|;p;d[\[P{P  {P  {X @[` @[h @[t @;  ;  ;  ;  ;|;p;h;h  [d  [d  [`  [\  [`  [\[P{L  {L {L {H {D {D  {D {@ {@ }< @H @L @{` {h {p@{t [t [s {g{P{L  {L{H  {L  {L  {K{P @{d {x@]| ]@_  __]p]k ]g ]c }k@}p @]p  ]l  [`[T  {P{P  {P  {P  K K G? <  <  <  <  @  @ @@  H@@P x  @@{@{w[k[_{G@ @H  T @\ @y`  `  \  \TLH  D@ D  L@yX@y`@yl @Yt  [x  [|  [|  [ @[ @[ [ [YwYs{c{S@{D @{T {|@{@{ @  }} }s@}@A|AxVVV@V?V V?V vvv@v@v@  @ @  ~ p}d{c?{` }|^\XX xx     |vlvP  tP  t\th @th td td t`  tWvP@v\ d @\_kAvpAvlvh @vwv  vgBv\vdv\@v\ @vt x!Az?@~  }}{{o{`  {d@{t@{x  {@{@{@{@{  {  {{]]@}?}} @Ѐ@      }}x}l{`  [T[S@[P[S {L{P @{L{L  [S@[[ [_@[d [h [l [l [h  [h [h {h  {l  [l  [p @[x @[ ; ; ;  ; ; ; ; ; ;x;p[`[X[P  {T @yT  yX @[` @[l @[x @;|  ;  ;|  ;x  ;x;p;h  ;h  [d  [d  [`[\  [[[W [P{L {T  {P {L {P {P  {L  {L  {P  {< @H @{T@{` @{l  {p  [w [w [l{`{P{L  {P  {L  P  {P  {L {h0}x] @]  ] @___t  ]k][}S }T @}d }p  ]p  [l  [_{T  {P{P{L  KC?73 8 @8  8  8  <  D D LH@d  @@{@[k[_[S{?< @D  P  X @_ \  \  \  TL  L  H H L X@yd@yl yp  Yt  [x @[|  [|  [|  [ [ [ [{Yoyc{S{?D {X {@{ @}  @  }} }g@}_}A @|xVVV VT?V/V v vv @v v v v @@ @| /}x/}\}d @}!^@ZXV X x@vttTtP @tdtl  tk tg tg tc tX  v` v`_ h`?X?vkvo vt@v| ?vsv` @vdvcv[v_vx xz޿~}}p{l {h@}t@}| @} @} @}@} }@} }}]]]x  }s}o }{@}}}@      }t{l{d [T[P@{P  {P{\@A{`P {X?{L{P@{X {\@[c [g [h  [l  [l  [p [p [l [l  [l  [p @[w [w ;{ ; ; ; ; ;{ ;{ ;w ;w ;l[d[\[X YT  yT  yX @[h@[p@[t @;|  ;{ ;x  ;x  ;t  ;p;l  [l  [h  [d  [`[X  [P[S {P  {P @{X {` @{`  {`  {d  {d  {h0 {h0 {< @H {X@{d @{p  {t  [t  [p  [l{`{T{P  {P  L  L  {P@{h }x@}x  ]@] @_  __x_s][@}G}H @}\@}l @]o [l  [h[[{P @{P{PKC;3/+@3@3 3 7 ; @ L  T X p @  @{  {w@[c[W{G{78 @D  L  T @X  [ X  X  yTyP  yL  L  P@X y`@yl@yp  yp Yx  [x  [x  [{ [x  [w [w [w [sYgyS{C4 @D ` ?{ @} } @} }}} }`@}L  }{| z@VVV V TTAV v @vv vv @v  v  v @@|~  @}h/}h_!^ZXAVX  x vxvT  tX@th@thtdt`  td t`t_ v_vWT p@x  d@v`@vh  vp vs vh/vkvWvXvXv\vx@x?z ~t0 }t  }p{h  {p@}x @}} }@} }  }  }  ]]]][w {k{c {g@}wЀ}}@ @ }  }}}  }x{p{`{X {`0 {`@ {xppp pdP?d?{` {d {h  [h  [o [p  [p  [p  [p  [l  [l  [p  [p  [t  [t  [x  ;{ ;{ ;w ;w ;s ;o ;o [k[d  [`  Y\ YX  YX Y`@[l @[t  [t  ;x  ;x  ;x  ;x  ;t  ;t  ;p  [l  [l  [h[`[X[P[L  {P  {X@{d@{l@{t  [t  [t  [x @[|  [  {@ @L {\ @{d  {o {s@[w [s [l{`{X  {P{L  HL @{` {p @}x @_| _|_| @_ _{_s ][}G}D @}P@}_}g [g [l @[h[T{P @{P{KC;/' # ' + + + / / @ P @\  h| @ {{{p@[\[P{@{08 @@  L @P @T  T  X  yX  yTyP  yP  yP  yX@yd@yl@yt  yt  {x@[|  [x  [x  [t  [t  [p  [p  [p  [k {_{G@30 @D h@{ @} @} } }}] }X@}K}k? ~@z@XVVV@TTVV @vvv@vvv@v @     ~ }t}p _^ ZXV ?Vx A  v vX @thtp thtltd  th  tctT@vXvT@` k o hvpvs vt  vp  vo vhv\  vd ?vWv`v{x @z~}}s{l  {t  }|} }@} @}  }  }  }  ]]]]|[p{d{\@{T  {[@{w {}  } @} } }  }}}    @ Ot/{hA}@}@ `P0  Oݼ@ۨo۠p P O{x0 {t0 {t  [l  [l  [p  [p [t  [t  [t  [t  [t  [s [s ;s ;s ;o [k [h  [h  [d  [`  Y` @Y`  Y\  Y\  Yd @[p @[t  [x  ;x  ;x  ;x  ;x  ;t  ;t  ;p  [p  [l  [h  [`[\[P{L @{T @{d{p {x@{ [ [  [ @[ [ {D @{P @{P  {X @{h @{l  {p @[t[h[`{X{LKD@}\}h  }t @_| @_|  _x  ] ] ]s][]D  {D  {L @{T @{X@[d @]h  ]k {c@{O{K{K C ;/'       # #   @' ' (  < Xh t  { @{{p[`[P{<0  8 @D @H @P @X  X  XyP  yT  ySyP  yT @y`yp @yx  {|  {  {  {|  [x[p[l  [p  [p  [l  [l  [d{T{D0, D p@  @{ }@]]]]t@}X}PW?~ |x@V  VTV AVVV  vv v  v v  v @v v @@@ @z~_|] @^ \  XX @V@V xx@  vv`@tl@tl  tl  th  tdt`  t` t_t\@v\vgdg@p @sl  vx @vhvd vsvc v[vT @vX@v|x }|}l}s@}|@{ { @} @}  } @}  }]]]]]s]d}`  {\  PL  _ {{} @} @}}} } 0@@ Oݠ_@݈p@P@@0 @     @??@ OOݴoo_}?]p;p ;p  [t  [t  [t  [t  [p  [l  [l  [h  [d  [d  [g [c Y_ Y_ Y_ Y\  Y\  Yc Y`  Yh  [p @[t  [t  [t  [x  [x  [t  [p  ;t  ;t  [p  [h  [l  [d[X[P {L {X{h@{t@[ @[ @[@[@Y { { {@ @{L  {L  {T @{d @{l  {p @[p[l[`{W{K}DA}X }h@}p@]t  _|  ]]w ]t  ]s][]H]H {H {L @{T@{d [h ]h]`  }[{G {C? 7+#             $ AD@`x @~0~ @} {@{{p[`[L{<0 @8 @@ @H  L @T  X  yW yT  yP  {L  {T@y` @yl @yx@y| @{@{ {  {|  [t[p  [l  [p  [p  [p  [l  [d{T{D00 @H x@  @{  }@]]]]s}\}TAT?w~ |zVVT  V@V VV  V vvv @v  v  v @v  @@@z~@__@^Z X  X VV@x@x@  v|vh@tt tpth  tht`t\  td  tX td @t\v`l@\@pt/tv| @vpvlvgvX vT vT ?v\  vx }w{l {x {{@{ @} @}  }  }]]]]]s[k [d  {`{XP  P \{s@{ }}@} }{ }  0@   ?@  @@@          0@//?/ }x[s ;l  Yp  Yt  [t  [t  [p  [l  [l  [g [g[_ [[ [W YS YS yS yW@y\  Y[ Yd @Yl  [p  [t  [t  [t  [x  [t[s [p  [t  [t  [t [l  [l[d[X[T  {T  {\ {o@{{ [@[@[ @[ @y @y  {  D @{H  {H  {P @{c{l  {t @[p[h  [`[T{L  }\0}l@}l ]t @]x  ]x  ]w]o ]o}_}L}P@}T {P {T@{d @{h  [h  ]h]_}K; 7/ +#               @$ Pp @~ ~~   }  {{p[`{L{<0 @8  < @D  K@O@yS yP  {P  {O {P  {\@ylyx @y|  y { @[  [  [|[t[l  [l  [l  [p  [p  [l  [d{T{D04T! |  @ @{  ]  ]]]{]g]S}O[t |@zVVV/V?VAV V V  Vvvv @vvv v  @ @  z| @_^ Z  XVVV ?x x@x xvvt@tx tpthtc t`  t`  t_ t\tW tS vh kl |  p@vwvt  vlv`vWvWAvX  vc v|x}|{p@{| { {@{  } @}  } ]]  ]=][l[d[`  {`  {XP  X@h {t@{x  } @} @} }  }@ @ @                    //.}| [h  [h  Yl  Yp  [t  [t  [p[l[k [c [[{S{O {L  {O yH  yL  yO@yW yT @Y` Yh  [o [o [s [p  [w [s[h[s [s [t  [t  [p  [k[c[X  [X {T {\ @{h @{p  {x @{ @[ @{ @y  y  { @{D @{L  {H  {P @{[{h @{p @[k[h  [d[`@]l0@}p }t  ]x ]t  ]t  ]t  ]l}d  }_}T  }X @}X {T @{X  {X @{l[p[l  ]h]S}C7 /#                @( \@~~@~  ~  }{{l[`{L{<4 @<  <  @  D  G {K {K {K {L @{` {t0@{| @{  {  {  [  [  [  [|[p[h  [h  [l  [p  [p[l  [d{X{H4@h  @{]]@]]o]\}H}D ?So |zxVV V VAV/VV  VVv@v vv @v v @ @ @   |~^ \ZXVVVXx@x  vv vx @t|  tttht`  t\  t[ tX  t\tX@tX/vcdow / vt@vxvk@vd  vX/vT @vTv\v!x }x{| @{ ?{ } @}  } @}  ]  ] ]  ]==|[p[d[c {`  {\  X@` @p {| @{ }@}@}@} @     @   @/                   ݸ {h  [h  Yl  Yp  [p  [p  [l[h[d  [\{S{K {L  {H  {H  yH  yH  yH  yO@yT @y` @yh  [h  [h  [l  [l  [p  [l[d[k [o [s [s [l[d[\{X  {[ {W {[@{c@{k@{w@{@{@{ { y@{@{H @{L  {L  {L  {[@{d @{l  [h  [h  ]l@]x@]x ]x ]| ]x  ]x  ]p}o }c}[ }X }\@{` {` {`@{`{d{p@[x  [p]d]H@}7'                  @  ,@d ~ | \ @~~}  [[p{`{O88  8 @<  @C@C@  {C {D@{\ {t { {@{  {  { [[  [ [{[o[d  [l @[p  [p  [p  [l  [h  {\{L8L! t @  @{]]]]k]W@}G }@  }W h@~ z  xVV VV  V  VVVvv  v  v/v0v   @ @ ~ @^\X  XV VV V Xx  vv v|?t tpth  t`  t`tX  t` @t_t[ t_@vg h @o p@𿖈@vx@vv`Avdv\ v\vT  v\ vx/} }}  }}@}  } @}] ] ]]==]p[h[`  {`{` @`@l@x{@{@}@}@}@@@@@@ @                             @   @s@{k {k yo yo [s [l  [h  [d[X{S{H  {L  {L  {L {L  {D  {H  {H  {O@{W@{_ {_ {c [g [g [k [k [g [c [g {g {k {o {k{_{W {[@{T  {P  {P  {S {_@{g@{s@{w {{@{@{@{@{H @{L  {L  {L  {L {c{k [h  [p@]| ]@]  ]  ]  ]|]t]o}_}T}T@{d {d {h {d  {h @{h{l[| [|  ;t]d]G@' @                 @    4l ~ | \  ^~{ [[p{`{G84  8  <  88 @;?@< {X0{x0}@} { {  {  {  {  [|[w [s [k[d  [l @[p  [t  [p  [p  [h{`{P{D  ` | @  @{]]]s]c]L}@  }@}Gk ~|  zXVV V V VVvvv @v@        ~@~ ZX@XV  VV@VVV  vv@vt|@txtdt`  t`  t` t\  tWtK tT v_ gd x  v|vovhAvg v\ v\@vLvd!v@x ?A  /0 @        _ _ @]]]]t]h[` @{l {h h@t@@{@{@}@}@@ @ @ @ @  @                                  ݗh@{c {d  yd  yk {k [g [c {[{O{K {H @{P@{X  {\  {T{D{D  {@  {D @{L @{S {[ {[ {[ {[ {[ {[ {[ {[ {[ {[ {_ {_ {[ {W{O {P @{P  {P  {L  {K {O@{S@{_@{c {g@o@w@{@{H @{L  {L  {L  {L  {W@{`[p @[  ]@]  ]]  ] ]}s}c{X  {X {d {l {l  {h  {d  {h @{l  {t [ @[ ;t]`]?@    @             @    <p ~ | \  ^@~} {[w[k{[{@84  8 @8  8  8 @88@PA |1   } }  {{  {{w{k[g [c [d @[l @[p  [p  [p  [p  [l{d{P@{HA{h  @ @  {}]@]k][]L}D @@ @ ?W @~ |@z  xX ?X@XX  xxx xx@@ @/ @ @   @|ZX@V@VVV@VVVvvv  t t{@tdt`  t`  t`  t_tOtH @tT @vX\  d |   vtvhvl@vd?vd v`v` vovx  @ @ ~O00 0 ?/  _@____t]h]h {x {pt@@@{@{ @}@}@@@@@                         @{[߀{W@{[ y[ y[ {[ {[{W {O{D@  H {\{h [l{X{D{D  {D  {H {L  {L  {S {S {S {S {O {O {O {S {O yO yO yO yO yO yH  yL @{P  {P  {L{H  {D  {G {K {O {S@[@g@{s@yH @{L  {L  {L  {K {P {p [ @[ ] @]  ]]]x}w}g}X\ @d  {h @{p {p  {l[h  [h @{l  [x [ @[  ;t]\@]8 @  @                         @@t ~ \ \  ^@}|  {wYo[c{T{@4  0  4  4  4  7 4 @L x0   @  {{{{k{_{[ [_ [` @[l @[p  [p  [p  [l  [l{d  {T@{T{p@   @  {}]x@]c]S}G}C@D @DL w?~@| z  xxx @xx@x@x  x@x@x0@  / @       @  | ZX V@V VV@V@VVV  vv vtt@th  tdt`  t`  tXtLtH  tS@v\@d h @|  vxvhvtvs vc@vX AvXvpx!z/0 @0 0@    ////~0@0 ^/_/_/_/_p }|}}| @@@{@{ @} @ @  @ @ @ @              @  @      ߋAW{L{K@{L  yL  L  {H  {O {K {G C<  H {` {p @[l[X@{D{D @{H  {L  {L  {L  {K {K {L  {L  {D  {D  {G {K {H  yD  yD  yG {G {D  {D  yL @{P  {T  {P  {L  {D  {@  {@  G C@K@W{g@{K {L  {O }L  }L0}h0] ] ] @]]  ]]}t{k{X{X@d @h  {l  {p  {l  {l  [l  [l  {l  [t [ @;=x]d@]@@}$  $  ( ( , , , $           @H| | \ \^@_s}s@{k{c{S{G;,  ,  0  4  4@8  @ l1 @ @ @  @   {{o{WyS@yT  {T  [X @[h @[p  [p  [l  [h  [h[d  [X{d {x @{  @ @{  {@]p@]\]D}<8 @< @D  P t ~ | |@z  xx xx x/@x @ @      @   @ @ @ @z@X @VVVVVTV @V VAvv@vlth  t`  t`  t`tTtOtH  P `@l t  |  v vvt vtAvhv`  vg>v_v|0x"   @   @       0 0 0 0   ~/~?@~?~0@      } @@ }  }@} @} @ @ @ @@         @ð@ϰЀ @  ݗ[{L{L {L yH  {K {G G G C? ? 8  L {d @{l @[l  {X@{H  {L  {L  {L  {H  {H  {D  {D  {D  {H  {@  {@  {@  {D  {D  {@{<  <  <  @ @{D @{L  {T  {T  {T  {P  {H{@  {@  <? C@Oc{H@{L  {L@}\0@}l0} ] @]@] @]]  ]]{g{W{X {`@h  yh  yp @{p  {l  [l  [l  [l  {l  [t [ @;=x]h@]L}8  4  4 4  8 8 4, ( $         T|\ @\^ _k}c{W{O{G;/$  ( @0  0  4  <`1@ @@    @ }{ {W@{GyK@yO {O {W@[g@[l  [p  [p  [l  [h[h @[d{t {@{@@ @{{[@[k]W]D}<< @@P @\ |  @@ z@zzz     @    @   @  x@X  VVVAV TTT @VV!Avv vptd  td  tdt[tT  tPtH Xh@px  xvAvtvtvkvk?vXvh1@vx! @                   /OP @ @ @ /   } @} @}@ @@@@   ￿@߀_߀_  ǰЀ ݣkAX/yT yT  yLyH {D  {@  <  ? 8  4  4  8  L {d @{l @{l {\@{L  {L  {L  {H  H  {D  {@  {D  {D  {C <  {@  {@  {D  {@{<  {8  <  @  D@{H  {L  {P @{X @{XyPyHy@{<  8  4  ;@CW{K {H A{X }t } @_@_ _ @_ @_  ]  ]]w {X{X y`@yd  d  yg yl @yp  {l  [p  [p  [t[l  [p @; @;=|=p]X}D D  D  D  D  @<4, (    @  `|@\ @\^__}W{G{?8  4($  , @4 4 8 AT1 x @   @     @   ?cA{G{<  yG@yH  {H  {P [` @[l @[t@[x [p [h  [h  [p@{{@{@{ {  {  {[@[`]O}@}<DH @}\}x0!  @    @  /@                      xXV V.V TTT T ?VVv@v vltdtd  tdtXtT  tStO [k@t  @x@vx  vxvp  vhv[@vXvxv!@!  @                        /0     0   /߰/        @  @@@@  @߀]]o]k]o@} ݻݣ {Al  {dy\  yX yPyK{D  {D @8 4  4  4  <  P h @{p @{t {d@{P{L  {H  D  D  {D  {@  {D  {@<  <  {@ @{D  {H  {D{<{8  <  @ H@{P {T {T@[\ @[\yTyHy@8  4  4  3 ;@G@{D  {T {x1 ] ?_  _ @_  __  _]  ]@{p{d  y`  yh @yh  dy`  yh @yl  {l  [p  [t  [t[l  [p ; @;  = =|]d]X  }T  T T P LD<4,$    ,l@ | @\  ^^wW }O{C {<  8  0$( @0 @8  <  T t | @   @      sހOD;;@D  {D  {L [` [l @[x @[|  [x  [p [l  [x[@{ @{ @{  {  {{@[s[`]L}D  }@  H T  h@0/! @ @      @                        xXV V VT@TT T@VV ?V@v vpthtdt\  t\  tXtLtL \p@x @xvxvw vp  vovTvdvv                               //    @  @}@@@@ }@}]x]t]l ]h]h @}k{{@{ p{h{d  yd y`yWyL{L@{T @T/L?@/8 8 @  T l @{t @yx  {d@{L{G{H  D  @  {D  {H  D  @  <  <  D @{H  {H  {H{@{<  {<  {H @{P @{X [X  [X [\  [\  [T  yHy<8  4  3 ,  4 @H{L1@[| ]@] _ _  _  _  _  ] ]}w{p  {lyh  yl @yl@yly`yd @yl  [p  [t  [t  [p  [p  [x @; @; @=  =]l]d }h }d` \/XL@4  0($      <t |  \  ^@_o}L  }D{C<4  ($ @( @0  8P h@x @ @    { _H<8  <  <  ?@{L {\ @[p @[x @[  [|  [t[t@[@[ @{ { @{  {{  [ [g[`]K}HH/@T!p` Q ?            @ @             @        z  xX V  V@TTT @T?TVV Vv@vxtktd  t\t\ @t\tStL X @ xv|/v{?vsvgv\  vhvv!   @ @                   @                  @ @ }@}}|]|]t [p{d{d @{o@{w@{w s {s {lyd  yd  yd  y`y\  yT{\ {p/p0@l  T < @@H  T l y| @y|  {h {L{L  {HD  H  D{H  D@  @  @  D  {H  {L  {H{D  {@{@ @{D @{P @]\ @]`  _`@]`]\  ]P[H{<44 @,0 8  P {t@] @]@_ _  __  } {π{o{l @{p  {l  yl yp@yp ypydyd  yk [k [o@[s [t  [t  ;x @;@;  ==]t]l  }l  }l  h  h[L@8  4($  $ ( @P1 ~|  \  ^@_g}L  }D{<84  (  @, @4@H d t@@       s S߀WT@< 8  8  8 @{H {` [l @[x @[  ; ;|[|[@[ @{ {  {  {{[w [_]\  }HX!@d?@|RAP 0    @        @    x  z @z  z           z  xV @VV@T ToTTV!V@VV vv@tdth  t`t`  tXtLtT `@x  ?| x vvtvh  vdv`v|! v x  @                         @ @       /     @@ } }}}} }}  {/{h{c{_@{g {g yk yk yh  {d  {d  yh  yd  y`  y\ {p! { @{0@?`@  D  H  X p @yx @y|  {h {P{L  {H  H  G @  {D  D  @  @  D  H @{L @{L  {L{L {H{D@[L ]d@?`>p@<p >o>lO?X/]G]; {43 ,  4@8 @{d!@[@@}}o߀{[{d {h  {p  yp  yp  yt @yt  ypyhyd  {c [c [d @[k@[o [p @[| ; @; =]]w}l}h  }h  g_SLD<40 00 80@H@p1 ~@|\  ^ _d}T {H {D84  ($ @,@@ \0x{|@} @      }s@}W}H{O{[{H@  <  8  8 {H {` [p @[| @; @;  ;  [@]  ] @} }  } }} ]k@]\  ]d@`Ol1 ~O2?/           xx @xx  x @x @z  z  z          zzx @xV V V@T Tt T T0V?V  VV vvtptlt`  t_tX  tXtX@h| A?xv{vt  vlvd vp vv x        @    @              @           /    / @  } }} } @}@}  }/{|/ {[{O@{S yW@y_ yc yc {c {c yc y`  y`  y\{ {@{ {@`D  H  H  X t @y| @y{ {h@{L{H  {H  H  @@  ? @  <  @ @D  H @{L  {P  {L  {P@[P[P@]h@?A@>0< @:  :?:_<x_ >P?_4}0,  0@<  @{x[  }@}c@{SyT @yd @yh  yl @{p  {p  {t @{tylyh  {d  {`  [`  [d  [h  [h  [p @[| @;@= = ]x]o}g}_ _ SO K KC<  8 @@L @X @h !@@~  |\^ _d}X{L  {H@4((@8T! t{|  {  }          }o}W{H  {L  {H  {S@{P@< @@  @@{P{` @[t @[| @;  ;  ; ]] ] { {  {}}]_]\  ]d @@A~@~@ @ @@     z  xx @xx  x @x @x  z  z  z   @z  z  zx XV  VV T@TTTT߿VAVV@vvtx  tpt`  tXtX @t\t`t @@ Avvvtvs vl  vhv v @x @           @     @     @ @                      _ _ _  _ ]  ]}|  } @}}} } }T {?@{D  {OyS yW {W {W {\  y` @y`  y`  yh{{@{  { \H@LP ` p @y{@yp  {d@{L{H  {H  H<<  8  8  8  <  D  H  {L @{P  {P  [X[\[\@] > <@ @//:?@<xN_D/ }00  4 @  L { [@_ }}@}g }P{P/yP@y\ @yd {h  {l @{p  {t {t{h{d  {`  }`  }`  [d  [d  Yd [sA]{] _/_ ]o]c@}[ WG?C G C @  8 @@P h t @@ @~~__d}X}T}L  }@ 8(,@@`{x { @{ @} } } @  s@WH  {H  {H {G {H  {L@{H/{@ {H {L@{X[d@[t @[ @[  ;  ; @] @]  [  { {  {}}x]`/]h @_h~1~ |   @      zx  x  x x  x  x xx  x  x  x  x  x @x?x x@zz@zz z  zxx ?VV VV ?TT@T/T TTV  V@VVT|  Tlt`  t\  t`@t` @vl@vt@v @v vAvvv vxvhvp@v @vx    @ @                   @   @          @        /    _@}@}k@}sр} }  } }@}`@{@ {D @{H{H  {L@{T@{\@{`  {`@{l @{h{x { { @{{h`  \  `  d@p@yp yp  ydyHyH @K C; ; 4  4  4  8  <  D @{L @yP  yT @[`@[` =p?!@<8 @    :/ <`._8/@}4@8  @{`! ]= @ @}}s T\X  \ \ @k@{l {l  {l  {s {o{h  {h  {d  [d  [d  [`  Yd  Yh [x]x ]_M_w]g}P}O C߀/7@; ? 8  <  @@P h 0 @    ~~_ _h}\}X}P}H{8, 8 @P l{|@{@{ }  } }  }}{}cOH  {H  {K {D {L  {\ {d/{P/{P@{X@{d@[p@[x @[ @;  ;  ; @[  [  [  {  {{}]w]p A_|@@^x0~1|/|       z x x  x  x x  x  x @xx  x  x  x  xx@xx x @x  x  x z @xx x@X@VVV  V?TT! 4 @4@T @TV@V@VV V/Tlt`  t\  tdth v| @v@v@v Avvvvxvl v|v@vx      @@          @         @     @          @       /0   }{ }X@}d@} }  } }}p.@{H{D @{H{L  {P@{\ @{`  {d  {d  {l  {l  {{ @{  {{ yll  l l  l  yt @yt  yp  y`yLyD  C ;3 3 0  4  4  4  8 @@ @{H @yP  {X @[d @[l => : @ @  8:@<t.^H?8  @{T1 {|1 ] = @ wl AxpAp@@ p?p  l  {o {k {g Yg [h  [h  [h  [h  [d Yh Yp[wA]r]]]k }S@}G ?+( @+ 3@7 7 < @D \x   @  ~~@_|@]h]d}\}T}H{<<0@L0@` x {@{@{  } }  } }}s@}X}L{H  {D{DA{X0{l0 {l?{p  {h/{`  {d@[l@[t [| @[ @;  ;  ;  [  [  {  {  {{}  }p_1 ^@@^@@||        z  x  x  x  xx  xx @xx  x  x  x  XXX X X  x  Xx @x @xx  x @VV VV@VTT T ?T@T TVVV V@Vtgt[ t\ @thtp @v v @v  v ?v@vv{ vwvx@v @v  v x@   @                  @               @              @~l@\l@ }@}} }L{D @{H{L  {T @{X @{c {g {c {g {l @{ {@{@{{@yl  yl  l  l  l  yp @yt  YtydyPyD8  40  ,  0  4 @8  4  8 @@ @{L@{T {\ [h @[p @=> :@  8 8:\OA^d^LP }X0}xA ] ]  =     A?`q p@p@P@P o@ݨo@p ot?{\{_ [` @[h  [d  [h  [h  [l @yp yx A{q]|]]l@]_}G;+   ' $  + / 3@8 @H d@@  ~~ _@]p ]l }h}\}T{L  {X h @x {@{  { @{}  }  }}}g}X}P{L{D @{\0{t {| @{x{t @{x}l {l [p @[|@[| @[  ;  ;  [  [[  { @{ {} } O^ \| zz@    z x  x  x  x x  xx x  x  x  x  X  XVVVVX XX X  x x  X V  VVV@V TT@T?T@T@TV VV  V Vv`tT  t\ @tpt|  v v  vv vv|vsvtvp  vx v @vx    @                 @           @@        x/p?1@   }L}@ @}L  {P  {T @{X  {\  {[ {[ {[@{h @{ {@{ {{syk@yk k c yc@yo@yw Yt{d{P{@<  40  0  4  4  8  8  8 @D {T @{\ [d ]l @=p @? > : @  8  88 @:Z  \/^? |@ t @]] ]=OP@@@@ @@00@     ??O_@Nd?@{\ {\@{d@[d  [d[p Yl @{{A}]A]]l]T};@             # '@' 0 H d   @  @  ~~ _]t ]p{l{h {d {d {l@{t@{ @{ @{ {  {}  }  }}t}d}`  }T{T @{`0{x { { @{}x }| @}|[p [x@[  [  [  [  [ @[  [  [  {  {  }} ~ @|| z @z@z @      @zxx  x xx  xx xx  x  VVV=VV?V @VV VVVX@X VVVVAV>VTT@TT@T@T@V/VVV vAvS vT Atdt t@v v vp v v/vvx vx tx v vxx   @    @             @ @          @     @  @@    ??@  @   }L@}D  }H @}L  {T @{W {W {S@{[ {P  {` {{@{@{{w{c y_ y_ _ [W@ygyp  [o {g{H@{<  8  8  4  8 8 < < < D  {H @{T @[` @[h  =p @=| @?>:8 8  8 :::  Z@\ ^^_  _@]]߀]   @ @ @@ @        /ݴ p h0@}l?}`{g@{h [l  {x {0{Q<]@][>[l@[O@{/@        @   0 H h    @     ~ _]x  ]x [t[p [p {p {x@{| { @{@[ [  { }  }}}p  }h}`}` }p0@{ { { { }  } }}| A{  [ [ @[  [  [ @[ @[  [ { { } @} @/~ ^@|z z@z        @ @zxx @x xxx x @xx  VVVVBV VBV>V@VV VVV @VV AV~V V=VVTTT AT T@T@VVVV>VkvD@v\ tpt @t vv{ vx!v ?v0v?VV|Txv  vx                @ @@         @  @      @ @       ܼ/  /     @}T@}L}L@}P  }O {O {K H @O L @{` {s {w@{w{_{S S O O O O@[{k@{h  {d{\O{POD?<< @ D H H H {D {L @[X @[` @[h@=t@= @? > @: :  : :<<Z\@\ \^^__wπ}[߀} @                ݐ_½@_?}d{h {t@{| {b}Ǿ]] ?[B[l@[H {(@           @ , Lp @@  ~@_]| ]|  [x  [x [x [x  {| @{@[ @[ @[0 [{ }}|}x }t  }l}h@}| }@{  {  {  } @} @}}x}|{@[[ [  [[  [ @[  [}  } } ~?| |@zz z @z            z  x@x xx xx@xxx VVV  VVVVVVV@V@V AV ?VVV VV@VVTTT T T T VV V @V vPvL vdvxt @t V V|V?V!V=VCVT{AT| ?v Av!@x @          v   @@         x @x @     @  @            @}X@}P}P @}L  }HG D  K G H @{\ {l  {l  {g{KC ? ? ? ? ? G[@{d A}t }x/{l/`/H@  D  L  yP yP yP {P {P [X @[d @[p  =| =@=><Z@Z \\\<< <@<^^s__πOπ};߀                     QA??Nl}l @{x  {B}}] @[[[p@[H {(@            @@0Tt   @   ~@_  ][ [ [ [ [|  [ @[ @[ ?[[A[{{|{x  {{ }s }p  }x}@}  {  {}}@}}{}x@}{@{[[  [[  [ @[}  }@} @~| z@zzz @         @  z  x?x x @x xx  xx@V  VVV VV ?VCV/V0VVVV VVVVЃV~V V/VTToT T@TT@V@V?V@V@vT@v\ vt v?v T|  Vx @VVV=VV<VcBTo TwvAv   v v v v v v  v  v  v v@v  v @x   @  @ @x @xx  @  x x@x@@ @  @        }l/}d?}X }P}D<  C ?; D {\ {h  {h{S@3/ / / + + + 7Oh} }}t{`@G{@ @{H  {P  yT @y\ y\ {\ [X  [\ @[h @[p  ]x =  = _Ѐ\\ | |\@\߀< < <@<>^[߀?߀/( @                      @ @@|>@tQ}=} }[  [[[p@[L@{4          @(Dd}x } { @} @} }@  ]]  [[[  [  []  ] @]  ]  [  [  [ [@[{x{l{p@{@}@}@}  } }} ?}}|  }|@} } @}} ]/]  ][ @[ @[ } @} ~~| zz z @z      z  zz  zxxx xx @xzzx XV @V?VV?VVV0?V@V/VVV@V@VV VVV <VVVV|VTkTx TTTTV@V V@vXvl v@vT  TwTp  Vt @Vv Av~v{vd Twv|v!  @/@vv v v v @v  v v v v v @v v v x xv v v v v@v vv v@v vv  vv  v @v  vx  x@x x@  @@    @    /@?|?l/T}H}@ < <8@P{l {p  yg@{G +$     #        @40\Q   s@WA;@ H L @yT @{\ @[d @[d  [`[\  [d @]s@]x @]  _  _| @^\ \\ \< < @< <  <^o@^G@/$   @                        @   .ߨ_o@R~}Ǿ?}B} [[[[p[T@{<(      @$ < X p @{{ @{ @{ @}@}@}   _]] ;[[ [ [] ] @]  ]  [  [[[w?{s {sA{|0A{0@{ @} }  }}  } }}  }  } @}  }@} @}  ]]][  [ @[}  ~ @|z zz           z  zzxxxx  x x Axx  XVV @VVAVV @V~VV AV?V VVV @VV VVVV1VV ?VVgThTsTkAT T@TT@VVv`/v|@v vT Tt Tx VsVwv?vvg@vovp0vA@0/ڼڣA vv v@vv@v v v v  v  v v v v v v v v v v v v vv  v v v v @v v @v v  v v  v @x  x @ @@@@     @    //xh?\?}T0 }P0 }L  P0{h0{ @[x/[d {<@$           $ LB߄р߬߼@_?h/ </4 @? GK@{W@{X @{` @[h [h ]d]`  ]c@]s]@_ _|  ^ ^s\k\h @<t@<@<  < @<>@^[ ~7(   $ @ @                            @  @/0}}} @[ @[[[;x[`@[H/{0/$      80X0p { @{@{  {  { @{ @} @}  }  _]=  ;  [ [ [ []  ]  ] ] [ [[w[o {h {t {{ { }}} }}{ } @}@} @}@}@}@} }  } }]  ]} @}~ ~ @| |zz @x         @z  zz xx @xxxxxX  VV  V V V V@V@TV@VVV V VAV VAVV V VQ=VVV VpVpA@Tt/Th ThT T TV@VV|Vpv|  v|  V|  Tx  T{ Tw VlVpvv߁vhvt! v !  ܻڤ0 ￘ vv v  v  v v v  v  v  v v v v@v v v v  v  vv v v v v v v @v @v v@v  @  v  x  @@@ @@@    ///@??x?t0 }p?}l@@}x@}0[ [[d {@@{0 (  $ ,@h ߴ@0@  ?oߠp8/~3@?C@O@{T @}` @]l  ]l  ]l]`]T @]d ]t @]x  __x^p^h  \p @<|@< <<@<߀^g@_G@/(   (@ @ @                              } ] @[ @[[  ;;;h[X/}H/}4/$/   4 P l {@{@{ {  {  { @{ @{ @}  }  ]]=  ;  ;  [  [  [] ] ] ] [ [{[p  [l@{x@{@{@{ {  }}}}o}t }@} @} @}  } @}     }  }@] @}} @}~ |  | |  z @zx @x         @zz @x xX Xx xx XVVVV VV@VVTTV V VVVV@V@V AV ?V V0VV?VAVV@AV?T{TlTk@TT T  VVVVpV{ V{ V{ Ts Tp  Tt@TpVw@v Avxvh v  1 ?ܸ @ܴ/v v vv@v  v  v  v @v vv v v @v  v v@v vvvv@v v v v  v @v  vv @   @     @ @@@@ @ @  /?0 @ ?0 _  ] ][[l@[P/{D  }8 0@AAa0    O@~dm0 /7@D P @}` @}h  ]h @]l  ]h]\@]h]x@]| _  _^x^t  ^|  > ^{\o^k ^__K3@+ (  (  0                             ހ@} [  [ @[  ;;  ;;p]h]T]D/8/0?80L0}h }| { {  {  y  y  y { {  }  }  ]]=  ;  ;  [[  []w]{ ]w]x  [p[l  [l  [x@[ @{  {@{ {}}}{}t }x }} @} @} } @}    }}]}||@zz  zz @x  x     zz @xxx@X  X  XVV?VVVAVV V@VV TTTVT?T@TTT @TV?VV?VV!>VVV V VV|Th@ThTl  TV V VVVp @VsVs@VsTl @Tk TwTwV|vAvlAv @@1? /ܰ@ /v @v  v@vv@vv v  v  v v  v @v  vv vvx  vx  v|  v| v| @v@v @v v v @v @        @@ @ @ @@ @@          /  ~  _  _  ==;t[d/[\}L/}D`r@@ @           ?]8>  @+@7K[@}c@}h @_l  _l _p @]t  ]x@] @]_{ _|  __{^o^_^S^K@^K8(, @, 0 @< @ @                              � @}{ [[  ; ;  ;  ;=x=p]d/]X{L{H  }T }d ]x[ @[ @[  Y  y  y  y @{ {  }  }  ]]=  ;  ;[[ [{]l]p @]p  ]s [p  [p  [p [ @[ [ [ [{]s}\}k@]| ]@]  ] }@} @}  }   }] ]@_~ ~/z @z z@z  zz @zz  z  z z zx  xx@X X V @V@V VV  V@V 6?6V  TATTςT!@TVTAT T T TT VށVVV/V@V@VV~V VVThThTpTtV VVVVtVhVh @Vh  Th @TdTl TxVv|/vx x A  @   ڨ /    v  vv| @v@v  v  v v  vvv|  vx  v| v v  v@v vv@v v @vv @@    @   @ @    @            ~~^ _===x;t ]l/]pP} }A~ @@              .d\ # '@;S@[@}g _g@_t? =  ==|  ]w]o ]w _s_c_K߀C @  H D  <00 0  4 @D @@                         /@}@]x [ [ ; ;  ;  ==|=x=l=`[\  [X  ]d ]t@] @[ @[  Y  [  {  {  { @{ @{  }  }  ]]= ;[[[{ [s ]l  ]l  ]p  ]l  [l  [p  [t  [{ [@[  [ [ [w]g]d  ]l@]{]] @]]  ]@} }}]] @_ ^ A\ \ z@z@z  z @zz @zz  z  zzx x XXVV  V @V@VV@V@66 4T T TTTPTT@VT/T?TT T T@Vx T TT@T TT VVwAV V/Vx/Tl T|Vw@VwV@V V  VxVhVk@VgTc@TkTh T| V vv    @  ܣڤ0 @0 {v| @     |  @    {s@v@v @v @ @ @       @ @    @                       ~~^__=== =0]Q}0@@@              @ߐ=0.    +CS@}_ ]` _|=@; ;={=k]d  ]k ]c]O}33@@ @L  L H@  @  @/< @H ݿ       @            }@[[ @[ ; @;  ;==|=t=l  =h;l@[h[l @[w [@[@[ Y  [  [  {  { @{ {  }  }]]=  ;[[s[k [l @]p }t }p ]l  [l  [p  [t  [x  [| @[  [|[s[g]l @]h]p  ]x@] ] ]@] ]] ] } }]_ @_ ^\ Z @z z zz @zz @zz z z zxX  XX V V @V  V@V VV6  44TT@TT1TTTV T  TTTAT@TV@>T T?Tt T0V VVwBVx V?V@V{Tp T|  VpVx V| @V V  VVhV_ V\  ThT_Tp@Vx @V|  V0v  @     /@@@ܸ/ڬ0 /{x 0    |x  @       v v{x |0@v v@v @ @  @ @      @                          ~  ~^_= @==@=0=  @@@ @            ߛD.@$  #@3@C@}S]h]=@; ;@;w=h]d  ]d]X]D{00@< @L\  X  `0@pp@p`_T ?c}?} }ð @@    @          ߿ @}[[  [  =  =  = =|;t;l;h  ;h  [h  [l  ;l  ;w ;{@; [ [  [ @[  { @{ { @{ @}]]][;[{[p [t @]|@} }x}x  }t}p  ]p  ]t  ]x @] @]]x=p =l =x ]t]t @=x  ==?]] ]  ]]] _ A_^ ^\ Z X  x  z  z  z  z  z  xx @x XX?X  X  XX  VVVV VVV 6 6TA?TT?T@TTV VATTT @T|T! TTT߿TςT|PTVρVw@Vpv @v@v@v vx/Av{vp vx vwvw@V V@VVx@VdVc Vc V\ Tl @Vt Vx@V @x   @ @       ܼ  ܿ     x  | |0 ?  @@v v v v   @v v@v@  @  @   @     @                                 _?? ==]    @   @ @         X 0 @   / H@}p ] =  ;  ;@;p  ;l ;l [h[`[L@{03 8 @L ` l0P@@__ l?d  }l} } } @ðA@@@        A }][[ @;  =  ==;|  ;t;l;d  [d  [h  [h  ;k ;o ;s@;w [{ [ [ @[  y @{ { @{ @}]][[;[t[x[ @]}  }}{}t]t ]x ]x  [|  ]|  =|  =x  =x =t=x = =t?=w@= ==@]@]@]]]| __?^@\  ZZ  X  x  z  z  z  z  xxx XX@XX@X  V  V  VV V VVVV66T ?T@TTT/T VVT TT T TT@TTT|@T>VV|@V?V| ~vvvv v v@ vvwvhvp @Vx  V| @V  V|VhV[V\ @Vd @Tp @Vw Vx @V x  @@@@   ܿڰ      @ @ | @ @  v  v v  v    @ @ @ @      @@                                 _? ? @? ] @_ @? @ @@      @ d/@@/(   # 'H@}p ]];;w;p@;x ;x ;p[d[P@{4+ 8 Ph_!@! 0   ߼? ? h  [l @[ ]] @}}?@@@@  }}] [; @;  = ==x;{ ;p;h;d  [d  [h  [d  ;h  ;h  ;k [o [p  [{ [[  { { {  { @]]][[;[x [[  ]]]]t]| ]| ] [|[|  =|  =| = =  =| =@= =/=t/===| =  ] ]@] __ ^ \!?\@Z@X  x  x  x  z  z z xxxXV @V V VV@VVAVVV@VVVV AV?TTTT@TATVAVT@TT T T@T ATxT0TV|/V|P@VVVv1 v v  v  vv vxvlvs@vs V{ VwV{@VVlVXV`Vk Vo Vl @V|V @xx@ @@@@ܴܿڬ      ? @ ?     @ @ @ x x@    @ @      x z  z  @       @                       @      ~__@_@_ @_  ]?Ѐ@@    @}}t}P@0@   $H?}k]@]]{߀=k=s=|  =|  =x=h[P@{4@( @\t_!   /߼OAp[l  [[[ ]}x@}c}o@@@ð A?}@] ]] @;;;  ;  ; ;t  ;p  ;l  [h  [h  [h  [h  [h  [h  ;d  ;d  [h @[o [t  [| [  { { {  {  ]]][[[[x @[ [  ]  ]]] ] ] [[|[|  = @=  =  == @==@=A=/=| = @==@== @= ?>!@^\ @Z @Z@x  x x  x  x x x XVVVAVV@V VV @VV VVV @VVVVTT  T?TT @TTVV T TTATTATT| ATV V V VV ?V vv v  v vvvvtvh  vl  Vt @VpVtVwVt  Vl/Vd  Vd @Vp@Vt@V@V @v@x  @@ @ڿ ڼ  ڴ   @ @@/        {    @ @ @ @ x  x x zz    @ @ @                              ~  _ @_ @_    }}߀@@  ~__  ]}x}\@8    ,H [}k {k@][]` A]p@=|  =  =|=l=X@{40@L` x _ @@t [t[t @[[ @]]/]l?@]\@]h@]p @]@[п}}} }A]@]]]  =  ;;;|  ;x  [t[t  [p  [l  [l  [p  [l  [l  [h  [h  [d  [`  [` @[k [l @[t @[ { { @{ @}  ]]];;[[x  [ [  ]  ]  ]] ]@[ ?[[t[x @; @;  ;  ;  ;  ;;x  ;w@=@= A= A=/= ==? ? @>\@ZZ @X  x  x  x  xx  XX XVVV  V V@VVVVV@V AVVV@V@TT T0TTxT1TT@TV VTTTTBTTTwTtV CV =VVVVOvvvv@vvvvxvhvhVo@VlVp @Vs@VxVkVd  Vl @Vl  Vt V|  vv vx@  @@                  A0@At |0@@@/  @  v  v  x  x  zzz?x   @  @       @                 @ @~ @   }]] ]{}@˰ ~ ~__]]}{}d@@@$ 8P @P  W?G}K}\ ]t =@= ==p=\@[<{<T }d ]| _ _~   [/[x [ @; = =/]?]p @]t  ]p  [s [t  [!]A]]A]@]]  ] ; ;;{;x  [x  [s[p  [p  [p  [p  [p  [p [l [l [l  [d[`[\  [_ [k@[s@[| { { @{ @]]]=;;[[x  ;;@= = ]  ]  [ ?[[w[t @;| @;  ; ;  ;  ;  ;|;x  ;p  ;s ;== =O=? ?><\ZX @X  x  x  x  x  X  XXV@V@V V  V  VV@V  VVVVVV AVT@TAT TTAT TT΀TT0VVATT TϿT|TTsTo@T| BVVCV VV Vvvvvvvv{@v vt/vlVg@Vl  Vl  VlVwVdVh @Vh @Vp Vx@V|v v v  v @x@x@x@@   @           A0/￘@x0 @@      Av vv  v x xzAz@x @x v  @ @                       @     @ @~  @]{]w ]s ]p}w} }} _ __]{}w}s }dH (4 H@P  PC/ @ }\ ]x=@===x=`@[D{D{T {h]| @?_^Ѐ  ߈  [  [[  = = @=  == =|=p;o [s]B]]΀]  ]  ]][ [|  ;|  [t  [x  [t[l  [p  [t  [t [t [t  [t  [t  [p  [l  [h  [`[\  [X  [c@[k@[x { { @{  ]]  ]  =;;[[x;{@;@==  =  ;[[s[p @;s ;w ;{ ;{ ;@;|  ;|  ;|;t  ;p  [l  [p @;@= =A=_?/?> \Z @XX@X X@X x  x  X  X @XV ?VVV VVV V @V6V@V VVV@TTTTTTTTTT VVT TsThTTTt @Tx T ~VVVV  V V0Avv @vvv|@vt  vx@v vvpVhVl @VpVpVoVh  Vh Vp@Vx  V| @v|vv @v @vv@v x@x         @ @  v    ?@  @ A@@    v  v v @vvv v xzzz?x v  v  v  v   @ @                           }}t}k}k }k }g }oп}}@   __}o}l @p hP 4 @P@T  O3@$D d]]@= ==/=l@;P/[L{\@[l = @= @? ^@   [  [/]= = @=  ??  =|=k]g [x!@]2 ]]ހ] ]][[|  [|  [|  [| [x  [t[l  [p @{x  {x  [x  [x  [t  [t  [p  [l  [h  [d[\[X  [` @[h @[| {{ @{ @]]]=;;[x  [x  ;t  ;w = ;@; ;;s[l ;o ;k ;k@[o ;p @;x @;|  ;|  ;x;t  ;t [t [t @[ @=A= ?=?/? > \Z @XV  V  X @X  X  X  X  XV  VV@VV VVV V@6@66VVV T T T TTT{޿T|T~TAV@VVV@ToTp  T| TTkT|TTV?VV?VBV?V?vv{@v @vvwvs@v| @v{vt  v|@VtVl @VlVk VhVg@Vp@Vx @Vx  v@vxvx v @vv  v V@v@x @       @  v @  @ 0 @  @   @v  v?v@vv v  v  v zzzx v v  v  v@v @v @ @                       @ܼ @    @}{}o{_}_ }c}[}W }[?}s@ }}s}c}h |@xX@@H T \H@+@,L l } ] @=  = ==x;\[X@[d@[p ; =@? @?@_ π@[  [[= =  ?  ?@?=t=g=`  ]3} } ]]  ===  [  [  [ [ [[t  [p  {x @{|  [|  [|  [x  [t  [l  [h  [h  [h  [h  [d[` [d @[l @[ ]@}@]]  ]=  ;;;[t  [l  [l  [l  [s ;t  ;t  ;p  ;p @;t  [l[d  [g [k [o@;w ;{ ;x  ;x  ;x  [x  ]x [| @[ @;@=  =@>>\Z  X  V  V?V X@X  X  X  X  VV  V6 66 VV@V@6@66 6 A6V@T T T @T?T T| @TpTAV/AV VVVVdvt?vpAv{Vh @V| VV VVVV VVvvpv| V?VsAVd@VtV|Vt@V| V vxvs vdvcv_@vl vt vx @v vtvp  v| v v@vv@v@v@v@x  x @x@x ߁   @      @  @  @ ߀  w vx @v  v  v @v ?vvx z@| @zx@vvv @v v@v@v v v x x         @ @   @   ܼ}o}[}O }K }S@OH  @SkЀ}w }s }gA}P @k ? h?@PS{[@{W;  0T@t } ]@]  =  ==@=l=h ;l@;t==@= __ _@k [[[ = =  ?  ?@?=t=_]h ]Q}?}] ===  = = ] ]  ]  ][t[p{t @[  [ [ [x  [t=l[h  [g [c [g [d  [d  ]h @[p@] ] @]@]] ]=  ;;;w[k [k [k [l  [l  ;p  ;p;l  ;l  ;s ;h[c [c [d  [h @;p  ;t  ;t  ;x  ;x  ;|  [|  [@;  ;  =@?0@>0 \ \@Z  X  V @VVXX  X X  X VV@V6@6 666 V@V@VV @VVTTTT@T߀ThT T@V ~VAV VV V  Vt0v/vxVx@Vt  V{@V V  V VV VVvvv0 vVsVh Vt0V{Vx AV| VVvxvhv`v`vh0@vtvw v|  v{vp  vt v@vv|  v  v@v v v@v v x x x   v v@v vv  v @  ?       A    @ v  v v v vvv|vtx{@z@zx@v  v v @v  v v@v v v v x             @        ܼ  ܸ@hPH  H  L@LH  <?@O@W@}[@}S}G@}dA!@/O@hO }P?}P  }K@+@  @4 @S o} ]]  = @===x=p=p @;{== @=  ___p@\   [[[  ] =  =  ?@?=t=\  ]b}}΀}] =  ;  = =  =  ]  ]  ]  ]}x{p{t @[  [  [  ;  =t=l;d[_[[ [_ {c@{h  ]h @[t @] ]@]  ]]  ]= ;;;l;c [`  [d @[h  [l @;p  ;p  ;l  ;l  ;k ;d[\[\  [` @[d @;l  ;p  ;t @;|  ;| ;|;| @; @;= @?>@\  ZZ  Z  XVV VXX X  X @X VV@V6 6@444 ATT@TT T?T T TT|  TTc@Tt!AT V VVVAV @VV0AVV V| ?VVxV| @V @VVVAVx @V@Vv Ax/xxpvt V?V VsV| VV @vvxvlvd vh@vs?vkvtv|vsvt@v|@vv  v v v v v v@vv v @x  x@v| @v v@v@v  v  v  v v  v      @   @ ? @ vvv v v{ v|  vw vs xt  z{ z  xx  v@v|v @v  v  v  v  v v v  x   @              ڻ ܸ  @|l\/T0 T  T@TH@8  ; ?@K@{L@}@}p! @/O d/T}<    @/@G cw}]@= ===|=p=t @;x @= = @= _@__p_d    {[[  ] =  =  ?@?=|]p ]B} @}]=  [  [== =  ]__]t  {p  [t @[x @[ @[  ;  =|=p;h[X[T  {X  {\ @{d  }h @]t @]] ] ] ] ]=  =  ;;l;\  [\  [d @[h  [l  ;p  ;p  ;p  ;h;d  ;`  [X[W [[@[` @;k ;p  ;t @;| @=  ;  ;; =A= @?^Z @Z ZX  XVV VX AX  X  X  V V@V@V6  4  4  4?4TT@TTT@TT T TsToTdT!TVVV VV  V@V?Vv vAvVV V  VVVAV/V@x x x xtx|x| vvx  v@v/v@v @vvxvhvh @vpvlvp0@vw?vxvl  vxv@vv vv  vv v @v v  v v  vv vv| v @v v  v v@v v  v  v vv@v vv   @  ?  vv @vvtvw vovh @vp@xt  xt  z| @x|xw xtv@v  v  v @v v v@v @x@@            ܴ  /?|Ox@ t?l0 `/@L?/ 3 4 @D @}H}T! }?} @/~>`@< $$  ( @;O@c}]@] ====t=x @;|  ==@= __  _|/_t0 @{[  [[ ]  =  ??A=]BA}?A}@]=@[  []=  =  =_ _]p[l @[x @[| @[ @;  =  ==x;p[\[P[L @{T  {\ @}g@]s@]@]@_ __ ] =  ===t;` [`  [d @[h  [l  [p  ;p  ;h  ;d  ;d  [\[X  [T  [X @[\ @[g [k@[s@=w =@] @[  [|=_ @^ \ Z @X @XX  XVV X@XX @X  X VVV  66 4 4 44  T T  T  TT T  TT{ Tp ?TgTp T TV VV@V @V @V v vxx0 x0 x  xxX X X  x  x@xxxx0@xxx|x vvAvvv  vxvt @vxvwvx @vtvl  vp @v|@v|  v  v @v @vv vvvvAv v  v v@vv Av0@vvv @v vv  v@v@v  vvv v  v v  v v v@vv@vv|??v v{ vwvpvl  vl  vx vx  vtxlxtzz|@xxx{ v{ v|  v  v v v  v @v @x     @                    /  /?h?O@7(( 8 @D@}P }t} @}}~ @~~t.A@0@$ @( @3@CS@o } ]@==  ==t=x @;| @= @=  ] _{ _x @_ _0 @Y[ @[[ ]  ]  =?@= ]B}@}A}] A] @] [  ]]=  ==={ ]w]l]p @[|@[  [  ;  =  ==|;x;h[X[P@[X {\ @]d  ]l @]w@] _ _{_{@_ @] @===|=l;d[d @[h  [l  [o [k [h  [d  [d[\[X  [T  [W [[ [_ [c@]g@]o@]w@]x @]@]_^ \ ZX@XX XX @V V @XV X@X @V  V@V6 64 @TT@TTTTTTT T TTlTg@T` T| V V  V @VV  v  v  v x  x  x@x  x  x/x  x0 x  x  x x  x @xx x ?xx xxx{@xx/xs@vv ?v vvxvsvl @vt @vpvt@vw vx  vx  v@v@v  v v  vv vAv v v vv vAv>vv|v @v?vv{vx v vv vvxvx @v@v v vvv  v v @vvsπgvk@vp  vo vl  vp  vp  vw vt  vx vtxw?zzzw@xt  vt  vx @v|  v|@v@v v  v  x  x                     ܰ ܰ ެ     @t/ P/@<?4?0 @@ T }l0}@}  }?}  @~~?~T.,$' # +;ЀS}o@]w@]{=| @=|=t=t @;|@=@=]  _?_ @_@Y  [ @[[] ] ]]]1]}} ]?]] @]  ] ]]==={=s ]p  ]l  ]t @[ @[  [  ;  =  = =;x;p[`[\ [\ [\ @]g ]k@]o@_w _t  _p  _t @_| @]]  ===t;h[h @[l  [l  [h  [d  [g [c [_ [[[S {O {O {O {O }S }[@}_@]k@]w@] ] _?^ \Z X  XVV V X @X @X@V AVX @VV6  664 @T@TT  T/T  TTT T VTsATk T[Th!@Vv  vv @vv@vxx@x @x  x x x  x  x x  xx  x@x  xx @x xxxx xx Axtx| x@xvvvwvh vx@vx  vt vt  vt @v| @v v v@v v vvvv @v?v  v v v v?vv@v v0@  ?@@/ @vvv v v v v v v{@v{vw vgv\ d @vl  vl  vp vt vt  vs vh @vxv v|xtz{||zt@xx vx vx  v|  v @v  v v v  v@x @x                ܴ  ܰ  ܰ   @?@pO@`?T?H  L@d  _] ]{}_ }} @~/~pM4/$        '@?[}k]t @=|  =|=p=s@;= @= ] @/ @  Y [@[[ @]  ] ]]]2?}}>]]A]] {  [  ]] ;;;s;l  [p  ]l  ]t @[ @[  ;  ;  =  =  =|;w;o [h[d  [`[`  ]d ]h@]l@_t _p  _p  _t  _{@]_ ]  ==|=l[h  [k [h  [d  [`  [`  [\  [X[S{K {G {C {C {G }G@}K }S@}_@}o}x  @^ \ @Z Z  XX V VVXX XVVV @VV6  66@T @T@T @T@T  T  TTT T|VxVl VdVXV v vvv@vx @x  x x@x  x@   z z z  z  z @zx  x  xx  xxzz  xx x|?x{ x{BxPx~xv v|Ov@@v|  vtv|@vtvp  vt  vt @v|@v| v  v @v@v ?v Avv v  vv v0 v0v0v?v v@       vv|  vx vt/vx  v|  v{vsvo@vovc vh Avh@vkvc vp vx vx vtvhvl @v{v vxozo| Az x|  v|  v|  v|  v  v  v  v@v  v  v  x  @   @     ܰ  ܰ  ܯ  @  /0 p?`/d @~|0^@_@] ]k [X  {g?}A  ~~>L>$        @4 P }h @]t =  =|=l=h  ;|= ] @]@/    @Y@Y Y [[@]  ] _0}}]] ]{@] [[ [  [[  [[w[k[k [l  [p @[x @[  ;  =  =  =  ={ =s;l  [l  [h  [h  [d ]d ]d  ]h@]t@_x  _t  _x  ]p]t  ]{ ]] ?=|=t]l[d[d  [`  [`[X{W {W{K{D  {?; ; ; 7 ?K@T}h  }p ~\@ZX  XX @VVXX X@XV@V@X X@V@V @6V@V TTxTT  T TTT  T|TtVp?VX@vt1v x@xx  x x x x@x @x@xx@         ??   xxxx x @xxx  x?x  x xxx?xvv|0 vxvwvlvxvsvp Av|@vvvv v v vv vvv v@v vv v vv v v {vw vovo vs@vw vw vtvp  vl  vhvdv\  vd@vh vl@@vl?vp@v v{vx@vtvo vh @vp  vx @vxvt  xlz{|| @x vv vx  v| @v @v  v v v v v@v@v@@ @          ܬ  ܯ ܨ  @@ ~h~p^ __]s}d{\ {h } ]  |N4O?  #@3S{d ]]/[|;h=d@=] @_ @  | @Y@Y Y [ @[ ] ]  _!A}}?] ]A]s@[t  [[ [ [[ [[o[c[c [g@[p @[x @[|  ;  =  == =s=k;g [h @[l  [l  [h  ]h  ]h @]p_@_ _|_t  ]t  ]o]o ]w]@]  ==| ]t[h[d  [`  [`[T{O{K{C {? ;3 3 / + 3@7Xp 0~ Z@X @X  XX  VV XX X  XVVXXV V @6V@V VTT@TT@TT  T@TTp  VovX Bv@xx  @  @   @@   0? ?x x  xv v x x x@x x x @x ?xx? x v @v  v v|vt0 vx vsvlAv0v @v@vv  v @vvv|Av ?vv| Av @vv  v  v v v vvv v{vlvh vd  vh  vp vp vp vo vl  vp  vl  vd vd@vp @vx v @vvx vxvx?v{vcv`vp v|vt  vw vp @xpzt @| @|  x{ vwvs vs vw v@v v v|  v|  v| v@v v@@       @    ܬ  ܨ  ܤ @@ @sh  ~t ~ @__]l]`{d [p@[{@]A?Ad^@0? ?  ( Gh[ [  [/@[h?=l]]@  π |  y y y [@[] ]_!}}]]s ]p @[t @[x @[ [ [[{[o[g[[[S [[@[k@[w@[ @; =  ==t=k]c[c@[h @[h  [l  [l  ]l  ]h@_x?@? ?_|_t]h]h @]p @]| @] @] =  ]|[t[l  [h  [d/[\[L{@{<  84,+ # # ' +S@| ~ @|Z @X  XX  X  V @V @XX ?X VV V xX VAV  V4T TT/Tt TT @T  T T VVp  VhAvBx?k SKG K S _s@@ @ @ܼxxv v vx|  x|@x@x  x  xxwxx@xp@x?v v  v vv v vwvl vx v?vvw@vt @v  v @vvv v@vx v v  vv v  v v vvw v| @v{vp vt  vx  vx  v|  v|  v|  vx  vt  vx  v|  vx/vt  vt@v| @v|  v @vv  v{vovd vd  vt v| vvx vx vx xx  xt  z xxtxl  vh  vl  vo vs@vw vt @v|  v @v@v v v   @   @  @  ܤܣ{  k@W _@~s~@__w]l]h ]h [t [| ]}  NTN$/    @,D t{[ []p]t ]@}{?}k@}w w x  yx  yw ys [s@[ ] @]1A ?} }A}?]g@[l @[t @[x  [|  [ [{[p  [h{`{P{G{G{[[k[ ;  ===t]d][[[@[g@[l  [p @[t =p =|  ?@? @?  ?  ?_t]h  ]l@]t  ]x @] @]=  =  =[|  [|  [x[l[T[@{<  80(#  @;w ~ | Z @X  XV  X  V @VV VV  V V V  XVV VV44T?TTt  TAT  T  V@V @v?v|?v|@vB?/>G~/+ '' ' /3;cܟܻܼ  @  ܿ ܻxxvtvx @vvwv{@x@vv{߀vs vtPvvпvvv  v ?vvvx v|  vtvt vwvs vlvx v| v  v @V@vv vv  v ?v v  v vvx  vx v{vx  vx  vpv{@v v{v{ v v v v v|  v  v vvx  vx  vx  vx  v{ v{ v{ vovovl @vp  vt @v|@v  v  v|v|vx  xtzxxp  xp  vhvl  vl  vl @vp  vt @vx  v{ v@v v v  @     @ ܠܗxok@gSC?@Kc~k o _g ]d  ]h  ]l[t [  { }} NHN(/$@0 D | {  {[]t ]@_  @@g}O@}_@}k_tyl  yp  yp  {p[]!]?}A}]{A]d [p  [x @[| [[t[t  [t  [l{`{T{@{@ @{L [h [ ; @===w]g]S[P @[d [p @[x ;x =| =@=@? ? ?  ?@?l]h  ]t @]x@]@]@]]  =  =; = ==x=`]H}@ </' @/   @4 h|@ZX @V  V V@X V  V V VV @VVV  XVVVAV44 4@TT{TT@T V vvAx  xA }A;        @+Ѐ[pA@/ܼ@ܬ Ax| x vxv{Vs Vw@v{ vs vwvlvt0@vv  v  vv v  v v vx?v vx vx  v| @v|/vt  vx @v| @v @v V V  V  VVV| V@V Vvt vx v vwvo@vw vt vt vpvl  vx @v{ v| v|  vx  v| @v  v vvsvo vo vk vk vo vo vp vp  vt vx @v|  v  vx  v vx  v| v| v|xtzw {zkxo@xovg vo@vo vo vk vk vs@v{@v v v @ @     @   @   wg\ @T@@00 @CS@_@[}[@]h @]h]l  [s@{{ {s{gk x>DN(7@Gs{{[]l @] _   @`@  }K@}_tYp  yp  yl  {t[]1} ?]߂]]hB[h[t  [| @[  [[x[x  [x  {p{h{X{D{@  {H [d [ ;@==|=o][]L  [T@[d[p@[@;  = = @= @= ? ? ?=l]k ]t @]@] ]  ] ]  ] ]  ]  = @===p/=X/]H@3$@4Q@q@?|pzXXϯVǠ Và Và X VV V VVV AV @V  XV  VVATT 4@T@V  VtTTT V@v x A/ ;              ,cA10@@ܫ@/x vvs vl  vl vt vt  vl  vp@v@v  v v v@vvvv{ v| vvt  v|@v ?vvwvsvt v v V VV @VV{ VtVV @V ?VVs vw vovh  vl vp @v@v{vt vx  v|@v@v vvwvo vk vg vh @vl vp  vh vh0@vp0@vp  vp vt@v@v  v v{vw vt  vx  vx  v v vxtzl  tzhxd  xg v`  vd  vd  vd  vd vd vh @vp  vs@v{ v|   @x  @ @  l`\ @X@00 @;@G@O@K }S}d {l  [l  [o {ky_OC@g /tN<??0@< g{@{[o@]d _@   @d @7 }S }|Yx Yt Yp[t @[]!}@]]]l@[p@[x [| @{  yYx  Yw Yt  yp  yly\yL{D {L@{` [{;@===l]W]P @[\@[l[|@[@;  =  =  = = = = ==p]h [|[@]]  ]  ]] ]  ] = @=  ==|=h@]P}@4#(P]!Ba~|?zzXV0V@@VP@V`Xp VoVP VP V?V0V@V  VXV  VV TT TTV  V/@TTV  V xz@K@ /              # S   ܼvsvl vp  vp @vw vw vt  vx @v vwvt @vtvt @v  vAv Av/v{vxAv0v?vv{vx  v|?v|  v|@V@V  V V@VV{ V{ V@V VVtVt ?vtvl  vl @vp  vp  vl  vp @v{vs v{@v{vs vovkvk vovk vl @vp  vlvl @vx @vwvw vw vs vs vo vkvlAvt0@vx@v  v|vt  vt  vt  xpxkwzhzd  xd vh vh vl vl vl  vl  vh  vl  vp@vx  vx  |  |  x x      @    pdd@dP/</8 4  ; ? ?@L {` {l @{l  {g {_O;4 @Co@ߗЁ  ?Aln</< \ {l @{l[`]h_  @@d @@,  G Y Y|  Yt[x [!}}ހ]A]]x @[@[{ @{  {|[p[p  [p  [l  {l{`{T{L  {T@{d [s@;{@;{=s =h]X]\ [l @[| [@[  [  ] ] = == = =  ] [  [@;@]]  ] ]]|  ] @]  = @=  ===p@]T@}D@pu2C!༾ ?|~|@zBzXȐV @V @V@V?X  VVV  V V V@VVVV @VV?TTTT VV  T @TV v x @z  @ޓ~#@#       @  @ /ѿ ܼ tvp  vt  vl  vl  vp  vp  vx vx  vt  vt vt @vx  v@vv?v?vv@v@v ?vv{vt@v{ v{Av0V V@VVVs Vp Vx V|/V{@V V  VV{Vkvg vc vg vc vk@vk vl  vl ?vg߿vWvL  vL @vX @v\  v`  v` vh ?vg vg@vo vk vkAvl  vk vd  vd  vh  vp @vt ?vw vw vs vo vs@vt  vt  vpxdzp zlzd  xh @vl  vl  vp  vp  vp  vp vp vp vx vx  vx  x  |  v|  x     @  ܄tdh l\H<4  4  3 8 @L _@{h @{g{_{S?3/8  Ks@  /@`O?H@\ {k@{h[`]l _  @{l<@(3  9  YYx  [xA["}}]@]]@[  {  {  {  [t[p  [l  [l  [h  [h  [`{X{P  {P @[\ @[k[s ;o ;l  [h  [d @[t@[|@[ @[  [ [[ [[w[o[o@[{@[ @[ ]  = = = ]@_ ]]]  [ ;?;==?|/_|~AAؠ~>~׿ |||/|k|gB| | | z xX X  X  X @V@V@V V  VV @V  VV@V VV@V VV @VVTTVV @x @x   sA @  #  >  @     +@ A @@ܼ  @A vvpvl@vt  vp vw?vs vs vp Av| @v|  v v v vv v v v v?vvtvp @vx  v{ v@vv| vxvh vt@V?VVw V|@@VVvxvl0@vt vhvh  vc vd vh @vp vgKA<  HvT0@v`0vp @vp vh  vh  vd vd vd  vd  vd  vd  vh  vgv`  vl@vs vs vl  vl  vp  vl  vl  vp  vx @vx  vt  xhxp @zpzl@xlvl  vl  vl  vl  vt  vx  vx  vw vt  vw vw vw vw vx  v @            tdc@g [G80  ($  7@G[g@ydWG8,  ,  0 @8 @O@A  ?@lO`0?}d ]g[dA[x ]? @@k 8@(  , @  99|  Y|  [B[>] }_|]]] [[  [  [[p[l  [l  [h  [h  [h  [d{\  {T{S@{W [_@[g [g [h  [h  [t@[|@[  [  [  [[[s[o[c[[[c[x [ @[ @]=  ] ] ] @_ _]]  ==?]]@]_q>_?~?~ ~ǿ~^~c_C?B<@ ~h!~ | | zzx X  X X @VV @V ?V  VV V  VVV V AVV ?V VVAT?TV/VV@v @x z _ @@  ALA(.       ( t   ܸ@vtvt @vt vw vsvl  vt  vt vt @v@vvw vw@v{ v|  v| v@v  vvwvl  vl  vp @vw vx v@v vwvx v/v  VV|V0@V V V  v|  vv{vovh  vh  vp @vx  vpvpP vhd`@vlP@vx` vx@?v|0 vx?vx  vp/vl vl  vh vh  vh  vh  vhv`  vd @vk vl  vh  vk vo vo vk vk vk vo@vs vw xlxkzt  zt  xt  vp  vl  vk vk xo vs@vw vo vs vo vl  vp  vp  vx @v @ @          t`X  \  T@4,  $  @, @@ Xd @\O@40  0  4 @8  ?@W? A//l]`[h ]! ]  @@_ 8, 0 @  ;;|  [ [2[]]]!== ]][  [  [|[l  [l  [l  [h  [h [h[`{[ {O{G {K [K@[W [_@[d @[l  [x @[ @[ [ [[{[o[g [[[W [S [[[s[ [ ]]  ] ]  ] @_ ____?_ _` ߿___?goH8?0O@?X AxQ@ | |zzx @XXX @V V  VV @VV VVV  VVV/VV VV V V@VV V@v  xz\ $@@   @~+`B?        (@|#  ܸvxvt  vw vt vx  vt  vt vt  vx  v|  vxvt @v|?v{vwvw@vAv0 vv| v|vpVp  vp @v{@v{vx @vtvt v vV  V V  V  V Vvv{vkvg vd  vk@vw vs vxAv  v v0 v0@vvv v  vvxvt vx  vt vl  vhvd  vh  vh  vhv`vk vh  vhv`  vd vd vd vd vh@vl  vp @xpxh @zx zxxt  vp  vl  vhv`  xd  vk vk vh  vh  vh vl vt  vx  vx  v|     @      t`W W P@4(     @( @@ \ g \K?4  0  0  4  4  < @H W{ @?_p?@]p! ]@_@ w O@40  4 @  ;;|;t  [2]]]{]?=== @]][  [x[l  [l  [p  [l[p  [h[\{W {H{@ @{D  {D  {K@[S[` [l @[w {{ {{{{o[_[W[T[T [T[X[h @[x [A ]] [ ] @]@_  ___~~P~㿿ǯ _ _@]_A}P@}P}D?H0AX`l@? | @| z zx @xX  X @XV  VV V@V VVV  V V@V@V@VV@VVV! V?V  V @Vx@z?@\, @     ?             812ܴ  @xvxvx @vt vw?v vxv{vw v{ vwv{vs vt vl?vp@@v| ?vx x@x{voVp Vtv  vtvp vs vx vxv|vV  V@V V V Vvtvl  vhv`  vd @vl @vx@vx  v| v@v?v v vv v@v vx  vt  vw@v@vt  vt  vp vl vp@vx vlvl  vh vl  vh  vh  vh  vl  vl  vh  vl @vl  vs@xsx_ |ozsxs@xp  vp  vhvd  xd  v`  vd @vh  vp vt vt  vp  vs vw@xx @    @ @    x@`T T @TD8,$$ @,H`@h TC7 0  0  4  4  4  8 @C G@Oo}Ѐ _/@_ _ @g G@0  4  8 @ @;  ;|@;!]]]] == =  ==]]|  [t[l  [p @[p[p @[t  [p[`{X {T/{H{D  {H {H  {L @{_@{h @{s {w@{w {s{k{c{X [\ [` [` [` [` [d[|[]. ]x ?;= =@_ ?^~Q~ ?￾ǎ_@?==x]h]\{X{PPl   | | @z  zx  x @X  X @X@X X V  V@V VVV VV?V@VVV@V  V  VVV V V  x  xB>X8>  A        @/@,a lR?! vvv{vw@v{vsvt@vt vt v| vx/v0 vvwvs v|@v| x=z`zwXl  Vx  Vw@V{@vtvp@vtvp  v{v vv V V V VV| @V  v|vgvXvd @vh  vs vl vl vp vt @v| @v @v v  v|vtvp vsvk vo@vp  vp vp  vs vhvo vo vo vo vo vhvd  vh @vh  vl  vd  vk vlvh vl xl x\|g|k zlxh  vd  vd  vd  v\  v_ vc@vh @vl  vp  vp  vp  vt  xt  xx @     @ @  |hX \ XH8(   @0P` @dP@80,  ,  0  0  0  4 @<  <  C G@}_ }{Ѐ___   {@{S ;/+ 3@  ;  ;x=B@]@]]B= ==@= @??=]{ [t  [p[p @[p[p  [s [p  [l {l  {h{T{L  {L  {L  {K {S@{c@{c [g {c{_ {X  {\  {\  [c [h @[h  [h  [h  [l  [{ [@].]|=@= __0~܁  ρ_x  ?@=  =  ==x/]h[`{X {\ @{x! 0 ||  z  zx x  x  X @XXX X VV VV AV  VV ?VVV VV  VVV  V@V@V @x @x ΀h_<@ P0?A    @   04P\1 ܘ1  ܷܿvv{ vtvx@Vx  Vx  v| v|  v|@v@v  v|  v| v v@vπvw@xoށ\D  \lXt ?VwTo@Vt  vx  vt  vpvp  vl/vh  vp@v{@V|@V  V  V@V @Vvg@vX@vh@vk vk vl@vt@v| v| v0@v  v  v @v vv|t x  t  t v| @v| v|/vpvp vl vp vh vh  vh vh vh vl vh  vh  vh  vh vp  vl  vp  xl  x`|d|h zlxg vg vd  vd  vd vd  vd @vl@vp  vt  vt vt vt  xt  xt  { {  @@   td`  XL8( $@@Xd @dO@40,  ,  ,  0  ,  0 @<  8  8  8 G}WЀ}{ @_ ~ o@{K {0##@+@;|]1]=]]?]x =?=w==?  ??]t[p  [o[k@[o [k [l  [p @[t@{x {l{`{P{D{L{D  {H @{W@[_[W{S {X  {[ {[ {\  [`  [h  [l  [h  [h  [l [p @[] ]@]]_q@~@A?As_t _t  =| @= @= @===t[h[d[l @{@}  @~| @|  z  z  x x  x  x  x AXXX @V@V VV V V VV?V@VVV@V VV  V @V @V  x@x@/?KÚLA8/@ A/00 H1hp܌`0   xvv v V ?VV{ v| v@v vv vw vsvkvl@vx0vtOXh/^G^tZp@VhTl Vt  v{ vwvp  vp ?vs vx Av @v VV V V?VVov` vc?v_ v_@vd @vo vo vo@vw v@v v v@v v | xlvp @vw@v vxvw vt @vx  vt  vx  vt vt  vp  vt  vpvhvh  vk vs vo vs xo x_|k|l  zhxd  x`  vd vd vh @vp @vp vl vp  vp  vw vw vt  xt  xt  t  p  t  x @@   sg[W L<,$, @D [@d @cG@3/+ (  ,  ,  / /@8 @<  8  ;@C@{C }W}wЀ   l }H@{0/$     [|  ]2]~]]|] ?=gA=g]]?  ??]t[p  [g[_@[d  [`  [p  [t@{@{|{x{d{T{P {H  {D  {H @{P @{S [P  [P  {S {T  {S [W@[_ [g@[k [g [k [o[o@[@]]@]| @_B@A~@|_t @]{ ]s ]w@= @= @=;==t[l[t @[! }~ @| @|  z  x @x  x  x @x  xXXX @VVV@VV @VV  VV?AV0V?VV VVV V@Vv@x?@xO`ptOD>00$A0 0@( @0  @ \|ڠ0ڰ@  vv vv v V V| V@v  v  vvo߀vg vg vlvp0Avx@@v{VwAXl^<^oZoVs@Ts?VsVo@vp  vx@vxvt @v vv  V0 V/VVVxvtOvdvWvL  vX @v_ v[ v\ @v`@vh vt  v| @v @v v v w x  vt  vt?vw vx  vtvt  vt  vp  vs vs vovk vo@vovcvd @vl vl vl  vp  xl x`@|` |l @zlxh vh vl vp vx  v{ v{ v|  v|  vx vtvp  vp  xt  xx  t  p  t  t  | @xsgWKK H  <0(, @D W@` @_<@,  $ # ' ' ' '@4 @8  8  4 8 @<  }G@}SЀ}s @ A/@}\?@}P?@?8?,/t ?]!]]?]]|@][T[\ @[w]=  ?  ?]x[l[c[_ {X  {` @{h @{p @{@{  {t{h{\{P{@  {@  {D @{L  {S {L[X [\/[T[P [T@[X [d  [g [c [c Y[Yg[t[]Br ׾A~~@^A^x_p @_t  ]p  ]p  ={=; ;;;|;t@]|@] __@~ @|  z @zxx @x  x @x XX XV@VV V VVV@V AV@V  VTVVVVV >V v @v  x @x  x?x0 xAxlOl` h\ ` `@p@`0?    x x vvvv  v  v|t| @v @vvvoπv_vSvT vgvwAvwTkTx0 VZ^X.^[ZX @vd@Vl Vl Vp V V Vx  Vx  Vw V{@V vVx V| @V|Vwvg@vKvL ?vS vS vT @v\ vg@vk vk vs@v{@vv0@vAv/ ?ph vh @vo vo vs vs vwvl  vp vlvl  vlvd vh@vh  vl vl  vo vo vp  vo xl x`@X l @k g vk xk vo vw vt  vt  v{ v v  vxvlvl  vt @xx  x|  x  x  x  | @wk[D<?@D @@8((  ;@KW S8,      @$  $  $@0 @4  8  8 < <  <  ?@}` | @ /}?}x@ p_h_PO@o@]C]~]]?]x][X@[`@[l ]] @??]]l[\[X @{\  {` @{h  {l @{t @{ {s{g{W{G<  @  {D  {H  {T0[d@@]t0@]p/]d/]X]X  ]\  ]`  [_ [[[W [P A[W{s{A}`A<מ? _ @^ ^^|_p @_x  ]t ]t =t @== ;= ;|;x @== ??@_ ~ @|  z @z  xx @x  x @xX  X@XVVV@V VVV V VVVATT@V V V Vvv v v x xvv v v@x   @         x  v  v  v  v|vt tw t{@t @t v vvxvh  vh0 vd/v` v` Tp TtT|T V{Zw^h^d  \dvo@vs Vt  V{ Vw Vp  Vt @Vx  Vx V @Vv|  V@V V{VovXvT vPAvT@vXP@vd0vl/vd  vh0@vp0 vl0 vh?vkv{@v v @ //tvl  vl vhvd  vd  vd  vd @vo vkv_ vc vc vg vg vk vgv\  v` @vk vh  xl @xd@X @h @d` v` xd xh vo vp  vs vo vo vs vs vo vl  vp @xx  x|  x  |  x  |  xl`TD<< @D  D @/4/, 0 @< L @L<0(    @(@, 0@8@@  @  H D {@<  <@}h!@!        }  }0 }O}O}_@p }"}]ހ]]= = [`[h [p @]]??]/]p[`[\ @[`  {d @{g@{l @{p  {s {k{W{G8< @D  {H@{T0@[l [ @[  [|[k[\[\  [\  [\  [[[P[L  {P @{P {cA}2!?= __  _A_^/@_t  _x  _| ]|]t  =| @= = = @=|;@= =A??_ ^ @| @zz @xx @xx  x @XXXVVV@V@VV  V VV VV @T T?VVVVV vvv  v  vv|vwvs v| v@vv v@v v vvv v v  v v vv v  v  v|  t| At0 t|v|vx  v| @v| vsvlvl0 vt0v|TT| TxTx Vp Zl ?^l ^_ \\  v\@vh @VsVgVd AVx@VVw Vw VoVs@vx  Vx Vx vh@vOvO@vT vd vo?vo vo vovp  vw v{ v vv| v  vt v A|vx  vx  vp vp vp  vp vl  vkvcv\  v\  v\  v_ v[ v[ vX @v`@vhvd @vl @xoxg@[@d @dg vd  xh  xl  vh  vl  vl  vh  v\  v\  vc@vd  vh  vl  xw@x{ x  |  x  |  |tdXH@@ @D @L  L  D8  4 < @H @L  D @4, (  , 4@8 8@D@{P@{T {T{L  {H{@}H}x!@        } } @} }  }?}3A}}] ]@==[d  [h  [p  ]| ]==  ]]|]h[\  [`  {_ {_@{l @{o {g{W{G;37@D @{T[t [ ;[{[k߀[[ [[@[\  [\  [[ [T[L{H  {K {T h"Bb?{_ ___ _/ xt  _| @_x]t  =x  ={ =w =@= =@===??A^  | @zz xx @xx  x XXVV@V@V@VVV  V V V ?VV/>TT/ T@VVVV?vv v@vvV Vx0 vt ?vw?v{ v @V VV v vv v vvv{ v@vvw t{ Tw Tx @tt vvv@v vv|p?v| vxv0Av|OTt ATx/Tx ATsV{Z?^t^` @\h  xg?vg vgV`@Vl@VsVpAVx  Vp  V|AVx v v{vovgvXvT ?vW vS vKvC vC vOvc@vc vk@vp0 vt  vx @v @vv0 v|vпvwvo vw@vvsvkvd  vl  vhv`v\ v` v\ vd v`/v` v`  v` vd  vg vd  vg xg x[@Sd @d  \  v`  xd @xl  vl  vl  vh  vh  vdv\v\ @vd @vl  vl  xp  xt  x  x  x  | @{ thWG?? C@K@L  HD @  D@P@X T  {P/H/D  D0 D0 H @P  {T0@{\0@{d  {d  {\{P{L{<}T! }! } @} @} } } } }@} }@}}2}} ]== =w[d [h @[p  ]t @]= @=  ]]]p[\[[ {T  {S {[{g {[{G{; 3(  /D{l [  ;|;w߿[[A[P @[P @{X@{X  {X  {T  [O{K {K }L \!B} A˾ w___@_  @xt _| @_x=t  =t=s =w ={@= ==  =@?_ |  z @zx  xxx  x @X XVV VVVV?VVVVV@VTTT>TVVVVv ?v VV V @VAVt  V{?Vw Ts Tw Tw T{ T T TT{ Tp  ts vw@t{ tsTs@TtTt0ATs vt  vv@v v v@v@ v|vx @v|0v @v@T߀T{ ToThVpZ^t_g\ox`vg~vhvdOv`Pvtv v?v v vwvw@v vsv_ρvKvD@vH0 vP @vT vX@AvXovL/vH0AvPv_v_@vsv@v vv@vv@v@vvp vt vl  vkvg vg vd  v` v` vd v`v\ v`  v\  v_ v_@vc vc vc vg vd x`  xXP@h hd  vd xd xh  vp  vp  vp vl  vh vdvd vd@vl  vl  xl  xp @t  x  |    x  tdTD8  88 @C C G@O L T@X \ \ {` {` {X X  X  {` @{d {h [l@[t [l[d[P{H  {<}`}?} }} } } ߀{w@}]]= ==k [g[h @[p @[p  ]{@]=@]  ]]|/@]\@]O }O }G G O K<4('@,!A`A {| [[w[W@[L[T?{[ {_ {_ {`  {\{X0 {X0 }T0 \@@ ?Ϯ;]._x0A_A_?_@ @~@ _ @_@__t =p=l  =p  =p =x@=@==w?@_|z zx @xxx@xXXVV V VVV V V V V@V VATTTTTAVVV @VvVV@v @vv{VsTp AT|0 T|P TP T0 Tt Tp  Tw@Tx @T|tp tp tp  tx  tptk twttv  vxv|@v  v v v vπv vv|  vTwTx@T Tw V{@Z^x_` \d/xhv_@vW@vcvsAv{ vw vw vp  v|@v  vvsϿv[xK xK vKvO vO@vS v[Ѐvg vsvt0?vl?vh@vh@vl@vp vx @vtvh vl  vl  vp v v vxvp  vhv`  vd@vh vh vh vh  vd  v`  v`  v\  v\ v`  v\ v`  v\  vd@vh  xh  x`T @h dg vg xk xk vl  vp @vx  vx  vp vp vl vp@vp vp xp xp  t  t  |   |  thXL@  84  ; 8  <  C S@[@_ `  d  {h  yh  yd  c yc {c {g {o {s@[w[h[`[T{T0 {T@ }t1}?}@}} {@} s C / C}@]]@= ==_[_ [g@[o@[s ]t  ]] @] @__]h/ ]L}G ?77@?@?4($ @LA@}| }  ][_@[L{T >{G߀? ?@{G@{O {S{[{[}` D }ş]A]0_@@/~/ ~t_p  _  __ ?x?l=k@=x = =x=x=x1_0|z  z  x @xxx xXX  V@VV  VV VV0?V?V V@V VTT| TtT{T1@V?VV V vV@vvvxvp0 Vp0 T T  T?T@T TVxThTc tgtotsto@t{@txtlto?tov v{ v@v@v  v  v@v_v0 v|/vp vlTo@TwT`T\@VdZ ^w_\ \p @xcxCvKvP @v\ vh  vl@vt  vsvo vo vkvW@xC7 7 4 v80 vH  vH vK?vWvtv|vsAvt@vl vl  vo vs@vAv/vxvovsvgvkvw?vk vgv`  vh @vl  vl  vh  vd  vd  vd  v`  v`  vc@vg vc vg@vl  vl  vh  xh  xXS@gd\  v_ x_ x`  vh  vo vo vo vs vo vo vs@vx  v|  xx  xx  | x x  x  |tlXO@  84  8  <@@ <  D @P @X @\  _ _ c c `  \  {\  {`  {h  {h @{l @{p {\{` {d  {l @}}}@}{w{s@{ o_ 8A $ @]]]@= =]WA[X{W [_@[k@[o ]{]@]]_]x ]P@}<7''@4 @<40 APQ}x@}?]]k@[\{d0{T@0L  L @T0 {T/{L  {X {`@Aqa@ßp/}w] A] } @@@_ _ ^A~^ @_ @_  ?  ??t=l ]s@]w =w=o߀=s_|zz@x  x  x  x @x@X@X  V V@VV VVVVAVV@VVs@T{ T| AT/T|T߽VV V@VVv|0Av0v߿v{v{@vT @T{ Vx  VsVk?V{ Vt vt  vt0 vd?tdthtd @tott t|0Att_tp  vp vx @v @v  vv_v?vvЀv v  vVx?TT/TcTs@Vp X ^x._`\kzXxT_vLP@vX vc@vp vp  vkvhAvx@Avt?vX/@vH?x@@ D0 H  L @v\ v\ v\  vP?vX@vvw݂vd vovp  vpvhvg vovw vx Avt?vd/v[v_Ёv`vh vd v` vd  vh  vh  vl  vl vh vhv`v`  v\ v\  v\  vXvc vg vk xk x\@L  ` d\vX  xX @x`@vh  vh  vh  vd  vg vg vg vk@vo@vw@xx  xx  |  |    tlXG<  84  4 @@ @D  @  D  L @W W T  X  X  \  \  X  yX  {X  {c {g@{o {k {`@{S?{O{W}}w} } {x{p@{t hL<4/80@]A] @]] >[g[L @{K {O {S@{_@{g@[p @[{ ]] ]_]d>]</@{,$  $  /8  8 TA@}0}{{h{h{x  {s{[ G K K G?CC}L t1b>@} }{}{@}]]?_   _ ^\/|O^P ^P@>P ?`@?o_o?p _o_xO_p  _d _tA__  \ \  z  z  xx @zzX@X @V@VVT  T@V VVVV{VTl@Tt/t?VwV{VwV| VVVxPVVvv`v|ovt@v>vpvp@tl?@T` Ts@T{ToTp@Tw?twAtp/tt@tptoto t ttOv0?v ?v@vv0v@vvOCv@v0~v Avx =vvttAt\VL0X^w_c^hzsx[@vX vd/vh0vsvw v{@V@V VXx?xp_xl` xtoxp@ v`O@vX vd Xl`XpX ~XXp/vl @vp0vxOvx @v  vvt vt vpvw@v{vhOvTov[~vg vc vc vd  v_@vc v_ vc@vg@vk vc vd @vdv` vd  v`v` vd vd  vg xXL  ck d v` v` vd @vh  vh@vl xl xh vh vh  vh  vh @vp @vt @x @|          |lXH<8  04 @< @D  @  D @K K O@O S S [@X  X  [ X  {[ {c@{g {d  {c{L{<{@ @{w}p}? }{ @{/@dOXOP0 P0 ]]]]>[K{G {C C {G@{S{_@{k [o ]{]@] _]/@]T/ {4( $ ,@8 L }t!?}?[{k{c{s{s{c{D 8  0 ?@<8  < B}l>۽o}O }O{? }@]]___@_ ^^߀^π^ ^@>? ??{_{p@_____ _^@\ \  z  z @xx  zz @X@X @VV6T  T T @V VVVxVToTo@VsVxVlVoVwAVVVV@VlVkv{Ѐv{v@vp/@vx?v{t{TsTxTx/Tl T @T|/T ?t|tx  t|  t|  t @t?t t v@vv  vv?vv?vðvv?Avv/Av ?v tgth  Vh AXt @^c_T ~o@|dxX?v_v[@vc@v` xh @Xx0@Z @Z @Z  Z  Zz zx{@xtx`/v` ?X?XXgXwVvt/vwvvt/vs?v{Avs vt @vpvh v`v_vkv`?vT  vP  vP @v[@v\  v\  v\  v\  vX@v\  v\  vc@vc v`  vd  vd  v`  vh  vh xdxXL  \ h  h  vd  vd  vg x`  vh @xp @x|@xt  xp  vlvd  xh  vp  xp  {@   @      xlTD84  00 @;@@ @D  D@  C ??@G K@S@T  T  T  T  {T  {[@{`  {`  {\{L{@{D @}k}"? }{ { |/l`   =  ]]@]@[D{7< @8  ;@K{W@{_ {` @]k@]]]]/]l? {@/@,(  , @@}d! }][c{;{Sd @l {h/H 7 08<< @}ta@KK;D!}A]?]@_s __ _ _  ^^/^  ? ?? ?t/?d/]\0 ]`]k_o@_o?^w@^ ^ @\ \  z  z @xx  zzX@X@V@V4T@T T@TTTAT0@V?VcV[Vd Vp  V|  Vh/Vl1?VwV VvlVl@vx  v @vvovgvWϿvXt`Tp  TwTAT|Tk T Ttw@t| AtPt/tx  t@t ?vV/V|VV AVoV VAVVV VAv@vހvk t{AvTvh xw?^dAW~l |hxS߿xX BxpPx`@xPz0@|  \^  ^  \ \Zz{ zwxwXlXl ZZWX[AXP ?vcv{vtvp v@v/vp?vx/vx@vxvt vtv`?vT?v_v\ @v`  vTvW v_@vk@vhv`vd  vd  vd vd vd v` v_ v_ v_@vg@vo xs x\P  ` h  h  vd  vd  vd x`  xd @ztz?zs xp  xlxhxh  xl  xl  t  |   @      xkS@@4  4  ,,  4 @@ @H @L@;/3@7@;@G@O S P  S P  {W@{\ @{`  {`{P{D}D @}[}2A}{{c_@cwAth/=|==]w[D{4  70  3 ?O@{X  {` @{c[k[ ] ]  ]/@]\? }4/@( 0@L }p[ [s[GA{4T t xpL03 ;@;AdaA@A{SA? ;0  lc}]] ]t/_ _ __  __/?  ? @??=o=_ ]_ ]cA]h @_o_g ^t@^^ \ \  z   @xx  x x@X?XVV 4 T@T@TT{߿Tg TgрTTV`V\0AVhVoV{VoVw Vov v vv v{vs vkvdvp ?vx@Bv|p@t|p T`@TtoThT AT|?T?TATp?Ts~TTTTЁT/VVVV AV0VAV.V?V VV VVto~VtPBvhv`Ovgvc xg~SL g|lzdxq@zPz0z?z0 ||~^w\czcz_x[ xW@xlZhZw \w Zl?Z\ ?x\ Avh0@vh ?vl vp vt@ v| ~v vv{@vwvk vl  vlv`vTvX@v` vX v\0@v` vc@vk@vh  v`  vc vg vk vh  vhv`v\  v\  v\ x\  x`  x[O _g g vc vc vd  xdzlz@|szl  xp  xpxl  xl@xp xp  t  | @ @      tcK@<4  4  00  4 @@ L @H  @/# ' + /@7@?@K@P  KL  O@W@{\  {\{T}H}L@}\}!?A?{}s {\ G ??G[c @= @=@=]k[H{80 @0  0  8 H @T @{` @{d{\[o ]] @]]x/ }H/ }0}4}X [x @[|[c {@{8 @\@t@P(( @7@D!Ab@Q~  o? ; 0<11}A]/]@=|@]s_@_@_@? ???  ==/@=pO=\?]T/]S?]O _[_h _2^?^ >@\|    xx  x  XVV V 4TsTk Tt0AT?TP.T\?T T?VsVhV|p@Th~VXvo@vc߁vW vd vw~vgvgvk vcvsBvx@ vx0@v@Av|@V?VV>V@V V|@VwпV0@V?VlV{VV_@V|/Vw|VVV߀VV|VVV{AVhVdVЀV BV|_V|0vhv_vT vO߁x_~PAKh~q | z|  |߾zz{_zkz[zSAz<  zC@xD  xLv[@vgxszg@ZP \o?ZoXo v\vO?vcvl vk vl @vt @v{ vvxOvs vt  vlv`v`  vk@vd  vd  v`  v` vd  vd  vd  vd  v`  v`  v_ vg@vg vg vg vc vg vg xh  xh x\|L  X `  d x` vd  v`zd@|?|{ |c|k@zs@xw xt  xt  xt  xt x x@ @   s_H8  0,  (  ,  4 @8  D G ;$    ( @,  ,  7@?@K CC G@S_@{_{[ }P}T }p s }k{S@?3 / 3@GЀ=  =!=?]c[L{8@4 @0  ,  7D @T @{` @{d{\[_}w]]]_h? }@/@}D }h [ [x[X {H<@`@ @\,@'@0trA  ~C8  3@(@hS}] ]= ]l  ]]  ] ? ? ?  = = ===t]h/]`?]XO}T@`@__^ >\|@zx  xx  x  XVVV?T{TlT\TsT@TxPBT_T TT|/Tx TЀTT`@vSv[vpPvov_߁vX vX@vd @vl@vl0>v{@v@v?vVxVoV VVV_V_VVAVoVx?VwVV~VxVx VsV{VVV{пV|BVk>TpTp@T|0@TVVvt vd??vd vdP@z`~\x@p~|@||~|[AzKxL/xX0xX0?x\ xh?xXvPvS@vT  v`xp/AZW>\TA\kZoxh @vx?vho@vPOvWvd @vl @vt  vp  vl vk߀vsvtvp  vl vh  vh  vo vp  vp  vl  vl  vh vd  v`  vd  vd v`/v\ v\  v`  v\vWvW xW x_@xc x[L  X `  h  xh  vh  xd zl|?~c ~[|\ @xg@xk xo xs xw xx  |     |  wg[H<0, 0 4 4 @8  C@4((@( ( ,  0  ,  7@? ;; ; C@O@{OA}S}P A}T} @c}W߀{?3 0 (   ' | @] ]?]]\[P{@4  ,(  /@?@P @{` {h{`[S{[] ]A__/@_\? ]X ]t[  [t[X@{LD@d@   @`,@#D2Bb  ýcB@<040ýCA}]A] =]t/]| ]0 ]0 ?0 ?@ ?@ ?  ? ???w=l]l ]l }l0@x@_@_?>^@|zx  xx  x  XVVTTk T|ATp/TpTTTTTTwATt/TxTcTKvGv<vWAv\xL x[vh Avh ?vwvvP v/VxOVx V{V\Vk?V ?VV@VV V/~VVVCV ~V/BVw~VAVO VgV VCV_TwTt Tx Tx?T{@TTVx ~vwvk߿vT v_ zpP~?0@~ c|[z_xXxL @x[@xS xKzdx`@v`vX v[vcZ{ ^P_h0\`@Z_ x[vg vsAvwvhvd  vk vo@vt  vw?vsvd/vovl  vl  vp  vs vp@vx@vx  vt  vs vp  vp vl  vh@vl  vhvd  vh vd v`vXvP  xP@x\@x` xTL  X `  c xd  vk xh  zp  ~o~X~T @|` x`  xd  xd  xl  xp @xx @      xtdTD<44 8@<8  7 ?@  80  4 @<0 80 8  8 4 4  8  8  0  0  7@?@C}H }L }S}@@@{S}C{4,  / /# |  ] ] ?]A]d[P{D4,$( 8 @L {d {p  [h[P@{G}_] _ __|?@]x0@] [  [p@[W{PH @d    @d4@( ݄P  ́K }@A;8P3 } }}w] =0@]/]] ] ? ?@?@? ?  ? ?P ?p ?` _O_|{@@__> >@\  zx xx x  XVVTTp @T@T  T@T  V~TTwTWThT?T{TpT`/v\ vLvD!?vp Av\?x`vt vv|vkv@VVVV^V`Vg?V{V VV V~VV|/V@VV BVV.VoVV|OV>Vp V V|^Tt T|?TwT`TsT?V|vg>vh?vh vAz`~ @{>~OC< <  @@xD  xS@xS zG zTzh0 xh0 v\/vP  vLX`!\k_P]w?\l AZdx`vTvP @v` @vh xh vh vh  vl @vt/vd/vsvl/vl @vt@vt  vpvo vs vs vp  vl  vl  vo vo vt vtvhvd vg vg vd  vd v\  xd @xh xdxTL  X \  \ @x`  v_ xc@zl  ~d~T~X @z`  xd  vh xl xl  xt @x| @        |  xhT@<  8  8  <  @4/3@@  D D  H @T  T  P/D<8  8  8  0  ,  0 @4  @}D }L}H  }{@@s@G}7{0  ,  ,  $  |[@]]A]p]\/{L/{8{,+ @4 @K@}h }l @]l[\}D}?}k@__0 ]0 = =]h@[P{L  L @hA@/`}0?DbR   =_}C < @< A3!} }k}]]]k@]w ]|_PA_`?@ ?????{_wA_A_|?_tP?_p/_ _ _? >\Zx @xV @V@VVVVTTT{@TV@VcV{Tt?~TGTsT tptg@tx Avl_vTOvHvg vlvgAvs@v@v @v|/Vd_Vo?VVh??VV0 VVx?VwV VPV/VV/Vv@v|/VVVtV0V~vxvkvV VAVV?V|/VdOVd >VsAvoxp`} n}S;A, @8 @G@  H @O LK <|Szk xg vk vk v`/Zp ^T_h^o Zkxhxd0v\/vL  vH vP @vc߀v[vkBvp vpvtvd?vkvh @vsvw vpvp  vl  vl  vh vo vp vlv`vc@vo vo vo vh  vk vk vk vo vo vk vg xXH  T \  [ T  X zX  ~`{_ T|X @z` @xh @xl @xt @xx xx  x @      tt  k@W@/80  4  ?@;/# +@@ L T h @{l }`}T}H<  8  ; 4  4  4  4 8 @@L@}K}?}g@}h {<{4  40  ,  (  {;!]] ]t]h{X{D{8/@0 @$,A}D}g]l @]t [d{L/@}8?}O{ _@_ __|@]`{P{HH x O.h4CTN}3?< TRA=  >k@7}]]x]po]P]0_?_@?????/? __?_^___@_ ?>\ZX @VVVV V@VVTp @TwT_TlVd.VOVgVTTTl@~Tt tS@v?@v_vcvkvX@vOvgvl0@vx vw?v{?vv{Vl/V~VxVVVoBVcVt Vt/@V>VV VAV@vvV VVpV Vv߿vd?vsV  V{Vs@VV Vt@Vl?Vd ?xxDġӮ^ Oß8 84 @<  8 < @G ?<<  8D SAvX@vd@vo@Xl \k^O_p ^Wx[x[ xg@vWvK vK vO v` AvXO@vWvh Av|vs vs vhvd @vl vh  vsvp  vp  vl  vl  vd?vg vc v`  v\ v`  v`  vg@vl  vh  vd vd vkvg@vl  vhxTH  T \ \ @` \zW_{W S |X x` @xh @xl @xt @x| @x  z  @ { to_T AX/@@,  4  7 / $    @;L d s {s }k}W}G<  73 3 4  4  8 @@  H@P?/[@@h 84  40  (#   t @;]ށ]w]s ]l  {d{X/{L/{@}DaC}}`?}` ]l @]w [l{T}@}D h@ @ __/}|O}lO\O@L@{.tN `Ca￿@[=_P>@ [ |@߀!A>KÝ0  }t}? ]]]p?]A]]=@????w?t@?@?  __s_d/"@_]@? ? @\ Z X V  VVV V@VTx  Tt@T|@TX/V_VgVhPVh?VwVVwVw@VlNvH ?vcvh/v` v\vL  vP  vk@vp  vp vX/@vovt v|  vv/VAV?VlVl?V_?VxV|/VVVЀVV  V/V?VwVsVt ?Vw@vdvkBvt ?VsЀV?VxOVw@V V AVoxAxa߿mg^SG4 84 @8 C; ?@C C ?7LT @v[ vW vT @Xp \[A_X1_o^W x` @xX x\v[vKvD AvL  vX>vh vdOvgvkAvt vlvl @vh?vk vo vl  vt  vpvlvh  vg vd vd  vh vd  v`  v`  v[v_ vc vg vk vd v` vc x_ xPH  X d  g gX|X WO P  zT @x\ @xd @xl @xt @x|  @ @w w p  k\ h@_;, @4  0  (  $  $ @4 L gg{g}[}K<8  0,  ,  ,  0 @8 @@  H @K7,  S 񀝬@h 80  3/ #    x; ]|]?]g }k {k {d  {X{P/}R}]_A]h ]p  ]x@[t@[\}dPP@@??P o_>Xt  Bn@ē  wK7oÝ;7ЁC/쀝D@TP?>}A]]l]H][}k@]] @=  ??? > @?0?P >` ^__]]@=? @\Z  X  V  V@VVVVAT| Tx  T@Vd  V` AVh ?Vk?VsVV Vw VkvtvH? vGvlvovS@vO@vKϿv[vk vsЀvo@vlvsvx AvvBv0VπV|VxVl0Vx V BV0VV  VV VVwVl Vt/vAvovgV`/VwVp?VпVVt/VxVx!DxAz k\`Xo>3￾/@7@@ @?38 @@  <40 ,0 CO@vX vT ?xW@Zg^K_l_c@^HxO@xWx`vX0 vH/vGvGv[Bvgv{BvpOvhvc vkAvhvl vhvh  vp @vs vp  vh  vh  v\  v_ vc vg vdv\  v`  v` v\vTvW@v\ @vg@vkv_x`@xPD  W_ _@`  W~[@OH @T  X @x\ @xd @xl @xt @x|  | {{ wo l  l  d @d_￿G@40@0,  $  $     ( @3@C[WKC;7 4  4 0 0 0  0 @8 @<  H?0,  Cp@4/ +#      [?]A]@][ }W{[{` @{c [h]]]`@]l @]t@]x [x@[x0A}A 1 0 0@?  /ݬ? t.k0 !@ ?@[?}+ @C@T\Ý8!"?} }}[K@O}A] ]t  ]P]L {c]w] = ? ?0 ?@ > @>?>@_pOX_pA}0]@=x @? <Z XV @VV @V V T@TwTs@VsV`vov[πv[v|@vp.vKпvcvT/vWvSAv\0vcvW߀vCC 33пG@C Wxk@vhvt vovg@v{VwVo~VVx/V|V  V VAV/VVVVo VgVxvvpV` @Vh@V|@VtVt VV{Vsx| xPzï|~WoCp0 g￞L?4_,O,0@4 @<  8?8 ?; ;/8K@H?PxL?x\|[ _D_^TA\L ?xH xWx[vd/vXvOvP@v@ vWvo@vv|/vXOv`vh vl  vp  vp vp vpvh  vh  vd v\ @vd  vd  v` vc vcvX  v\@v`  v\vX v\ @v\  v_ v_ x_ zPL X` d dT~WD @P @X@`@d@l@xp @xx @x     | xpl  hd  `P@<40  +$    @$  $  7S@H<30  4  8  4  0  0  , @3 4 @D @D  <4(8    x , #@ @@![]{].}\.}H {P  {[ {X[|2A]]{A]h@]t@]|@]@[@]! }1@     @@ߜ^ApP"@!?? _oB}7?} @+᾽t ĝ\b} }}}O@H?}P0}A]]x@]X@]G {W[p ]=0 ?? ? >@>>^^g@S_}A]=s? >@: XV@VV ?4 T@Tx@Td  Tdv_ vh v[vLAvXvovWvD v`v`v<vH v[vWvHD D4/0/,@,3S _@xk xpAvW?vt!Vp?VX?VwVV0 VV VVV@VV VhVhV| @vvwVt  Vt@V @V|Vp ?Vx @X|Xp@AXAzzs]|_LO࿚[?@;33ACG G C <<  0$ @;? CKSzk?~K@_X1_o^OzHxDxHxCv[v\vT  vX ?vXvPv` vp @v vtvh vl @vl  vl @vw vsvp  vhv`  vd @vh vh vh vl vd  v`  v\ v\  v[ v_@v`  vXv\  vX  xX  xX SO@_g gc@X APD @P \ @h @h @p  p  zx @z    t  t  lgd  \PD80,$     @$     +GL <,  0 @0  4  3 / + + , @8@@  @  <4,4 w @@(@  @  @[N]a]?}l.?}G@{P @{P{[["]]o]t@] @] ]  [ @]       //@?߰_ AA A_]t0}T~ '@ @gAa~}}}}L{P@{X  {X  {[[x  [d/[H@[\q ]Q?] ==???@^^^d@^DD@AX1}]/=|@?0> :86 @6  64 TTs Td  t[vS@v_@v\@vT v[v[@vH@v4 ?vGv_@vPvX AvD?v?73@?A@  <88,?/@K[xo xT? voV{VV|@V VAVV V  V@V @VVpVdVg?vsvs@vk@VoVt  V@V VxVoXoX! ZzwzTOzKz\ CL0}SC0+' /@/0  <@C7+0!8+@( 0<AO@}l~S|?xKAxO ` X?@vP v` Av`vX v[ vX  v` vo vs vo vp vl vp@vx vpvl  vs@vx vt  vt  vt vt vt vlvt  vp vlvdv\  v\ v` x`  x` v\x\ x`  LH @X _\ [W}G D @T @\ @c@` @h @p @{@|  { { w s sgd Ah\TD4  0  0(     @$     @7L @D03 // + $  $   ,@ D@}D }@80  4 @k 0          A(0 ݌ [A[?]B}]}H}H @{P{TA{" ]]h @]@]@]] ]_           @߿/A޿A__w] }>T(  G?} }~}[B{L@{X @{d {o{|@[ [/[0[@?]~]]=  =??w?s@^{^x0^lo^\`@o}@]= ?  >:8 @6  6 64TTt/TdvG@vL v` v\/vcvPv<@AvP vHvD@xL0@x\? vTvSvH4?,  4@ @@ ??<$/>+ Kx[ x[ЃvkvlVo?VV0@V ?VV XX @V@VVt@Vd  V`vh @vlvh Vp@Vt V V@Vvx X0Z?Zk@zP z`z\ozSKC0O, ,$  $  (@,@4@7/ADP¾$;?/(;;CCAG}c;|H?x@?@  G_vSv_Avdv\ vd  v` vl vhvg vh  vo@vp  vo vs@vt  vovp  vt @v|  vx  vxvs vt @vtvp  vo vo vkvd  vh  vd  xd @xh xdx`  x_ LD @[W[T AT@H @T @X @` @d@h  l  s@s s o k g c[ lhXP@< 8 4(         $  @0 H H8+' $  $  $        4 D}P}L }H<44  _ <@     $ DAT_݇Ё[  [@[ []]XO~}K}`"A}!>}}h } }  } @]/@]   @           @߸¿1_?x0??_X( >H"}} }}C}K@{[@{d @{l @{x@[[ [@[|@]p ]x @== ==w߀?l _p@^^^w^g ~TXPb@_?@?>Ѐ< @ZX@V64VV  vkvG@vGx_v_vOv@  vH@@  G࿘CG@xW vTxDxC@@4 < @H H@C@8?@$_'S\ @xlvx @V|  V VV@v xX@X VVVVlV`vl xt xxXp/VVx{@xxw\\s|czdzSO;߀3 /+ / $ @,/'++(`>_' '    0 ???߀3G @|@@xSvTvP@vLvK@v\@vXvcv\vd  vl @vp  v| vp/vdv`  vh @vl  vh  vl @vp vt  vx  v|  vx  vxvp  vp  vovp  vl  vl  vh vkvc vc x_xc v`  xg _HD @X@XL~P S@  H  P  T @g@k o o o lzc_ c [P  [k@`T  THD <8,$      $  $  $  '@?D<,?$?$  $  $  # ,!?D  G@O {L P H84 @S񀝓@@L- 0A8p<@$O81@p!ok [@[ @[ @[ ?] ]O]x]xc?]~]k}_}}A}}]/?  @      ހ߼"C@ B_?_.@?~?_@_ }}T~ }hS}}[7C@P h{{@[[A[t;x]t  ]{@] @==A=@ ?{__ ^_^g@^l  ^p0@~|P~@?~?_? ?>?>\X V6@6ހVw VovCx4 xP1 xXxL  vH  vK K H A<4;KxX  xL/D H  8?HK83 +;࿘D0o/~_xsxsvV VV XxXXV V@VVovd  vg@xxx{@Xx @Xtxt @x{zx |o|X/|OzC@3A@ +@  @  @,$7  0B0O<@h>ߋν7΃   @, @8 8  4'0;@D L@xP ?v\  vd @vd?vP/vW@v` AvX/vW vc@vl @vp  vvvp/vh/vg?vl  vl vl  vs vw v{ v|  vx  vxvpvovdvk vk vo vkv`v\x\ x\ xX @x\  x_WHH @\ d  P@~L G @ L @P  T @\ @`  g c c czXT  [ O@S S@_[O@PL  L  D8+$        $  $   #@/@CD @H/,@     $ AD G? G@P @X  K84  K 񀝔`. @1 a_?TN\1x[ X [oЀ[[  ;  =]@]?]]]L]O}g}} }  } @ @     ߫?ߔ 2?΁@_?B??w__O ]?}/B}A>}}/½/ ?Xt@{t  [ [;|@;]o]g@]w@== =@?h^X^T @^h^|@A^0~P~~^???>< Z @XV6wV[v; x/AD d xX@xK@xG8?@OHL@ @?G@S@[ PSD>( ~?@H@L?8/,, ;K @??_x[v{v V VX ?X@XXXX?X@xdx` @xdxs?xxpxx @X| zxzoz{zd|_|;04C  @ @, (0  PRlnAt}s;  #@+ /@3@3$  /( @@ T\  \@vk@vxAvl?vX/vWvl Bv`?vO@vcvp  vl  v{ v{ vpvh?vh @vp @vt vp vp  vt @vx  vx  v{ vpvhvh  vh vl vl vdvd  vd  x`  xc x\ x_ xXOHH @[_ T~L @ADL @T @X  \  `  _[S S@\@\ XL ?GG@\ PG@O L  LD8$$       # #  #@7T@G?'    @! G;7 ?@G@O ?7 3 ?w @l@}X }{hp!oG@tO[l ?[ [ = ==] ] >]]]Xo>]SЀ}s }}@}    @  AB =ϽA__ ? =?|/?_].]] } >}s#A3[ p @t  {|[[ ;;t ]`@][[k@]{B=0@??|>l?\`0 \x! \^~~~~o_= =@?/>@< Z  XV Vg V;x#8A `@lxS x@x?AD  ;@ ?G\?;L  GOAPT4@, @?SP/@< 8 @< 8?;?8 ?SxX/vp vvVXX@X  X XXxsxcx_ gAxk?x{xtxs@z{ zo|h  |h zW߀X +, < 7?#  3, @4 @S~s~3 ( @  @(  #$ (0 @?G@W_vS vgvovlv\?vg vpvX?vOvgvp @vx vx vt  vw vt0 vx vx  vx  v| v| vxvs vs@vx vpvh  vg vo@vp  vhvh  v`xWxX @xdxW X  GD  H @T @X  P ~P@  H @T@\@\  _ _ WPP  T@` @d\H?@ W@L@@  D  H  K?3($           4 T @@ $ @@K;+ / 3@3 / / + + 7k}|.@}\ {р{ހ{px ?O;ۃ@]xA]  ]?=  = ;/;>[]]@]/]x]X>}o}}Ё@ @ ߀ π  _@ "}_l_l =@=== ???=]|0]]}L@( P h @p  }|  ] @] ==t ?[c [G[S]sЀ=?  ?/>| \P\ \^~߀~dA~l_ =x=@??> B\~ZAX/ X`X4@x,0@L cЁcx< xD8 ?A40@!W߀C4 , @D  4 GX D @?4  7WD G@ G << @L0W?xpv vXXXX ?X Xx@z_?zC? KWz[zozlzk |_|c|_࿚O?~7C8@D  (  @   @, /03/'A  @$ $ $   ,(4@8/0  0 K@vO vP @vgvd  vh @vhvovpBvX ?v` Av` ?vs@vvtvw?vw@vx  vt  vx@v v  v  v vx v{ v{ vt  vpvhvg vk vdv\/xX  zX ?z\zXP@< D@D  T TW@H@DP X@`@`  \ T  P  L L  X l @t  d@H<@ L @H;G@@  <7+' $     @  @!W@0$@< S?;@      $  $              # +W }`[@[ [xs;'cA}[}] ]  [ @[[[[[ ]?]]]\n]Wоw  ~@~ ~_ _ __wc˭{_p @]t@= =?=A==?= =]] }d=A},> 0 L c@}o@}{ ]@]]=/[` [H/[L @[` ]| ? @? @>0\\\s^x~t~_[_@?x?@??>\| @z>xp.xX`zXP?\/X `xDxH AD/03@4L ??@ x8D @8?@T HxK xD 4/TH/?D?GH D?HxcAxhOxkxx xXXXX X?xwzC((  0K@/?Kzc|_|S|W@PG'@4@H C@  $   , @(/@/@ #A@$ @,  ,  (#30AD0@HD </@@vH @vL  vW@vgvgvp  vhvg@vdvh vhvl/vovAvx/vx@v|vlxo@xw x{@x|  v|  vx  vtvp  vw vo vh  vd vd vgx_x[ zW z``G ?PL T @WT LH W \  c _ [ TL  P  P`t@_| ]h@_H~; @ @K ?8 ;@@  8/'            A,0P K߀C@8<0L?#    @$  $            @Cွၝ@}l[ [ [ [' KP }o}]N[[@[[|[|?[]]/]]_|_\0_kп_ A~~~@~@^x_t  ]w _w _t1BA߿l]l@=t= @=@=== @=/=?=]]@]|}X^}8O}@@}L @}X @}d @}w@}| @] ]];l@[X{L{[]x _ > >\\l  ^x @^k@~W@DLA_x?? @? ?{о^||zO@z@z|/?zt@ zX~zWz@x@ L</8  @ KD@xDx<P H/xD x4 @xL xPxHxC@xDx\@x\>xH xL0?xO?xP AxP xd ~x{xOxx x @x@XX  X?x{z[z,007;4+GAXK O T <$ A4G 3 $00 ,$  , @( ,@     a8^@      #@+ (! ,@3OXX?DH  vL @vT vPv`Avh@vp  vgvdvl vpvp vwvp vp @v@vt vs xoxgxt  xw xw xw vo vs vl  vl  vd  vd  vcv_ v[xTxLzK |[@W8@ WO P  L  WLL@T \  \  X  X  TL  O L  h _@_ ?p _H@~4  ? D L@ \o484+                ! H G@/;@ P?K@+A      @$  $  $        @/?s}t@[@[@[{C큛   x?t`p/?}w} [n[  [|/[w?[[|/[~]]]?]__t?>_o_^@^@^^|^x  ]t  ]t  ]p _cA @}w _o=x ===A]o={=@= =0= ] ]]{A]|/A}`?}T0 }T?}S }[@}c}{]]];x@[d[X/{\ ]! _ >>\\t^g߿^S~P X[  _t ?? ? ?x_~0_   z?|@zt?zd?zPAXOzL  GH @KxCAxP@xL/xH@xT x`/@xX xT  xPx\!xT>xL/xP xTx@x`0?x` x`@ xh xh>xl AxpxпxOx @x @x?xXX|xgϿzSD/8  8,, @7 ,D@S ;@7ￜ;@3A/DAD/', 40  ' , ,/@    dCO~#      $ $    @0 +8!D S@` A\?PvL @vW vSv_vk@vp  v`@v_Av_?vh vp?vt vt  vt vx vw vox_xLxc@xk@xl  xgvd  vg vk@vl vl  vdv\vX  v\@x\zSzP P G@8 @L CGP  L  TL  T @[ _ [ W [ X @XHL @h _ ? ?x ?P ~8 4  L t @?@< H0 0#            @@4 K?/@ @8 P@K/@          $  $  #      @#c   }| {@[@[{3    o_o P?}/}>]?[w [p [w[|[[]]/= =__"=_____{]p]t_|12<~l?_p  ={===]c ]W]{ ] ?/?_]@]o] A]x ]d/]P}GG@Ok{[[@; [h[h [t] _^@> <<l^\/^\?~d@XOp@@_ ?l?????_?B_/?O@t/|t|o|`0@zS߿zT?CzH!~zpBzhOx\}vWxh xgxhAvlAxlOx\ ~xt0xd ?x`/xX xxAxt?xx @xt/xt xx xx  x| x?xxx {xxzszXzL@P  H@ 80 ,4 H CA0 / 0H C48/ #߀ ,( $  @ 1+($  ' $ ,( 4 GD =SЁv_?xhvT/@vP vT?vT @vc v_ vc v` @vh vh vl @v{ vsvp @vpvovo@x` xGzH z[@xd xh vl  xhxd  xg x_ xc v[vW v[ x[ xXT  [DD!?K@8  D L  XW@~G@P @T  X  X  W T  S OD  L @d _ ?  ? ?X@~<? C@w~~Pc߀( @08 (! H ;@ H>O<(   $  $  $$             W }[@[?/A  (1ۿ ?!? }} ]^[p [t[w[| @[@;=@===]__?__  _t_o@]o_b@~p_t ?|=t=@==]l? ]L][] ?A??__A=t>={] ]l [G}3/ ?_l {[ ;/;|?[x  ]o}kA_p @_w >@^^p^l @~|Q~@????k?A?  ??c߾_cB@Ӱ/OAo P?|O@|t0|p`|| \pzp.xX/xkxp x| xx?x xp?xzOzt0@zpOx! x  x/xx Az  x x@xxxz zz zzlz`@|X |THD  @80  D C?7A8( , <@G?77/@  +( $@    PDS   4/,/$@ @( ,, 8  @KL/vOxg@vdvP ?v_v`  vd vdv\vo@vp  vp  vt  vx vpvk@vkvlvc?x[xDLT xg@xg@vk@xs xlxh x\  x_ xT xT  xL  xO O O OHAT??@8 @D @L @dT~H@P@X @[ T  P  O G C D @K d ^ ?  ? ?\ ^87 < @O{A~dOK@(    8"?[ο 8 C#@B<1O? ; 4,  ,  ( $           @   G }!{?[=,  ALB @} } }@ A}?}@]A[[x[p [s@[; @= ===?=?_@_| ?_wogp12s@_t@?{=B={=@=o]|]\O ]L ?]c?A?  ???>?p]]t/@]D.} ( @7@O t} @]0?==@]s]\  }_?}k_tA_@__P_pP0  @/@_??d? ?@??\.@_xB~߀~~A /޿? 0?|~~.@|p zhSKxgAxsx|zx z z/|/|z z@z z>zz@ZX@xz0zo=zz}zzo߀|cЁ|l/|d|T|L~D D44@@ /$ <($ <H @' @    (( $@   @G}((/?/@8,?$  , ?' , 8 @C @WTBvSvcv`?vP/v_ vc vc vd v` vo vl  v{v|  vpv_vSvOvH xL x<KAXx\ @xhxd  x`x[x[ xXxOxO xW xT LH D  H P S<< @H @TkWP @T  W@T  T @TK<  <  C ? c@^ ? @?@?d_8@3@;@;c~|T>$@   @@<@? $@/@8AO3߁/ 0 @8  <@D @@?(       @@  $ @#3 sၝ}!@}[A8-81l!?|{ { @{߿} @}}=]o]/[w?[p[o@[=  == =  =/=~_B__c_ [D}>wC_h @_x}?t.?t?x/@? _p@?_| _P_|_h?_? @?/@? ?A?x?o_ ]d>}0/( 8@Ps ]= =@]p]O}K }\_| _@@_@_0_ ?˟_ ??h?? A??|??>_^߿^@~~ ?@]A~ /~s>|l?PA@`T0>zh z zP?| | ^?|| zzz zz ZZ@zzпz_z?>Bwl?` x  l~`~`  ~X/~H78 ?$(<  ,0 H@K3@ A( @($  ,, $    8?4 ,/30   ,   ( 4 @8 C~D K}vTvWvg vhvd v`v[ vkvhvg@vt@vtvx @vtvd/vT/vL xT ?xW @@@X  d xk?xk xgxX x\ @x[xP  xP  xKxK O KD  D L  H  <@ @L @`cO TXX XO K?@ @D;4  [@^ ? @??l_4 ' /@0Cwp.@,   L/΁ 470QH~/ρ   (A0 @4  ?@P `/@4     @ @  #@#_  } }] {P/dA?{| {@{ {{ @}񀝠}}A}L~}g]B[t/[l [t @]== @====?__l_O `!D2_l _p ?|0?{B_!_O____^ B^?^ _! ?? ? @?  ?/@?l? _t ]x/]P>@ L @d |  @_ @_==x]P?@]L }p0]!?_ @] ] ] @@x _?@?d?w ????`?^{C^!?~ ~!0|M!?>?@}| ~` @`/\P@l@@zp@z?||?~ ^~~||zzzz@zz zt zC||| h? p |o~d @~g~W~C0 C3@$@4 @48 @D HG'    ( @0 @7?,   @( @$$       /8  4(  + +'A (  4 < ?? @ AL @Lv\vX @vo@vl  vl vhv` vWvW@vovtvtvw@vpvd vWxO xT@T OX \ x_x\ xc xcxX  xT xT  xPxHH  H  H@@K@  <  < L @` [@O W@[ WT  L@@ ? ;7 7 P^ ?=@=p_8    0('gA|  @= ?@P  (@(;#01 H ?8A,0@8@@D@@?80 L ` @` ,    @  @$ X!}@}]{t @{  { {{ {} }} -}]P]L1 ]o[/[|/[p  ] ]@= @==  =A=/=?]_t??Ýk@_l?1??TO=_o __O^l^l ^w?^@^> ^?^@>@? ???@?p ]]p?@_\0 ` @~p~ ^ ^  _? =]l/]p@] ]@] ]__{cWA_|_  ?@?l?o???.?`??s ^t! ~@~1~A<㮽MaĞ@??@  @}.~?x/|0@|z z ?|@| ?~ @_ ~~ @| /@@zz z  zAz{|~}~L> Al/` ?~_~H~8@8@,,@8 @37@LL @C@(,+7@4'  @( $      $'@3@4 , ( ? A$#@/CAD?< ?T Xv\  v\ @vk@vg@vl  vl  vl @v`?vX/vX vc@vkvl ?vkvg x`xP/T OSc@c \x`  x\  x\  x\  x\  xXxT  P S P  L@D  @@ <@ P @\ @S@H  P @P  KO K@@  4// / K@~ ? ==o_3  8' @Kw~`-$??$!P#0 +@$!HL L0ATP@h@lOd_X?\@l@l/D^?    @$ @(P@8pHXpl@{{[@{p {  {x{ }/}@}0.}@]]hO@]l]@A][?[O]w?]=@= @= =?=@=/=?_A~́_h??t!?=B?p_t_^p^^@A\|o\a?\0 >@@^0^@^>  ? ?/?N=s?=x@_p^p@^x @\\@\ _? ?=]A] ]?]@]_߀_s@___L? H _? ??l?h @???A>p.@>_wB~r~P㾾~~d!~̂~@    //A~?|/| |z z| |~ @^  ~~  |@|/@|  z  z|x B||~s Şl >!>sh \@K<@ ?@,  0  0  ,  8 PH ?8A( @70 ,/,    @0 $$  $    @$ '@3/$ ', 4( @, /CL0AO>\v\ @v`  vd @vl @vp vlvg?vk xl  xh xd  xd xlx\xWx[@xXOￚG /KX \ @x_ x`  x`  x`  x\  xX  X X  T PH@  D @L H @@P @[ LP X@XH@ @H D@ 8,(  $  ? s_ @==d]'$; +g~t?~X~ ?,O@$ 0 $ A< H  `! l @t w  gc t ۀ h4 A(@A<`TpdP@p ogg@o@{[ [s[p { {o߀{ }A}0."}]@=xA=p @]] ]@[]O@] ] ==  ==@===R_ _ý}o_g?1??==΁_| {^^p> ^k ^{\ \\<\@^^@^????B=|/>=w?t^s ^w \{@\@\@_A_= =] ]]{={ _s>h^d  ^X@^L0A^`@_?? @??l?h @??> >.>TA~B0׎~~|~ ~~@   @.   A~ |/@| @|@ z z @||  | @~ @~  ~ ~    @ @ z/|=~t~|-=>ph  [@D< A~@~<<0 40  4X1 pp@d_?H/<80?4 ?3'   @   , $(     $  @$  $ '?$@(   '@3 ++ , 4 KЀT X  v` @v`vl vsvs@vt vhvh  xh @xl  x`/xcx[ xdAxT?xO xK?,  ;?O@[xW x_ x`  x`  xd x` \  X  W SDD@@ P  KD L@T @TL  P @X @XHH KC? 8((  (/c_==d]$ , /   $d?^?^O _Xn_HA?G@408 D  X d ?gc Goc OAX @x {S΀'$A@PX@\?c_ WSL T @l{| [|  [l @[x@[w{O { }}}}o`?A] =o@=| A== =@= = ]  ] =A=@=  = @==?נ@?_d_A?=k=>]۰_m_?_NB?s_`_G^L\:ZZ\c¿^?s= ;@=/A=_@?0_s _h A^x?^kо^{߁_]] @[/;| =c _c?_l @^s ^p\l  \d?\p0\p0A>1~> @??l_d  _k@?>@>N>}~ ~^?~0D~^R\ |@ @      ~ //|@z/z @z zz  | ~ @~|  ~O~P?x?~~||{p ~c|T B|D >|D@~t d{3A $XQQ@0 >L./;@;#   $@$  , (( @$ @#   , $/ (   # ' #@'@7@;@S\/@xWxdx`xp  xovs@vsvh  xg xg vk v`vPvW~xWxH  <;@40  0 @8 @KWAx` @xd xg xh @xo d`  X L@? D AL H  H  D  L@\SG O S D  G￿?77 ; 4,(  $  ( @O=@=`]0/¿8 (#k_@???A?|O_X> $?0 A8@D  H @S@W K3(l?{Pth>{ 8$  <!@h p/ {P/DHL PH P @l@[x  [p @[?[_΀{4}!}þ~} }ב/_}O]|]p @]w?= ]0 ] ]  ]]]~] = @=  = @==?@?._|@]=g=` >]s]_߄_ _?h>?[ _LB^<P@:O::B:t< >O<__Ѐ?A?O?__t`_PA__xp@_P]  ][;.]K_W_@^h ^s ^o\t \{<!>> ?@?h?d @_S~_>>>^-~A~z^b^\ A|  @      /~~???  |z zzzz ~   ~  |A?! ~@w~{~|Üp x}~` ~T|PP|~z/ $  <!|! /AhM,/'@'   @( (  #',(  (  ,@$@$  ( / A00<0 @P 8_(?$    '4  < @WxP/x_xh xp  xhvh @vl  vlxdv\  v\  v[vSv?@x?пG8, ?+' 38  @ @L@[@xg@xl@xlxd_SW G@+?TLD  D  Oc@GH1T_=G@?+A0 @8 48 @0  0($  '?w _@=\A]@;߀+ __@??A??|N_<^8 D? ? ;3# 8!t/}\1c{s 7+ ; g l?X?LL ?KC Ck@{@[x [w[7{8 }}s?}}O}}/]@_P_]]@]{_b_]] @== @==  =??A] @]B]X.]S߁]c]{_A_?_?x?L _D^?<:A: ::p:/}<\½^_??? ? __o_@_P@_o]][ [/A]H>>_;G@_S@_[Ё^t ^?^|>!?>> ??l?h @_L?_>> @>n=>p1^^ ^A<^ށ\@|  @ @     ~ ?/?/?/z ?z@z z@|  ~  | A@ @~ ~ _~x~||N .~l~`0~}~{~G  $  Dရy{}.AD/?$@, (',( @(  /@( ,(  ' DTd @T/ ,@   +@7@@ OX  xgxs xp vhvl @vh  v`v\vX vT @vL@@ A8<7/,A  , 7 ; G@S@[@zc@zk zgWLD7$/< PHD  D  L[@?W ,;@+  0@; 40  0  ,(   $8@l _ @=t?@]T>$ @ @ @W_??w??/?tn_P?}7?+##     (AP#B.}"o~Gog ,A,  0 Kgol X?D@XX`?l!? { @[ ?[c[0?𿻼!>}k?_s@@ AP?[}g@}p @]@] = @==  ==] @]?]NB]H~]GA]k_?_?_~?t=\ _C@_ >><o?<<`~<<<?~\A>>>@?/?N@_P _п]t/]x ]w][Ѐ]]d]7@< @}D@X _{^g>!>>> @??p?d  _P_tA^N> >^>a>^A9^>^||A @ @    ~? @@ z  zz@|~~~ ~?~|?~! ~^{~x ~| . ~t~b~>~wC(,, , @D s  y{}P? A0 ,$    (( @('@, +' (@L@Xtt? H? (#    ( @(, @C@/O@[xk xp @vhvk@vk vh  vdv_vSKC￸;80  $+#'0  0  8@G@K@PAXd  PL@D 3 0 @ T PH@  L @S@8C῟0,A4 ?4  7 4  4  0(      0@H l ] ==hB}$.$  @ O?A?g?o_@??p.]8/ }        $0h$;B#` d 4@@DH ?K@_wx?\O@hQ@{@/?t { @{  ]=d]D/}4~BaA Ocw߂ @A}@-LN}7A@ @}g@A_|]=/==@== ]  ]]]p]]<]\ __ ^.?p =\/]P0_>N?">?π?A> A>~<<O<p?> >>>> ??h> =`]=p]h@]g]]A]o]A} }}}`^h!>> >> ??l?h @_[~!^>>! >>2A^^C~|   @      .~@ @ zz zzz|~ ~ ~{ | || |~~_^d  ~x |@|  ~~Q^??G, 0 (4 L@cy{  {@}`.@ / 0 3 /    (( @,$ (  +#  +Cd ~ h><?,0 0 4@8 @ @H D  P x\ xh  vhv\vcBvd >xXxSP@/3 < < @<8($( / +3@;@C@O@Pwk?¿`A4/ 7H TL @HD @L  K@4D80AHP@H?<  4,  4 @40 (?0 ? Co]@==\}0(   C? ?h?K_s?Ё_?_`N,? @  ( 0 $w #@ \hDC C C ??_Ё}}[@[[p[]A=/=x/]H}(    oDp{/[h{@}?}}DT<3S-@_/_???/? = =  ] ]]@]?B]\n ]W@_w?_^.@?x=h?]XA]2 ?/@? __=_o?>?>oo>>> ?>>@??^A?p0=A=p?]` ]|B]]| >] ]~]Ǐ}}~_k@_!@>> >? ?@?p?l  _PAG^A>>>>2~^Ϝ~kB~?| @@    @~  ?@@   @zz@x/X XZ @^ ^/ ~t/|z||~0~ ^^d ||@|@| |@~ ~ A~ _@o 88@7, DP  S{o{{ @}}x.}8?, @4  (#  @   $( @/+ #  @ @(@Oрx @}|@}\/ADO8 < @@D H@T  LxP @x_xh @vl  vdv`=v[xKD C࿺SD_4@ @  D 4/@ $ A0( A( @3@7@? C@[O￟_[ < 0  D T@H  C@ @KC8CxPc SH  @//@30@43 +, d ] @=@=`]<,   7?A?x-?C_??S@/BPN$/   $@/4AB [A  `h @@8  4  7 00@@ h?}] ] @[ [t]s߿]A===L}+@ }π>?P#~}x~[|[[?]}Bݸnp~T1}}x~_ _0?~? ??= =@] ]==]OB]`@~_h _^?=t]|0]=?B?0_]{@]_A_?@>h? >l!>п>>  ? ?A?/?=x/]]0]@]@]]>]{@cA_~^ >@??@?@?@?t  ?l?\_PPA^>>>Q>~{P?  @ @   @~@~ //z@zvV@VX\  ^^/\ z|~^?^k^h | |@|~ ~ ~ ^޾}K;/+4 L T G}_@ }@}}/ }X>}(+ '      @   (  (  '    @'@@C@o@}}p/\~L@@|P0 L/L@T` xXxP  xT @xc@vk v_v_P@?=?߁3?GPBH @D @D0?$ 4 ,O(  , @4  4  < @H P@K\/<@8 CT@D  @@ @C<7<w@O C?7Ѐ?(@ ( <  30  0 4@`} ==h]@0$ +?? ?<}пGAx?D^ /'@( ?7? >+A,c@d@@ 4  0,  8@H0@P @SS@}k][[@]\ ]t = ==P],@ } / 1Ix^}/C[{; ;?@[w?{Q@û>۸/>}}__>?>~>/= = ]=== ?=@]N_x  __@?O =|]c]|A?=??_` _H _s _?d>>A>  >>@??? ? A=0]]]A]] ]p> ]OP @s?^?^ >@?@?@??@?t  ?l?l @_a^P>>>1^Ϳ~\Ğh0? @ @ @     ~@~~|     zz/@z.VAVV X \ ^ ^\{?zA| |?^ ?^d^h | |@|~~!@~~w?}8 4$  0 TA TW 7 Cр~w@}}  ]@]t.}4       @$   (  ,    @     @$@$\<O<[{} p?@~t0@~t?|d/z\  xX xl @x`xT  x\ x[ v_@xXK>G¸7ﾺ+¼$ ,  ,  7L @LD  H  8?4?X3dL}(  , @4  04  D K@d@ 77T@D  DD @<8,L"c@CAH 7?$ 8  $@ 4040 @0@LP H?_}==h[L0(  , @@?? ?@}  S_l/DO ( , @"@h$/, @ `lL @ @D?H@ H?K?3( @;}g@]] ]h/]!= ?/ ?_  @} }}@}XLß}N]{]@]@[?[`O}{o A / }=_|_? >> =_=]]==  = =@_/] ]]]`  ][]= ?  ?_X}?A}[р]AA=?? ?_ @??1?????=  =  __|O]]]]P?T!|@~P^ > @? ??? ?t ?l ?2?1}>>  >>^C~O/|1   @  ~ !^_\z ?z z@ZZX VVAV8 @:@\^^XxZ!^A^A^x\[zkAz|| @^~ }KA8 (C /<`1?XK/;c@}} ] ] }D.   $  ##@( @$,  0   @  `t/|mP@}oA@]/]/@ ~?|pzX xd xlxT@vW@vWxW@xK@Kρ8(#?+ /@3 0  ?@? GHHDAp~,4/ 0 0  8 <DHL/_\oA8?>3`OAX@>}KD<? (d"P@AP/4<aCPTOP AdPx@}p}oS }T}@=;h[P{4 $ ?0 A$@#??@?@@  'S{h?DO 40 4!l=H\\@t@w{S S@S@c G@<  4 30 @4 @G}]=  == ?/A?_@} }}}|<C}u@0=@a]/] ][>[T_>{W=q@} }?}A_r_@? ?? =] @]]==  =  = =@]]]xP [p@?]\/ ]w?=?  ?_O}8 }L1] ????sB??????/?? @?@? _@_?] ?]]|?܁?/~~^@?@? ??@?x ?p ?C??~>A>>>߀^ ~?@O` @@ .?~@^?\zBz  z ZZXV.V8:?:@<  ^ ^Zw\A^ A^s΁\s|P/zh!|| ~  @{?3B<(4C`ag\;$ A4 CoA} }[ {\>@},#    @,@(0 @8  @@@A 0QD2= ?@tN \w @] ]  } @~t@|\zcxp  xT xT @xPxL@@@, 0(  /(0@(/   ( @0@8  < L @H?c?@/@, @< @@  H @O@X AX\]DQ@P}^}@}G?4 4@gG@>lH?<ݔh/AH@`?}}}d@}L@}P}]=l[T{@A(/$ $ ????H. _  @+?W {p?AX@ P1 Р>߼N}w@}p{P D  @  W@D@<3 '@#+3_A]A== = ??!_ }}  }}-}=A> ]] ]@[  [>{L^}C}C]  }@}A]???޾? ]]] ]  ==  =  == =@]/[/{@[p/@]k=A?@=@]H]8 A]r??~?g?[?_ ??@?0?__?? ??@?@???? A]]0@@/ ~@_/?@? ?@?x @?p@??A?>>@>>?~ A~/A  ??  @-~ ^|>zzAZ  Z @Z@XXAX8 ::  <@>>/@^t.^^=\SA\c@zl zx?|~~@}S, @?}@_{}/B}h?_#( /+W} } [[x>}<.(@4 @4(4@<   @  ptA?!AxO@p ]}  } }@t~`zX @o xX@xT @xTL3 /Ѐ4, ?++Ѐ< A@0 <  8 @D  @H xL x< z` ~w<,4@@  D  D ?D A\ }d}}^}x@}}.A}P.}88 @?Da@T1gD0۔ݓ~}@@P_`]?]]d }T }T ]{]@=t=O}D(+(@1? ? ?\@_       @(@< [ {|?_pA?A!羿߫|}t@]s {T G? OH@7@# '@$ +C}]@= =? ?_x]] }}}sϲDC.~ ]?]w][/}t.}H?@]l=]} }]D===]~}B}@}]  ==  = @== = =@[ {/[/@[h=]@]@]T@]`BC? ???l@?~_!???qDȮ@? ??? ? @??/?__>႟A/@~^/?? ?@?p @?t?_wρ_bB>>@> > ^~ A! ? @|?|A|  |.A~?@ ^ |@zNAzAZ @Z Z@X@X88~8:  > ??  ?_/_?^>\Cz`zx@| ~~ ~@}38!}B>ރ}?}tA{K@ 00/   ?῝{@}[[/ }P. (4 8  40 <@D(  @$,!ßB ~_Ao>x }  }@}}}x`[ c [O@SO 4@$ ?, @,4P0P?3?;A@  D ?D @@H xT xP?zd~pA@/@7@?CCHAl}t  ]]@] ] ]]X }@<@0 `A!PMtA}p/|S?ۗS!] _ @]?]߀][h[T  {O@[o] =t]G}@  ,   <!L@? @?[@_$@( @0 @D0dPlOo?_@_AA@x @_p@}X @8  C;@' A$  $   4qda}] ={=? ??_x]} }}@]\  _ _A }}X}[|}}/A}po]!|]L<}W}?] = = ]M}`?}w@}}@]]=== = =[@[[ ]x>]s~]B]=lN=B}???C?b_P@_/~? ? ~_????? @??? __ǲ~¿ A~^  ?????t @?tA?o=_xAC_^>> ~>?^~~@   @ @||| | ~@~|zZP<ZA:ZXV/6?68?:>~?=  =  _?_\L@Zd/@Zx!A|>~ ~_@_]o݃]D}xa}x?_ }@}g}/! D!h8LAo}[  [@}h.@}8/@0@7 7 4 @ D@($    'A`T@ _}|7C|@ ^-_sЀ@}@}}}|}dS@KGG7 KH/0@ 4 < <  GDD@C?DD CxH xT >xSAzo~lC@( @/ 7@@ @@K}o} @] ]  ]] ] ]P;Od!𼟧 ? xAlp}_ @?=  =  =[x@[P?{T{\[=|]@}@A,@0!L >;@t ? @??X _$  00D@XPl ?~sA~B~x@<_^A^^tl }\<4< 4     ( ?#  O>S o]=|?@=??  ?? ] }  }}@]xA_~_A?@.}ln}0}[т}?} }A_PC_`u_=р=]}|m}K}}@}] =@==?= == = =A]  ] ]p>]]=@??>?g?}?  ~A^?^ ^ ?@?==?? @??? ?]^?^A>>?A?x?x?d_S@_ ^@> >?> ^@~~A  @ |<|| ?||~~|  \ZB:><:/X~VA6/6w6@8<>@=? ???|>>P ~\p\1\?^ _ _ _]o] }]]x@_?_0}}`} @Q@` ~_ [>;GB}[  []>}P>}3 0A<0@@  D @?@$   ($1Q_A_|GĿ+>s?^^h @}  }}}l H ?D ,@@(+࿺7 G C@ @L @PL/P ?xL  xL zdAzx zxl.>xXxh\l _@(@,  4 @; ?@??}_A} ] ] ]A] ]@_T 37SA<g}_}W` N}? ?= = ;[|[l@{hoA{\ }[!@]|]P^}7~4L!?C΀#Ap ? @??\@_<0 L dt |@~x!~!~\B>^ > ~>^^ok@\A}@00 0A ( @$8@ @/Sѿ}A] =@? ?  ?  ?]@}  }}]q@?0>__ }A}\}x}<}ѿ_?\.@?R??.??]@]}?}t}c}}?]!@]== ? ?  =?===]]/]p>==? ?w?l_-__??Ϡ ???=@=| =? @???@?= __Ò?_π^=@>A^^>?/?/?x?2_!_^C^ >>?^? _p`A~q@~`   |=||  ||@~@^^\::<:XX/VV/6|6o8:<>@??0@?n>1 <^B^_ __]~]A]@_ ?_0B >}}h}Dq>d kX;½7}wB[[  ]/A]l>}<O4 C G@C@;@$  $ $TsA? _q̿#$Aſ|_>^S~o@@  }@}p L??,7<  <  @ <@@ L T/xL xSzX@Bzpz\>|zxWBxG@xd \p_D+@++ /7<}[{{] @] @] ] ]@P,  /@?B}T}p!}X>>}; B_??? ?==  [[ @[0{a{ { ]@B]A}d@@Oo@_  ??\@_O Wc@o|~x~w~A~CA~^^A> ^.^[^_@_cH@+'@30  (#@'?+@?;/пw]A=  ? ? > >  ]@} }@ _}?A?_B=}?]s@}3@}o?}w_>q> ?A? ?{?]]]>} }~}}}@ ]]?]{=???? ?= == ]]]>== ??S_k_C_A?@?@?? ?==  =  ?? @?? = @=?O_?A>.A>^!@^ ??A?? _~_!_?_^>>>߀_~ˠ    |||||.~ _^\:::N:/ZЀZZ/VVTd Vp V V< ? ??/?>>> __]]A]t0]}_B_ }?}>}p/}t }_};>0 }g[ [@]].}X @ AD/@  7@4(  (  ,b_S 1ߌ>_>h^C~Ow@ @}}s TH? </@<H H H  L zDzX z[@z` zBz|=|o^\{?z[xX xPxt\h ^D(@    ( @4 DO?{k]]]] ]P,  (}@}`!} }=}Hps?_ހ? ? =  =][[@{{o] ~]}p/ހ  @k@_ @??W@_CC@S@g| ~{~t/~ð~A ^A^!^^^lO ^`0 ^`  _P?@4?8Pp<>A(08'W@}  ]/? >> >]] B ߁_?A_]?,_h_ſ_Id_~????{_A]t@]g?]] }?}P}}][\.[{qB_?@== ===]]]A==A?X  ?p0^0^_ӿC_??!???? ==/= ?  ???  ?? @?? ?/?{~>>>  >?? ?_}_΂__@>>w >K_c A|א A>||@||_ >><: :X?X0?\ \ @Z XBV|@@VVVP:O<>? @???= =  ]===]/_[ ?}} }}/}p}C @$ 8@X }|@[ []@]hA{d1t.A4|R<>''PT@ ~_A}0Žl}߁? >g@^07g @ }]/}h/}T~DD0O@HO|T|X0|l||~~~~l ~o |_zS xP vK@vS?X\d/^LO@~L~`8n>( @<K@@}T]@]] ]?]}H',1?{A]t0]t ]}a    _@?? ??A?t  ] [ ?} @@}A]1]о};ĝ߁$0t2?@??O_?7C@ _࿟~|>||`^_΀__=?>A>^^t_`/_X0 x1>s<  7?#@   ?} _ @>>  >  ]0]!?@?_A_>_ށ]]}} @_x/_Ծ_Zh_???~?s?C_o }x]lP]x ]@]}}}}{p/A{T/]s=====/@=?=]]==|/=p0??! ^0@^._ ?@?_ ???Ё?@?===@???@? ?A?/? @???p@@?1>>> ?s??_σ__h?>>x>A?Tp@_\`@l@~|| |<|;||/|@_? >< : @:  XX?Z\?\ Z  Z  X VVZA<>>@?@= = =]== @]=]_xrQ</?}}{}Kς   '< W}| [@[ ]]pA{!{/}TmT+c~ ]}W݀PýQÍ_?>[_/, @G@s}@]}p@}X~L ~K |P @TA|h~~~?~?~~A|w ~O|L|H AzDxOvP0@xP0Z!\l^d |1~_|^}4 }< @<  @ @}O}s@]] @]@]]P-}(AH @}{}A]0]]р _ ?? ??k?_k_?]}? @} ]?] ]\C},~0 ? ??h`C]d~}?}8!Ws{|M||@^_?_P???{>A^A^_t/_t  _hD?  ,+? @8?}@_  ^>  > ] ] @_0_>_]?]A} A]__?_x>_??w?\/_l P?}|}]|??]B_@?/}}|{d/}_]D=?? ??/?N? ==@== =_@_1_>?_?_P?lM? ?A?s???= ?== ??  ??  ??A_= =???o>{? ?d?w????OC?p?!>>?0B?@_`@P 0?~/~~| ||_|}}| ||@_ ?  > @<: : XXX?ZO\_\?\\ZZZ\B\>>> ?@?@=  = ]0 ==߿]K]/#?  @ntO~'B;X}{ [@]]/{ {}>C}Cp+@$DS ]}P0r˾s_ ?G( 4@@?k{}]]xdT~H ~`q~ ?_@^^||kzSzL@zOxX xX/AvP v`xcZ\h^d\@\ _/_X^]< }H  }H }L  }g@] ] @] ]]lMA]<@}\0}x] ?]]S____}_@_?? ? ??X_\}} }]]]0]!]\@ @2a>???]O ]lSO¾St||^_???{?[~^C~cA_A_  _/_xG A( ?'  A8@Do<_HA!} @_/^>  >] ?] _?____]s]} ].?]?_"_._@?__hB_l0B_|0_ }?]?]]1=_@_0_ }}{x }|}t ]C?O??>/>O?@== =]]>____@?<???A?d?{?===? @???@?=] ] =0@==k?_?!??h?l@?w>??߾_B^?>@>>?_ ~ ~~O^^\\|M|<|\@>@?> > <@:XV @VX\@^0^_?^^@\1|\ \\o^ > ? @=@= ==@=|=h@]DaA  (>? A  + [ t { []][{~}}};@}8_}t@?}gA}c=7ς _ ?<,8 @@ _s _A_?@_p?x`P} B}__/^c|S@zKxT@x\ x\OvP ?v\ Av\vWxh Z\h^t/|!?\@> ?> =L/]P  }T@}T}\ ] ] ]=  ]N]pP?]|0}!]  _O ____/A?@??? ?@??_1}@~ }@]]=@=?]K}@C>@ ?>?qA?_ >_c8//?ASyò| __???__CD|_ @_  ??|._PN8@,$ ?SAWd }/^@> @> ]]?__ _?__]s]@]]]_"_|@_O? _ _}@}A_/___ _^_?}{@}^}>]?? > >? ??= = ]]/@]x0 ] @_?_????.?c?@= = =??  ???=?=]?]] ]t>]\=?????wA?h@?pA?A_/^ ^<<>^A^/~>~?\^>@>!@\|/||Á\A> ?>>@><ZX V V@VZ@\  ^  ^_^^\C^l^P^/@? =  =  ==/=0@= ]_ }COC$?@#@Oဝs{  { @]  ]  [@[/}@} }A}XQ}!B}xQ>|@7¿$ _^;@0  ; D H g __A_P_0} @}>} B_/^~|\zX?xL?vT v\v\@vd@vh  vd vt X| Z\l ^?z Z <??tN]d1 ]|`}d?]X ] ] @] ]]  ]]0]@@]_ ?@?  ? ?????@????_A ?} }}@] ???@?T<_ a \a~><><˿>@>^xOHn,7;| _?@?  ??W@_D4`B?_@?@? ?/_x?@\OH?8/0 4  ;AD "}_@^^>p ]]?_ _@__/@_| @=l[ {} ].]N_??0@=]A}W_ _ _A_/>߿>^߀_}{{~{}?@}_ A???A?.?k?== ]  ]] @]@@_> _??w ? ?0B?p]?== =??  ???? ===@] ]@]1B]n~_ ?x?l A?p?t?>^_A\{<</<@\O\\~@\_A\>> >?>\?|}|x\A>@>  >>>ZX @XV/VOV  X Z^_0@_/~_^@E^a^^@_  == @=== @=/=0__csĿ`D=  @@??c{@{ ]  ][ @[ } }! }A}Q} 0}b>ÍG 4!@@_?_30  4 ? @ @[@ @__0_A}} }}so~T|\ x[ vW v`vl0 vt@@v0@v  v|/V X Z\t \  z  Z<>@??x] ].]W@]@]@]]]]  ]] ]_??A??@?  ?? @? @???p_A0}@}}@] ??/?^^``~{?\@<< </\_>@@^?_|N<N0 HB~1~ _?? ??\?_P}h|0]  ]  ? @? ? __?|?x`}| }tpп}@]_@^^>p]]? __/A?_/=t[t { }]]"_?A?߿=w]_}SgA_ _/>O>{>_] ][/{?} A}/} ]_?A?N?hO?=o]]@] ] ]@]_! _?x? ??-?!== = ?? ??/??O=1>=@]  ]]Ѿ]B_@?{A?l @?t ??_A>R?><_A<}<B<<A\^d^`1 ^!>  >/@> ?>\|@|D\>>@>@>>Ђ\ Z ?X6 6/V/V@@V>ZA^?_]/@]~_à^^__= @= =/=  =@= @_@____ _P~@ ;B @    @3O p { ]  ] [ @[ @} }}A}!?}A AP<s,B, <A__00  4  ;@C O @~ _ _ ?} }}~[~LA|Tz[xX @v` @vt v @v v vv{ V{XXZw\ x{ Z\>  ??/?==`?=x?= @] ] ] ]]] ] =?? __????? ? ??@?0_ 1޽}@}} ? ?@?@?{>^W?^<<߿<?\A\  ^  _/_pn}TP }|b  _ _? ???A?t._X }l }]/=@= =? _ _@__?_?]} }]_  ? _^^>p]]? _߀_AA_N=/@[!@{/}]}@_x.~??A=g]L}HpC0>@_ ?A>>?>>w __]?[[?{A}A}} }/_@??n_l?]w ][  [ ]]@__?? ???? ?= = = ???  ???A?==]A]/]]@_t_p  ?x @?|?B><<>>>>_^.^x ^`_ >  >>/>\ | | ^O~>> >>>>\ЀZ  X  66T T @VX!^O _A] ]/_ _A^@__ = = = =  = _ _  _}___qː_DX> @$ $@,@C l { ]  ] @[ @[@} }  }A}?  C<  8H"A_o_0 @,0  4 @7DR~ ?_@_ ?TDPWxP Bvhvx0@v?v{v|  v| vtvp  Vh@X XZgZ_xgx\ ^_???Ѐ=A=|/= =] ]@]@]@]]] = ] _ _???? ? ??@?_~c}}} @} ?_?@=?t._DPA^" >?>@>[^gaA\^@_ ]/]0 ]~]]@??@??_N@_l0 ]]====@?{_o_o@_| A_O_d??]p@] ]]??߿? _^  ^>]@]1 ] _ _ _@__>]] ]N]/}},]==t.?d_`0 T:Ǟ_@]]?@??O?/__]w?[[ ]}} _  __ __>@_l?] ]= = ] ]@= @=? ?????w??PA__?? ?A?/?>?0>?? =] ]]|@=l@?| ?|1>>< =<]<>>?}_A_N_@_? >@>@@< \ || @^ >> ? ?> @\ZX @V/V  V/V V0Z @~/?]A]_ _ _  _  ] @]= @=? ?  _  __] ===] ]]]]d}H_@O8PD }d } ] @]@] ] @}  }!   ?[PLD\"__[܂0 @'(+B@qB~_ _]}  }}//@~\.~H AL  \xd vsVwVVx  V|0 vtv x x_Z!>:<W~\DOzP0zd |{^??/?|0=  =@=x@= @= _ @]@]]{?]A]  _?@???? ?  ?? _]}}}B}c}S}}} @_?]= = =lO?????\>_H0_h@>?@]@]=]]?  ? @> > __]]? ?@===t]_ _A__ __@__ _@?0@? ^^^>==]]@_ _@_ __/] ] ]]]} ]=] ==w_l@_A]  ]/]t_@?Ё_/__/]x/]s@]@]@]]_  __ _A_N_O_0] ]=  ] @== = @?/?? ??__˒B__@?@? @??@?>>>?{?@== ]  ]=p@? ?>Є>/<C<<~>?>_? __0 _ ??  >  > @<< \ |@| @^>> ? ?1A>P \?Z@X@V6  V  V X Z ~?]__ _/_ ] @]  ]= = @? ? ___]@=== ] ]@]]A]}p0 }dO@}d@}d@?}p ] ] @]@] @]  }  }  gGS@P  P~p"^?^G+?' T  @__]@]  }  } ~h~@ ~SЁx_@xcvhVh @Vx V @Vx/X0xzZ @<{<dO\`/AB~@to~ _ ?= ?=  ==@== ] __]  ]]p] ] @_@? ?  ? ? ?@? ? ?  _] ]}g}W߁}7}K}}]/]/] =@= A= ? ??p _0}_ _NoϾ}{@]A]@==  ?  ?  > >^__o]@?A?=@=0?=/]tp_R>_ _ A_  _ ?_ _ _  ? _^^^@>==Ͽ=]@]@__@___ _ _0_/__ _A]  ]?]W __d@@?]?]]|@]h>]?]] ]  ]]t]s?]__ _@__ @__@_ _] ]]@=  =  ==Ѐ=?  ?@??pO_o~___?? @?/?/>??|/? ===  ]=x@=| @??@>_>~<<_ <  >? ?_A_/_@^  > @<< <@\@~@^>> @?  ?>1\ Z?Z@8A8X XZ |~B_2?_?___  ]  ]] == ? @?  __ο_w ]]@]g]S]O }_}o@}}}}{ }|  ]  ]0 ]@] @] @]@] }  }  ?A>L/ L/< G@K~|A^^7'0Bt@@? @_ _π_Ё]@]@]  __@^p/ ^X|`zpo~xgXg@Vh @Vt@V| X @x @ZZ0 |@|>\0^[~oDܻ¾??_ A???  == @== ]]] ]]]t ]k] _@?? > @??@? ? ?? @] ]/ X00da>1/__? ]]= @= ???s?A?N?W{_{pl>}3}[]] = @?  ?  > >^ __|OA_|?@? @==B=O@_?_O _0____ ___@~^ ^@> =  =@=0 ] @]@]__ _@_ @_??__1 _]?]W@]Gd": A ?}/]?]/@]h]@]] ]]/_p_o????  _ _@__/_@__@]= = @= = ==  = @=?_`?=__ _? ? ?????/@?! ? ?=A=@] =@=@?_^^`>@<<  >?> ?__A_@^\ <<< <^^>  > @>>.>O\A\CZ:8Z Z߽\C~ _~___]]  ]  ] @==?  __ _g_C@}k}}h/ }D/@}'+;c@}?}t}g]Ѐ] ] ]@] ]@]  }  }@@[>~KH D3|~^/ÞP  _ ___{__ @_!_@__@_^|a|/|{AZ` AXXXlX XX @z0@\\|^?^޻^?~tTA_?޷ k_??? @==@= @=]]]  ]]  ]]` ] _ ?? >  >?  ?  ? ??@]_ W}sC_ _]/]  = @=?@?|!?/??lNB_?$ @P}]? @? ?>  >^ _  __ ?@? ?? =@___ _ _ _@_  _@__ ~^@^@>  = =@=0A=@@]O]O]P _0_ ?_ ?  ?@?? ? @??]]3 }7  /}  }?}O]O@[| ?[ [ ]]_  _l/>s>? ?_ @_  _ ? ?A? @_?_= =  =  = @=  =  =  =?@_n_t _?@??A? ?@??@?A??  = ===  = ?_0_ ?^п^< <@>@?__~\</<<@>  ^^@> @>  > >1A<΃\\~ZgZpD:ZZ߽\;|~~MBs^ ^/__| @] ]@]] =@] @_  _??\._,?}7cx }hO}D_}(?(@;оo}}N}\/~}k }]] ]} } @]  ]  .?d> ~< ~?π;( ?~pMC^l=~ ^^0^> _ _@_A_ ___ __/_/_ ^N\lo~\k?Zl Z|ZZ@Z@|\@^~^_x_d ~lD>{_A>?>?  ??= @=]@]  ] @]]]lN]!_?? >>  > @???? @?п_gs} P:__~_@]]  ]  ?  ?? ??c}?_D=[>40d!0_ ? ?>>?^^_? @??@? ??A?@_0?_/_/_/@__ ____~  ^ ^>@= = ==@]]]Ѐ] __ _  ????? ?=.]8n}<0|?__ ]}@}}}?@}?{  {@]]__?>l?>s?? __ ?  ???@?? = @= @=@=  =  =  = @=@???߁_{ _A?A??? A? @? ??@? ? ?? @==  === = _ __  _> > >>|> >@^A~|?\\ </ <@>@^_>  >@>@<<?ZXtXWZ\\^w~}~ۮ~}~d@^@^_ހ_w] ] @]  ]  ]@] @_  _??|>?<.?}?3?c {A|O\ H_( ;>}NA}l }}} }}  }@] ]  ]_@  @?T^4O$/0b~A~?^/^1?^?>>> __ ___ A_^  _  __߀^^/^ |P |||c߀~c~^ @^_ _ _A?! _  d_> ~ ~^<<  ?@??@=== =]@]]]/__?A> >>  > @>??  ? ?__p ?_W_L`B}_|._|_ __@_ @_  ?????x_?w?/E_\_}\@l@a  _ ??> >>o^k^{A^ ?@? @?????_ @_@_ _ _| @_|/_@_0_ ^ ^^> ?=@=A= =@] ]@] ]O_ _A?  ??  ? @?=]?}p΁__ ~_Ͽ_ ]A]@}A}  }/}?}0 }/{  ]/_/_A^??p??>?Ё_? ??? ???  ==?=@= =  =  = @=@?0 ?_l?1? ????@?@? ??? ? ? ? = ]=  =  =]_ @_@_ ^>A>  >t A> ^  ^^@\ | @\ \<>>_/_ > @> <}:X~XXZ|Q\O\|^~>~@~~S^l \^{~_G_hA]] ]] @] @] _ ?@? ??`^] //_@}}0}xN}H_A}4O}c}A}t} }}| }}  } @]  ]]A]    @OdOLBh~1}~~@ |P | ?~^^^^ ___ ^ ^^@_ __ _/_ ~ ~~_AAlt@_ _  _@] =  ==]@]@]S?G@~o>|<:  ? ?_0_= == @]]  ]]_!_??> >> @> @>?? ? ?  _O?O_@_ =__0@_/A_p/__@_A_ _@?@? @?A?0??1=?_B_qQ?^^ ??> >>^Ѐ^^_??  ?@?@? @? @? ? ?@?? @_/A_P _@@_@__@^  ^>>  ;  === @=  ]@]A@]A/_?_@?  ? ?  ?  ?=/]/}AA_?___O]]?]}@}@}  } }{}  _ _^0_~?t/>?A? ? ?@?@?@??  ?@=?=?=0= @= @]  ]  =?A?>?1@??@???@@? @? ? @?  ?@? ?? ]]@= @==  ]]_ __ >>>!A>0 \P\0\\߿\|@\<@> ? @_@__@>@<:XV@VZ!\! ^~~ @~^P@=\w \s~^KB<Al] @]]  ] @] @]_ ?@? @? =?]H^ /}o}]@]n}lP}XO}}]O]]] @}}} ] ] ] ]  _ A @?0? ~    ?/~@^ ^@^@?A_A_0 ^ ^ ^@_  ?_0_ ?A@}}}/]?_0 ? ==|  = @=]|]d_8//~bр?|lZѿ:> ?0_0_= =@=] ]@]]A_@??  > >> @>  >? @? ? _  _ ??/_l_[o_Q__|.?l_ __@_???  ???? ??^@^π^>? ?>>>^Ѐ^ϯ^A? A???  ? @?  ?> ? >>A>@^ ^@_^ @^^>>  ==|==@=  =  ]@]>__?_^@>@>? ?=/] ]}}A_/__@]/]O]0 __ @ } }}____?n?p~==? ???A? ?= === =  ]  _  __= ? ? ?A=A== = ?@? ???] A]]A]  = =  [@]] ]_@?@>> < \ z  zZAZ\?^__@_ @__  ^^ \ Z XVAVAZ\^ A @^?\/\c@|C~8/P!}x}@] @] ] ]]@]== = @=  =N=H}8D l@}?]] ]?]O]?]?]]]  []] ] ]]@] ]] __@]@]]  ]}@ @@O@O~^^ @_ @_ ^@^ ^  ^  __ _  _] ]}?}?} ]]  ]  =  = = =  =|?t _\}4/$ ?/သo ZkZA>0^0^_? @?= ]@] @]_? ???@????? ?0_@@_O_/_0@_@ ^_^^?^x >>sA^ ^!?^^/^_?=@?o?g@~_~^`A^^0 > >  > @> >/>/> @>@> ??  ?? @? @? >  >> ?  > > @> >>@___>>> = =/=/= = @=  =  ]]_ @_O_@^ @>  ?  ??? ]]/@]?@]?]A]0_@_  _  }  }  }_@_  __@?@?? =?= =??/?0?? ?  ?= = @=@= ? ?  == =??o_=== ??@???@?{@=@]?=  =@=;  =]]?_?>@>@<@Zzz  XZ/@\?^_ _  _ _  _ ^^ \ ?Z0X~Vx >VAZo\1}^װ@^@~?^/B\/\lO~</?D P }k }Ѐ]A] ] @]]]@]  = @= @=  ==/@]x@} }|}]]A]  ]]/] ?]  ]]] A[ ] @]A]] ]  ]__A_0]?]]?]/]]   >~N~x_^?_^^ ^^ ^  __ ___ ]]A]|/]k}g ]w]@]={=t  ={@= =?|  _h}H/0/$?_@ZO?Z^! ^ ~_?? ? @]  ] @]  ? ? @???@? ? @??  ? ?_  _ ^ ^0@~_~O~A^o>^^w~^ ^^^^_  =  =???xOB?\A_L?^``^!?^@>@> > @>  >  >?  ?  ??@?A??? @?  >  >>  ? @>  > >  >>  _ _??  >^  ?@=  =/=@= @=  ;  ;] ] }  ^  > @> >/?  ?_0_1 ?0 }?]0]?_  _ __   ___ ]@]  ] ]]]0] ]_ __?^/_?@?=  == = @=  = =/=  ]O_o_?_ ?@????  ?/?x/==B?@=  = ?==  =  =  =/_x?>< <  ZzxX@ZZ  \@^ _ _ __ @^^\\ Z/XρX@=Z Z߀\ ^^^^^@tT}7G }s_ _ @_ @_]]] @] @=@= @= =@=|] }}x}x @}}@] ]]]  ]  ]]]0 ]]] ]@_ @__?@__@_]@]  ]/]/__ϠA /A~@^ ^ ?^^@^@^@^^  ^_?= =]/]l? ]p@@]@]]s=s@={ =p  =x @?|  ?|?t/]d?]D/80~T\TOZp3?\~?~^ _@?  ? @_  = @=  ?  ? ??  ?@?  _??@?_^ ^~@~~  ?~>A^_^N^x?^ ^?^ ^A_  _]?0??_^@^Ѐ^>@> >  > > ?@__ __p?w?A?? @?  > >>  > > >>>?@?? @?  ? @?  ^@? ?=@=  = @;  ;;; [} ^ >@> @>>@??_ _ //} } @} ?_ _ ___ @__]]]]A]]]  ]@]_  _@_ __^? @?=== @= @= @= = ] @]A}@O_>? ? @?  ? ?  ? ?t? ??A== = =  ==_@?>< <  Zz  XX XZ@\ @^ ^ _@_  _@_^ ^/\Za?XπXNZ@Z \\߀^^^aC^Q ^@dM8Bd ` _@_  __?/0 /_  ?@? ??/@=k]s }s }s }@}] ] @]]] @]] ]A]] ] _ ?  ? __ _@_  ] @]/]]_ __ϰ ~?^ ^@^^ @>  >@>>> ???@= = ]?] _/_ _p ?h?g@_p A_t  _w@?w?x @=x]`?_X0 ^tA\o|A~~~^ @_@? ?  ?  =  =  ?  ??? @___  __@__^@^ @^ @^ ~@ ^^?^` ^A^^ @^ @_  __????A_ ?^/^>>@>  >  >  >@___ _A_/@_l/?w???  ?  >> >> >?@__ ?  ? @?  ? @?  _1?__==@=@;;  ; ;]]  ^@>  > >  >??  ?  ] @} @ @@} }}/0@_]]]] @]]@] ] @] ]  __@_ @__? ? =/==@= =  =  =  ]  ] }_>@?@??? ???@?| @??= @= = = =  ?  _0@>!@>>\ \0?Z@Z  Z  ZZ  \ @\  ^ @___ _@_ ^A^\kށZ|CZZZZ @\?\  ^ ^ }}g/s0^  _  _   //_@? ? @?  ??[]kЁ}p/}w} } @] @]  ]  ] @] ] ]@]_A_ _ ?  ? @? @?  ?_ @_ _@] ] __π_ _ __@_@_@_ _ __^^?^\  >  >  >>  >?? =  = =  __  _ _t?p  _p@@_xP_?_t_s??{@=|=t  ?t A^B ^o\0 ~ ?~^^_ ? @?? @? =  ?@?  ?/_ _  _@__ _  _ _ ^ ^ ^^@^ ~ۏ۟~^^?^^Ѐ^^^__ _  _ __  >/ >| >> @>  >>@> @__/A_xP _@_?_?_t  ?????? >?  ?_?_._? ?@?  ? ?  _@_]]==@= ;  ; =@=] ?_^> @> > >  ?  ??]@]@}@  } }@}@}/@   _] ] @] == ]  ] @]] _ A_ _  __?? ==/@= ==  =  =  = ]]]@_> @>>??? @????| @?x?| ==  =  =  = ? @_> >@> ^>|ǰA\@\ \ \\  \@\^ @^_ ?  ? ???^^B\!\ \QZ?ZZ\0 \?~}}?LP _   n_cp_? @>@?.?P.@]/~}_}t?}{_ @]@]  ] ]@] _ _ @__/_ _? @?  ?  ? @??_ _]]_?___h @^!^?^ @^  _@_@_ _  __/@^^^^  >  >>  >?? @? @? ?  _ __ _| _|  __ _ _|_t/]t=@=  ?0?^ ^^@^^A^?>?@??  ? = ?@? ?  _  __@__  _ _  _  ^^^ >@^^A~~@^ ^ @^^/^?^^^_п__@_  __ >/A>0> >  >  >> > @__/_ ]  ]?]__x  ?????@??  __A__ @? ?  ?  ?  ? _S }A]]|=@=@= = =@= ?  __ ^ ^ ??? >@?@? ===  ] @]@}}  {{ A@@ ? @_ __ ? @?==@] ]_ _  _  __?= =@==?? ? ?  ? = ] ] ] ??@>>???  ??>  ? ??] ] ] @= @_ ^> >A^"@^~?~@^  ^^  \  \@\>  >>  ?? ?  ??0 ^^A\Q>|~|Cz z @z@|@~?BA@    @`^A_P`_t _ >  > ?h._8?}8@|}?_] ]  ]  }   _  _  __?_ _/? @?  >  > @> ?? _@__ __ _P@^!?^^@>>@? @?  ? @?_/_  ^ ?^@^@^  ^>>?? ? ? @? @_ ___/_ A_?_t__ ] ]0A=@@=@??п>>>>  > >>?  ???  =  ?  ?  ?@?  _ @_@___  _ _ ? ?  ? ??> >^ ?^^^^ _^ ^/@^/^`^_>__@_@_  _ >>@>  >  > @>  >>  _ @_]} @}O@]! ]._?x  ???  ??? A_?_ __@> >  > > > ^4 >}s}]A]@=@= @=  =  ?@?@? >>>>? _@_@? ===@= @] @]]  {{ {@ @//?__? ?=== ]_ __ @_]|@== =@=]_0 _?_/?=  =@= =  ?  ?  > @>?? ? @?>>? @__ @]  ] @]@_@_ A^@^>/A_B/___ ^ ^ \߀> > >@?  ??  ?  ?  ^@^@^~?| ~| zz |@~~0A @￟@  /__?_|_ _ >  >?x@_dq@|o? _0@} }  } }      @__  _?  ?  >  >>@?? @__ _ __ _ \  \^/^ @>0 ?? ? @=?@_/^  ^0 ^@^ @^>>??? ? @? @___ @_/_ @__?_@@_  ]@@]0?]_ ??  >  >@>> >>>  ?  ???  ?  ?  ??? _ _ ____ _  ? @?  ???@>B>/>^^^A__ ^  ^0^=^B_/_  __ _> >>  >>@> > ? @_@_ ]}?}]]_/_/?@?? ? == ]]__ @> >>> > ^PN}C|}}]s@]A===@=  =  ?@? @> > >>_@_@_ ==  =@= = @=]@]}{>  @}// @]]@= @=== =_ _  _ @_@]/]0 =  = =] __@__/_]  ] @]  =@=?@??? ?></<O>/?^w__@__@]  ]@]  ]_  _ @@  _ __  _  ^?^߁> >>>>>  ? ?^ ^^ ^^\\@\\ ~ ~ @ n]  ]] @]_ @__  _@_@_?@??/__ / @ @  __?  ?  ?  ?  ?  ?>> _@_@_ _ _@_ @^ @^  ^ > > >>?@? @_ @_ @_ @^  ^ @^^^?  ??  ?  ? @> @>_ _ @_^/^/_@_  _] ___0?^>  > > >  > > @>?  ?  ??? @> @?/?  ?  ? @__ @_  ____  ?@?  ?  ??? ?_ _ @_@_@]@]  _  _^^ _0@_0 ^ ?^ @^@^  >  >>  >  >  ?  ?_@]@][ {@}}__@_ @_??=  =  =?  ? @>@> >> >> @>n}<=}o}>]d ]=  == @=  =@? @?  > @> < < ?@_@_  ] ] = = = @=] @]]}}}}      }0]0 ]0 ]= =/=]_ _  _ _@]] @]==]]]A___/@_]@= =  =?  ? ?? @? >@</<>/>|P^p^  _@_@_  ?  ]__  _@_@_ __ _ _  _ ^^O^\0\ < ?>> @>@ ??^ ^^^^ ^\ @\\^~~ ~~?~{A_1 _]]Ѐ] ]  _ _@_/_  _? ?@__ ?_    @0 @      __? @?  ?  ?  ? ?@?! ? _/_0 _ @] ]  ]^@^  ^@^  >>>? @?@?@_ @_ @^^ ^^_  ?  ??  ?  ? @> @>_ _@^ ^ ^/^_@_@= _ _0_^>< <  >>  > @>  > ?  ?? > @>?? ?  ?  =@=@_ ___  ? @? @?  ? ?? ?  ?_/_ _ _ @] ]  _  _  ^^ ^ ^ ^^  ^  ^ @>  ?? ?? ??_ ]@] ] [ @]  ]]?_@_@_ _ ?= =  ??@?>@>  >> >> @>B}xC}lr|]]h]s= @==  =  =  ? @?  >  > >@> >{ __]@] ]= = @==  ]]]}  }}}@}  ] ]@]]] @]_ _  _  _]@]@]] =] ?]]Ѐ_ _  _]] ?= =@=  ? ??? ? >< <>> ?>?^^ ??@? ?_ _ _  _  _ __  _ @^  ^^?\A\@\!?\@<>/>?^@^^^ ^O^@^^^  \@^ @^^ ^ A^@~O~_~1?^__/ ] ] ]_@_ _ __/?/? @_0_  _   @  /_ ?      ___  ?  ?  ?  ?  ???_  _] ] ]]_ @^ ^ @^  ^  >>>?  ? ? @^ ^^  ^^_?  ?  ?  ?  ? @> @>@_@_ ^  ^ ^^_  ?= @=__^@^@< @< @>  >  > >  >  >  >>  >>?  ?  ? @? =  =@_@_ ??  ? ? ?  ?  ?  ?  ? ?  _ _ ] ] ]@]  _  _ @^/^ ^ @^ ^ ^ ^ >@> ? > @?  ?  ???@]  ]]  ] ] ]  ]  ]@@_0 _]  ]  =  ?  ?  ?@? @>  >  >>  >> @>Ђ]?]]]> ]t!@=?= =  =  =  ? @?@?  >  >/>/?| _!@_/@}Ѐ}@]] = @==  =]/@]]]~} ]@ @  @} }?] ]  ]] _  __ ] ]@]=@= @=  =  =_@_@_]====  =  = =  ? ??>@>@<  <>>  > > @? @? ? ? ?  _ _ @_@_ _^/^ ^ ^^\@@\ Z@Z  << ^^  ^ ^ ^^ ^ ^^^@^^ @^ @^  ^ ^?\A\/^0^__] ] ] _@__@__?  _ __     ^^ ^A~~~ ~  __ _ @?  ?  ?  ?  ? @?? @?]  ]  ] ]  ]@__ @^ ^ ^ >>>> > >@> @^^  ^^_??  ?  ?  ? @> @> @_  ^ ^ ^  ^  ^^? == ? _ @^@^\ @< >>@>@>  >  > >  >>  >  ??  ? @? @==  _@_@? ?  _@___ ? ?  ?  ? @?  _]  ]  ]@] _ ^@^  ^ @^  ^ ^ > >  > ?@? @? ? ??? @]  ]  = ]  [@]  ]]]  ]  ]]  ?? @? @?  ? > >  >?@?  ??| @] ]|]]]]@= = @=  == ? ?@> > >??_@}}]@]  = @==  ==  ]] ]] ?_Ѐ__?  @   ?} }}?]@]@_ __  _?_]= @= = =  =? _=@===  =  = @= @=@]_ _ _ ^  ^@>  >> >  > @?? @?  ?  ?  ?  ?  _  _ _ ^ ^ ^ ^ \\ @ZпZZZ@\ @\^ ^ @^  ^^  ^  >>>  >>@^  ^^ @\@\@\ \ ^^?  ] ]  ] _  _  _  _  __ _ _ @      _^ @^ ^?~ ~ ~ ^_ _ _  _  ?  ?? ?  ?  ?  ?  = ]  ]]  ] @_ _ @~  ^  \  ^>>>  >  >> @^  ^^ ^__?  ? ?  ? @> @> @>^ @^ ^ @^ ^>  ? ? ??_ @^ ^\ @\^> @>  >  >  >  > >>>?  ?? @? @== = =?? B_@_A___?? ??@?  ?  ]  ]  ]  ] @]  ~^  A~ ^^>? @? ? ? @? ???A? _ ]  ]  ] [ ]  ] ]@] ] ] ]  ?  ?  ? ?@? ??>  ? @? @?  ?@]@]?]x?]t]w?]{@== @=  =  =  ? ?? ?@?  ???_]@]s@]]]@== @=  ==/=0_@@__/__A^A @   /} } @}}  }  ] }/_/_O_0_@_@?==  ?= =@= =  ==  = ] ]@] _  _ @_ _^ @> @>^  ^_@_  ? @?  ?  ?  ? @?  ?  ???  ??  ^^\Zz ?z ZA\ @\  ^@^  ^^^^  >  >  > @>O>0?^  ^<@<@\ @\ \  ^^?  ]  ]  ] _  _  _ _ ___@        __@_ @_?_@_@_  ^ _  _  _ _  _?? ? ?  ?  ?  ?  =  ]  ]  ]@_ _@~  ~  |  \>>>@>  >@> @^  ^^  ^  __?? @? @?@> @>  >> ^ ^  ^>> ? ? ??? ^ ^^ ^^  >  > > @>  >  <@>>>  ??? @?@=  == =@_B_ @_ @___/??@? ? = =@] ]  ] @]   0>~@~~ ~^_ ?? ? @?  ?? _? _____ >]  ]  ]]  ]_  _] @]  ]  =  ?  ?  ?  ?  ? ?  ? @? @? ?_@_@___t_l _? @=  =  =  ?  ?????  ?? ?  =@]p]p @]] ] ] =  = =??? ??^/^ ~ @  /?} }  }}} }_?_  _ @_@_/__ @?=  = @=  =  ==;] @] @]/_ _ @_  __@^ ^ ^  ^_ _ _  _  =?  ? @? @? @???@??  >^@\@Zz޿z zAZ \^ ^^^  ^  ^  >???>/^^>@< \\  \^^_  =  =  =_@_@_  _  _/ @ @      __ @? @___ @_  _@_ _ _ _  __?  ?  ?  ?  ?  ?  ?= ] ] @_ _ @~  ~  |\^>>>  > @^ @^  ^^  ^__?? @? @? @> @> >  > ^  ^^  > >  >  >  >>>  ?___ > >  >  > @>  > @^@^>>??  ?  ? @?  == ]@_ _ȯ_@_?_O<____~y]  =  = @] ]@]@] _    ~~ @?^n^?a? ??__@_A_A_p̠_Ƞ?^/_  ]  ]  ] _@_  __?_  ]  =  =  =  =  =  = ? @? @? @? @?  ? _ _  __A_0 _ _ =  =  = @? ?@???/? @??@? @==?=?] @] ] ] =  ==/?0 ?@@???A^/^ @^ ~@    / }}@}     @~^_  ?== =  =  =  ;  = ]_ _/}} }] __ _@_?_@_  _  _  ==  = @?  _  ?????  ?^\0\0z?zP z0z\ ^^  ^ ^^  ^  ^  ?? ?@?  ^^  > @< \\ \ ^/^/_  ? @=  ?_@_  _@_@_  @/0@    _ __  ? ? _ _ ?_@?@_ @_  _  _  __?  ? >  >  >  ?  ? ? _ _ @_ _ @~  ~  ~  ^^>>  > >^ @^  ^^  ^__  ?? @?  ? @> @>@>  > >  >>  >  >>  >>>>  ?  ? ?_  ?  ? @> @>  > @^  ^ ^  ^>??  ?  ?  ?  ??_xq l?_ _aF_] ]  ] ] ] @] ]  @@^^?@~u@ qP ^_?__XK_q0 _q0>_E_A_dp p?}p  _ ] _  _ _ _@_/__ ]  ]  ]  =  =  ==  = @=  = ? ? _ _ _  _  _|  ___@? ?  ?  =  ?@?  ?? =? ?@?  ? ? ? ?? ??=  =  =  =  = ]] _ _^ ^@^@~   @  @}}}@@___?@=@=  =  =  ]_ _@  @ _@_ _ _@?  ?? ?  _  _  _  _  ? @??@? ^P\@\ ?|z  z ?|@\ A^ ^  ^  ^  ^  ^  >  >  >  > @> >>> @>^@^  ~  ~ @^^^  ?  ?? @?@_@_ _@  @ _  _  __  _  ? _  _ _  ^ @^  __^  ^  > > > >  >  > > > >  >  ^ @^ @^@~ ^^^  >>  >> @> @>  ^^^  ^??  ?  ?  ? @?  >  >  >> > >  >  >  >  >>>  ?  ?  ?  ?  ?  ? @? @? ?^^ ^ >  >?  ??  ? @?  _@_h {5}`~~b_tB __p __ 4_  _  _-y ?__j~ ^> >_s _ ?? ?r _ A  _  __ 6 ? ~A~~/~?__v!P 5/}_  ?  ?? ? ]  ]  ]  _ @__|  __ @_ @?  =  =? @?@?/?  ?  ? ?  ? ?  ?? ?????  ?  =  =  =  = ] @]@_ _^ ^@^^@@  @ @ }  }   Ѐ A/@__s ?=@= @=  =  ]] ]  @ }/    _  _  _  ? ?  ?  ?  _ _  _  _  ? ??/?@^ ^ ||@@|| \ ^  ^  ^  ^  ^  ^  >> >  >  > >  >  >@^^@~  ~ ~ @~^^ ^?? ?  _ @_ @_@@@@   ^ _ __  _  ? _ _  _  ^ @^  _  _^  ^>@> >> > >  >  >  >  >  ^  ^@^ ^ ^ ^  ^  >>  >> >  >  >  ^  ^  >?? ?  ?  ? @?  >  >> > > >  >  >  > > >?  ?  ?  ?  ?  ?  ? @? @? __^ ^ >@>  ?  ?? ? ? _@_@l ~^^?_2~/^Z_ _s >_B_r_lP  _t_?^ 4^p __p _ ?  ??p p  ___|  ~A~~^1_bK__XI_ ? == =]]  ]  ]  ]]  ] @] @] @]  ]  ] =? @?  >  _ _ >  > >  >  ? ??A?0?? ?  ?  =  ]@]@]  _ __@^ _  _@_Ѐ_ _ _ @         @  } ?} }>_@ ]0 = @=@=  =  = ] ]]@}    @ @  _  __?  ? ?@? ?  ?  _  _  ?  ???_ ^@~/   || \@^^  ^ ^  ^@^ ^>? ?  ?  ?  >@^^ @~ @~ @~  ~  ~~  ^  ^_?  ?? @_@_ _ @     ^ ^  _^  ^  ^  ^  _ ^ ^  ^  ^ ^ _  ^ ^^@>  ^  ^ >  >  >  >  >  >  ^  ^  ^ ^ ^  ^  ^  ^>  >>@> >  > ^  ^  >  ??  ?  ?  ? @? @> ?  > @>>  >  >  > >  > > ??  ?  ?  ?  =  ? @?  ? __@^^  > @>  >  ?? ? @_  _ @_@_t QȐ@~x~b~^|O~a___A= /l _z_ 6t@~q@^qO^qO_?_t _  ?  ? ?_`o`?4 ?_@ ~~~B^|__o__ = = =  =]]  ]  ]] ]  ]]@]@]  ]  ] ] @_^ ^ _@^ ^^  > > >  ? ?/? ??  ?  ?  _ ] @] @] _ __  _ ? A?  _ _@_ _ @_  _     @  }  } } @} } @]/]  = =  =  = @]  ]  ]} @   @ @_  _?? ?@?@? ? ??  _  _ ==_ _@_@  ~~ \ @^>  >  >  _  _ __  ?@?  ?  ?  ? ^@^  ~   @~~  ^  ^^? ?? _@_  _ @_  _  ^@^  ^  ^^  ^  ^  ^ @^ ^  ^  ^  ^  ^ _ ^@^^ ^  ^  ^  ^  ^  >  >  >  >  >  ^  ^  ^  ^  ^ @^  ^>  >> @>  >  >  ^  ^  >  ??  ?  ?? @?  >  ?  ?@?> >  >  >  > >@? ??  ?  ?  =  =  = @? @_ __ ^^  > >  >  >__ @_  _ @_~ C~ @p ~מ ^|_st ?__6_ 3_b] _ _A _~? ?? ????^x@^ > > v^ V_ ^ ~_ @_  _@_5  ^|  vw@@/__h_ _A  ]  =  =  = ] ]] ]]|]| ]| ]@[ @[ @[ @] @] @_ _ ^ ^ ^ ^ ^  ^  ^^_@_ _ _@___ _ _ @]  ]  _  __ _@?  ?  ??  _ @_  _ @_          } }  }@}}  ]]]] = @]  ]  ]  ] @]}@     @  __??  ?  ? ? ?  ?  ? @_  _  ==  _ @__    /~^  ^ <  <>  > _ __ _@_  ??  ? @? @_ @  ~      ~~  ^  ^  ^  _ ?  _ @_ @_ _  _  _  __  _ @^  ^  ^ ^^ ^  ^ @^  ^ ^ ^  ^^  _@_ ^^^ @^ @^  ^  ^^  > >  >  >  ^  ^  ^  ^  ^  ^ ^  >  >  >  >  >  > ^ ^  >  ?  ???? @?  >  ?  ? @? @? ? ? ??  ?  ?  ??  ?  =  =  =  =  =?@___^  >  >  ^  ^  _ _  _  _  _  ~ A~.p ~  ^__ ?_=_ h R_A=}A__As_ ?_ ?? ?@>y>a;~~ ~x^ ^<^_  _  _  _ @_x    x  w  __z_h_]w] ]  =  = =  ]  ]  ] ]] ]@] ] ]  ]@] @] @] @_ _ _  __  ^  ^  ^  ^__ @_ @_ _ ___  ?  ? @]  ]  _  ___@? @?  ?  ?  ? @_ _@_          }}}@}}}]]] @]@]  ]  ]  ] @]@]@ @    _  ?  ? ? ? ? ?  ?  ?  ? @_  _  __ _ @__ _@ _ ^@^ < <>>  _ __  _@_  _?  ? @_ @_ @       ~~^  ^^  ^  ^ @_ @_  _ ^__ _  _  ^ @^ @^  ^  ^  ^^  ^  ^  ^  ^ ^  ^  ^  ^  _ @^  ^^ ^@^  ^  ^  ^  ^  ^  ^  >  ^  ^  ^  ^  ^  ^ ^ >  >  >  >  > >  >  >  ^  >  ?  ??  ?  ?  ?  >  >  ?  ? @???@? @?  ?  ?  ??  =  =  =  =  = = @? ? _ ? ? ?  >  ^  ^ _  _       ~  ~ ?~~A~~ ?^____ @_A___= =A]Q_ 5_t_??? ? ?  ?@> > ?>  >  > ^^  ^_ @_  _  _ @__ __ _ _>___ _  __]]=  =  =  =  =  ]]  ]  ]]  ]@] ] ]] @] @]@]@]@_@_ __ _  _ _ _  _   @   ___ ?  ? @=  =  _  _ _/_ = @=  ?  ?  _ @_  _       }} _  _  _@ / }@}} ]  ]]]  ]  ]  ]  ] @]  ]  ] }@} }} _ _  ?  ?  ? ? ?  ? ? ? @?  _  _  _  _  _  _ @_ _@___  ^@> < < >^  ___ _ _  __ @_ @_  _@ @  ~ ~~^ ^  ^^  ^  ^@_@_^^ __  _  ^ _@^  ^  ^ ^ ^ ^  ^  ^  ^  ^  ^  ^  ^  ^ _  ^  ^  ^  ^  ^  ^^  ^  ^  ^  ^  ^  ^^  ^  ^  >>  >  >  >  >  > > > > > @^  >  ?  ??  ?  ?  ?  >  ?  ?  ?  ? ? ?  ?@?  ?  ?  ??  =  =  =  =  =  =  =  ? @? @? ? ?  >  _  ^  _       ?~ ~ ~~~ ?_ ___? __  _  ?A= ?=@= ?q A_??  >  ?  ? > > >@>  < < @^ ^^B_ _ _ _ @_  }] ?] ]  _ A_  _?_  _ ?__ _ _ ?= ?= ?= = = = =